Godot Engine v4.7.2.stable.official.ed1daf0bf - https://godotengine.org

[   0% ] [90m[1mfirst_scan_filesystem[22m | Started Projektinitialisierung (5 steps)[39m[0m
[   0% ] [90m[1mfirst_scan_filesystem[22m | Lese Dateistrucktur …[39m[0m
[  16% ] [90m[1mfirst_scan_filesystem[22m | Globale Klassennamen laden …[39m[0m
[  33% ] [90m[1mfirst_scan_filesystem[22m | Verifiziere GDExtensions…[39m[0m
[  50% ] [90m[1mfirst_scan_filesystem[22m | Autoload-Skripte erzeugen …[39m[0m
[  66% ] [90m[1mfirst_scan_filesystem[22m | Plugins initialisieren…[39m[0m
[  83% ] [90m[1mfirst_scan_filesystem[22m | Dateiscan starten …[39m[0m
[92m[ DONE ][39m [1mfirst_scan_filesystem[22m
[0m
[   0% ] [90m[1mupdate_scripts_classes[22m | Started Globale Klassen registrieren … (4 steps)[39m[0m
[   0% ] [90m[1mupdate_scripts_classes[22m | Listener[39m[0m
[  20% ] [90m[1mupdate_scripts_classes[22m | NullspaceSection[39m[0m
[  40% ] [90m[1mupdate_scripts_classes[22m | SectionSound[39m[0m
[  60% ] [90m[1mupdate_scripts_classes[22m | [39m[0m
[92m[ DONE ][39m [1mupdate_scripts_classes[22m
[0m
[   0% ] [90m[1m_update_scan_actions[22m | Started Aktionen scannen … (18 steps)[39m[0m
[   0% ] [90m[1m_update_scan_actions[22m | air.wav[39m[0m
[   5% ] [90m[1m_update_scan_actions[22m | attack.wav[39m[0m
[  10% ] [90m[1m_update_scan_actions[22m | breaker.wav[39m[0m
[  15% ] [90m[1m_update_scan_actions[22m | carpet_0.wav[39m[0m
[  21% ] [90m[1m_update_scan_actions[22m | carpet_1.wav[39m[0m
[  26% ] [90m[1m_update_scan_actions[22m | carpet_2.wav[39m[0m
[  31% ] [90m[1m_update_scan_actions[22m | carpet_3.wav[39m[0m
[  36% ] [90m[1m_update_scan_actions[22m | door.wav[39m[0m
[  42% ] [90m[1m_update_scan_actions[22m | hum_0.wav[39m[0m
[  47% ] [90m[1m_update_scan_actions[22m | hum_1.wav[39m[0m
[  52% ] [90m[1m_update_scan_actions[22m | hum_2.wav[39m[0m
[  57% ] [90m[1m_update_scan_actions[22m | hurt.wav[39m[0m
[  63% ] [90m[1m_update_scan_actions[22m | listener_breath.wav[39m[0m
[  68% ] [90m[1m_update_scan_actions[22m | listener_step_0.wav[39m[0m
[  73% ] [90m[1m_update_scan_actions[22m | listener_step_1.wav[39m[0m
[  78% ] [90m[1m_update_scan_actions[22m | listener_step_2.wav[39m[0m
[  84% ] [90m[1m_update_scan_actions[22m | listener_step_3.wav[39m[0m
[  89% ] [90m[1m_update_scan_actions[22m | listener_gameplay.glb[39m[0m
[92m[ DONE ][39m [1m_update_scan_actions[22m
[0m
[   0% ] [90m[1mreimport[22m | Started Assets (erneut) importieren (21 steps)[39m[0m
[   0% ] [90m[1mreimport[22m | Dateien zum Neuimport vorbereiten …[39m[0m
[   4% ] [90m[1mreimport[22m | Dateien zum Neuimport vorbereiten …[39m[0m
[   9% ] [90m[1mreimport[22m | Dateien zum Neuimport vorbereiten …[39m[0m
[  13% ] [90m[1mreimport[22m | Dateien zum Neuimport vorbereiten …[39m[0m
[  18% ] [90m[1mreimport[22m | Dateien zum Neuimport vorbereiten …[39m[0m
[  22% ] [90m[1mreimport[22m | Dateien zum Neuimport vorbereiten …[39m[0m
[  27% ] [90m[1mreimport[22m | Dateien zum Neuimport vorbereiten …[39m[0m
[  31% ] [90m[1mreimport[22m | Dateien zum Neuimport vorbereiten …[39m[0m
[  36% ] [90m[1mreimport[22m | Dateien zum Neuimport vorbereiten …[39m[0m
[  40% ] [90m[1mreimport[22m | Dateien zum Neuimport vorbereiten …[39m[0m
[  45% ] [90m[1mreimport[22m | Dateien zum Neuimport vorbereiten …[39m[0m
[  50% ] [90m[1mreimport[22m | Dateien zum Neuimport vorbereiten …[39m[0m
[  54% ] [90m[1mreimport[22m | Dateien zum Neuimport vorbereiten …[39m[0m
[  59% ] [90m[1mreimport[22m | Dateien zum Neuimport vorbereiten …[39m[0m
[  63% ] [90m[1mreimport[22m | Dateien zum Neuimport vorbereiten …[39m[0m
[  68% ] [90m[1mreimport[22m | Dateien zum Neuimport vorbereiten …[39m[0m
[  72% ] [90m[1mreimport[22m | Dateien zum Neuimport vorbereiten …[39m[0m
[  77% ] [90m[1mreimport[22m | Dateien zum Neuimport vorbereiten …[39m[0m
[  81% ] [90m[1mreimport[22m | Dateien zum Neuimport vorbereiten …[39m[0m
[  86% ] [90m[1mreimport[22m | Dateien zum Neuimport vorbereiten …[39m[0m
[  90% ] [90m[1mreimport[22m | Dateien zum Neuimport vorbereiten …[39m[0m
[   0% ] [90m[1mreimport[22m | Vor-Neuimport-Operationen ausführen …[39m[0m
[   0% ] [90m[1mpreload_reimporting_scene[22m | Started Szenen zum Neuladen vorbereiten (1 steps)[39m[0m
[   0% ] [90m[1mpreload_reimporting_scene[22m | Szene [leer] wird analysiert[39m[0m
[  50% ] [90m[1mpreload_reimporting_scene[22m | Vorbereitung abgeschlossen.[39m[0m
[92m[ DONE ][39m [1mpreload_reimporting_scene[22m
[0m
[   0% ] [90m[1mreimport[22m | listener_gameplay_listener_skin_normal.png[39m[0m
[   4% ] [90m[1mreimport[22m | listener_gameplay_listener_skin_orm.png[39m[0m
[   9% ] [90m[1mreimport[22m | listener_gameplay_listener_skin_basecolor.png[39m[0m
[  13% ] [90m[1mreimport[22m | listener_gameplay_listener_skin_normal.png[39m[0m
[  18% ] [90m[1mreimport[22m | listener_gameplay_listener_skin_orm.png[39m[0m
[  22% ] [90m[1mreimport[22m | listener_gameplay_listener_skin_basecolor.png[39m[0m
[  27% ] [90m[1mreimport[22m | listener_step_3.wav[39m[0m
[  31% ] [90m[1mreimport[22m | listener_step_2.wav[39m[0m
[  36% ] [90m[1mreimport[22m | listener_step_1.wav[39m[0m
[  40% ] [90m[1mreimport[22m | listener_step_0.wav[39m[0m
[  45% ] [90m[1mreimport[22m | listener_breath.wav[39m[0m
[  50% ] [90m[1mreimport[22m | hurt.wav[39m[0m
[  54% ] [90m[1mreimport[22m | hum_2.wav[39m[0m
[  59% ] [90m[1mreimport[22m | hum_1.wav[39m[0m
[  63% ] [90m[1mreimport[22m | hum_0.wav[39m[0m
[  68% ] [90m[1mreimport[22m | door.wav[39m[0m
[  72% ] [90m[1mreimport[22m | carpet_3.wav[39m[0m
[  77% ] [90m[1mreimport[22m | carpet_2.wav[39m[0m
[  81% ] [90m[1mreimport[22m | carpet_1.wav[39m[0m
[  86% ] [90m[1mreimport[22m | carpet_0.wav[39m[0m
[  90% ] [90m[1mreimport[22m | listener_gameplay.glb[39m[0m
[   0% ] [90m[1mimport[22m | Started Szene importieren (104 steps)[39m[0m
[   0% ] [90m[1mimport[22m | Importiere Szene…[39m[0m
[   1% ] [90m[1mimport[22m | Eigenes Skript wird ausgeführt …[39m[0m
[  99% ] [90m[1mimport[22m | Speichern …[39m[0m
[92m[ DONE ][39m [1mimport[22m
[0m
[  95% ] [90m[1mreimport[22m | Asset-Import fertigstellen …[39m[0m
[92m[ DONE ][39m [1mreimport[22m
[0m
[   0% ] [90m[1mreimport[22m | Started Assets (erneut) importieren (21 steps)[39m[0m
[   0% ] [90m[1mreimport[22m | Nach-Neuimport-Operationen ausführen …[39m[0m
[92m[ DONE ][39m [1mreimport[22m
[0m
[   0% ] [90m[1mloading_editor_layout[22m | Started Editor laden (5 steps)[39m[0m
[   0% ] [90m[1mloading_editor_layout[22m | Editor-Layout laden …[39m[0m
[  16% ] [90m[1mloading_editor_layout[22m | Docks laden …[39m[0m
[92m[ DONE ][39m [1mloading_editor_layout[22m
[0m
