[in#0/x11grab @ 0x55899b2ef500] Stream #0: not enough frames to estimate rate; consider increasing probesize
Input #0, x11grab, from ':2':
  Duration: N/A, start: 1788575998.604969, bitrate: 3981312 kb/s
  Stream #0:0: Video: rawvideo (BGR[0] / 0x524742), bgr0, 1920x1080, 3981312 kb/s, 60 fps, 1000k tbr, 1000k tbn, start 1788575998.604969
[aist#1:0/pcm_s16le @ 0x55899b300140] Guessed Channel Layout: stereo
Input #1, pulse, from 'nullspace_qa_b414b75cf5be0319.monitor':
  Duration: N/A, start: 1788575998.647237, bitrate: 1536 kb/s
  Stream #1:0: Audio: pcm_s16le, 48000 Hz, stereo, s16, 1536 kb/s, start 1788575998.647237
Stream mapping:
  Stream #0:0 -> #0:0 (rawvideo (native) -> h264 (libx264))
  Stream #1:0 -> #0:1 (pcm_s16le (native) -> flac (native))
[libx264 @ 0x55899b302880] using cpu capabilities: MMX2 SSE2Fast SSSE3 SSE4.2 AVX FMA3 BMI2 AVX2
[libx264 @ 0x55899b302880] profile Constrained Baseline, level 4.2, 4:2:0, 8-bit
[libx264 @ 0x55899b302880] 264 - core 165 r3222 b35605a - H.264/MPEG-4 AVC codec - Copyleft 2003-2025 - http://www.videolan.org/x264.html - options: cabac=0 ref=1 deblock=0:0:0 analyse=0:0 me=dia subme=0 psy=1 psy_rd=1.00:0.00 mixed_ref=0 me_range=16 chroma_me=1 trellis=0 8x8dct=0 cqm=0 deadzone=21,11 fast_pskip=1 chroma_qp_offset=0 threads=18 lookahead_threads=3 sliced_threads=0 nr=0 decimate=1 interlaced=0 bluray_compat=0 constrained_intra=0 bframes=0 weightp=0 keyint=250 keyint_min=25 scenecut=0 intra_refresh=0 rc=crf mbtree=0 crf=18.0 qcomp=0.60 qpmin=0 qpmax=69 qpstep=4 ip_ratio=1.40 aq=0
Output #0, matroska, to '/home/marius/Projekte/Dev/NULLSPACE/evidence/section/solo-e/prewarm-native-01/01-shot-door.mkv':
  Metadata:
    encoder         : Lavf62.12.102
  Stream #0:0: Video: h264 (H264 / 0x34363248), yuv420p(tv, progressive), 1920x1080, q=2-31, 60 fps, 1k tbn
    Metadata:
      encoder         : Lavc62.28.102 libx264
    Side data:
      CPB properties: bitrate max/min/avg: 0/0/0 buffer size: 0 vbv_delay: N/A
  Stream #0:1: Audio: flac ([172][241][0][0] / 0xF1AC), 48000 Hz, stereo, s16, 128 kb/s
    Metadata:
      encoder         : Lavc62.28.102 flac
frame=   17 fps=0.0 q=11.0 size=       1KiB time=00:00:00.28 bitrate=  22.2kbits/s dup=4 drop=2 speed=0.567x elapsed=0:00:00.50    frame=   47 fps= 47 q=13.0 size=       1KiB time=00:00:00.78 bitrate=   8.0kbits/s dup=4 drop=2 speed=0.783x elapsed=0:00:01.00    frame=   76 fps= 51 q=12.0 size=       1KiB time=00:00:01.26 bitrate=   5.0kbits/s dup=4 drop=2 speed=0.844x elapsed=0:00:01.50    frame=  107 fps= 53 q=11.0 size=       1KiB time=00:00:01.78 bitrate=   3.5kbits/s dup=4 drop=2 speed=0.892x elapsed=0:00:02.00    frame=  137 fps= 55 q=10.0 size=       1KiB time=00:00:02.28 bitrate=   2.8kbits/s dup=4 drop=2 speed=0.913x elapsed=0:00:02.50    frame=  167 fps= 56 q=10.0 size=       1KiB time=00:00:02.78 bitrate=   2.3kbits/s dup=4 drop=2 speed=0.928x elapsed=0:00:03.00    frame=  197 fps= 56 q=10.0 size=       1KiB time=00:00:03.28 bitrate=   1.9kbits/s dup=4 drop=2 speed=0.938x elapsed=0:00:03.50    frame=  227 fps= 57 q=10.0 size=       1KiB time=00:00:03.78 bitrate=   1.7kbits/s dup=4 drop=2 speed=0.946x elapsed=0:00:04.00    frame=  257 fps= 57 q=10.0 size=    1024KiB time=00:00:04.28 bitrate=1958.4kbits/s dup=4 drop=2 speed=0.952x elapsed=0:00:04.50    frame=  287 fps= 57 q=10.0 size=    1024KiB time=00:00:04.78 bitrate=1753.7kbits/s dup=4 drop=2 speed=0.957x elapsed=0:00:05.00    frame=  317 fps= 58 q=10.0 size=    1024KiB time=00:00:05.28 bitrate=1587.7kbits/s dup=4 drop=2 speed=0.96x elapsed=0:00:05.50    frame=  360 fps= 60 q=-1.0 size=    1024KiB time=N/A bitrate=N/A dup=4 drop=2 speed=N/A elapsed=0:00:06.00    [out#0/matroska @ 0x55899b301e80] video:1144KiB audio:61KiB subtitle:0KiB other streams:0KiB global headers:0KiB muxing overhead: 0.306945%
frame=  360 fps= 60 q=-1.0 Lsize=    1209KiB time=00:00:05.99 bitrate=1651.0kbits/s dup=4 drop=2 speed=0.996x elapsed=0:00:06.02    
[libx264 @ 0x55899b302880] frame I:2     Avg QP:11.50  size: 42590
[libx264 @ 0x55899b302880] frame P:358   Avg QP:10.86  size:  3033
[libx264 @ 0x55899b302880] mb I  I16..4: 100.0%  0.0%  0.0%
[libx264 @ 0x55899b302880] mb P  I16..4:  3.6%  0.0%  0.0%  P16..4:  3.7%  0.0%  0.0%  0.0%  0.0%    skip:92.7%
[libx264 @ 0x55899b302880] coded y,uvDC,uvAC intra: 11.3% 25.4% 17.3% inter: 1.1% 0.6% 0.1%
[libx264 @ 0x55899b302880] i16 v,h,dc,p: 90%  7%  2%  1%
[libx264 @ 0x55899b302880] i8c dc,h,v,p: 70% 12% 17%  1%
[libx264 @ 0x55899b302880] kb/s:1561.23
