[in#0/x11grab @ 0x5561adbf0500] Stream #0: not enough frames to estimate rate; consider increasing probesize
Input #0, x11grab, from ':2':
  Duration: N/A, start: 1788560654.120806, bitrate: 3981312 kb/s
  Stream #0:0: Video: rawvideo (BGR[0] / 0x524742), bgr0, 1920x1080, 3981312 kb/s, 60 fps, 1000k tbr, 1000k tbn, start 1788560654.120806
[aist#1:0/pcm_s16le @ 0x5561adc01140] Guessed Channel Layout: stereo
Input #1, pulse, from 'nullspace_qa_d03a2dd86c502007.monitor':
  Duration: N/A, start: 1788560654.173266, bitrate: 1536 kb/s
  Stream #1:0: Audio: pcm_s16le, 48000 Hz, stereo, s16, 1536 kb/s, start 1788560654.173266
Stream mapping:
  Stream #0:0 -> #0:0 (rawvideo (native) -> h264 (libx264))
  Stream #1:0 -> #0:1 (pcm_s16le (native) -> flac (native))
[libx264 @ 0x5561adc03880] using cpu capabilities: MMX2 SSE2Fast SSSE3 SSE4.2 AVX FMA3 BMI2 AVX2
[libx264 @ 0x5561adc03880] profile Constrained Baseline, level 4.2, 4:2:0, 8-bit
[libx264 @ 0x5561adc03880] 264 - core 165 r3222 b35605a - H.264/MPEG-4 AVC codec - Copyleft 2003-2025 - http://www.videolan.org/x264.html - options: cabac=0 ref=1 deblock=0:0:0 analyse=0:0 me=dia subme=0 psy=1 psy_rd=1.00:0.00 mixed_ref=0 me_range=16 chroma_me=1 trellis=0 8x8dct=0 cqm=0 deadzone=21,11 fast_pskip=1 chroma_qp_offset=0 threads=18 lookahead_threads=3 sliced_threads=0 nr=0 decimate=1 interlaced=0 bluray_compat=0 constrained_intra=0 bframes=0 weightp=0 keyint=250 keyint_min=25 scenecut=0 intra_refresh=0 rc=crf mbtree=0 crf=18.0 qcomp=0.60 qpmin=0 qpmax=69 qpstep=4 ip_ratio=1.40 aq=0
Output #0, matroska, to '/home/marius/Projekte/Dev/NULLSPACE-worktrees/environment-art/evidence/environment/m4/native-m4-02/controlled_movement.mkv':
  Metadata:
    encoder         : Lavf62.12.102
  Stream #0:0: Video: h264 (H264 / 0x34363248), yuv420p(tv, progressive), 1920x1080, q=2-31, 60 fps, 1k tbn
    Metadata:
      encoder         : Lavc62.28.102 libx264
    Side data:
      CPB properties: bitrate max/min/avg: 0/0/0 buffer size: 0 vbv_delay: N/A
  Stream #0:1: Audio: flac ([172][241][0][0] / 0xF1AC), 48000 Hz, stereo, s16, 128 kb/s
    Metadata:
      encoder         : Lavc62.28.102 flac
frame=   16 fps=0.0 q=15.0 size=       1KiB time=00:00:00.26 bitrate=  23.6kbits/s dup=10 drop=5 speed=0.533x elapsed=0:00:00.50    frame=   44 fps= 44 q=18.0 size=       1KiB time=00:00:00.73 bitrate=   8.6kbits/s dup=24 drop=5 speed=0.733x elapsed=0:00:01.00    frame=   76 fps= 51 q=11.0 size=       1KiB time=00:00:01.26 bitrate=   5.0kbits/s dup=39 drop=5 speed=0.844x elapsed=0:00:01.50    frame=  105 fps= 52 q=11.0 size=       1KiB time=00:00:01.75 bitrate=   3.6kbits/s dup=49 drop=9 speed=0.875x elapsed=0:00:02.00    frame=  137 fps= 55 q=11.0 size=       1KiB time=00:00:02.28 bitrate=   2.8kbits/s dup=59 drop=14 speed=0.913x elapsed=0:00:02.50    frame=  166 fps= 55 q=10.0 size=       1KiB time=00:00:02.76 bitrate=   2.3kbits/s dup=65 drop=60 speed=0.921x elapsed=0:00:03.00    frame=  198 fps= 57 q=10.0 size=       1KiB time=00:00:03.30 bitrate=   1.9kbits/s dup=65 drop=63 speed=0.942x elapsed=0:00:03.50    frame=  224 fps= 56 q=11.0 size=       1KiB time=00:00:03.73 bitrate=   1.7kbits/s dup=71 drop=64 speed=0.933x elapsed=0:00:04.00    frame=  256 fps= 57 q=11.0 size=    4864KiB time=00:00:04.26 bitrate=9338.9kbits/s dup=80 drop=67 speed=0.948x elapsed=0:00:04.50    frame=  285 fps= 57 q=11.0 size=    4864KiB time=00:00:04.75 bitrate=8388.6kbits/s dup=91 drop=67 speed=0.949x elapsed=0:00:05.00    frame=  316 fps= 57 q=11.0 size=    4864KiB time=00:00:05.26 bitrate=7565.7kbits/s dup=103 drop=67 speed=0.957x elapsed=0:00:05.50    frame=  344 fps= 57 q=11.0 size=    4864KiB time=00:00:05.73 bitrate=6949.9kbits/s dup=113 drop=67 speed=0.955x elapsed=0:00:06.00    frame=  375 fps= 58 q=11.0 size=    4864KiB time=00:00:06.25 bitrate=6375.3kbits/s dup=121 drop=71 speed=0.961x elapsed=0:00:06.50    frame=  407 fps= 58 q=11.0 size=    4864KiB time=00:00:06.78 bitrate=5874.1kbits/s dup=131 drop=76 speed=0.969x elapsed=0:00:07.00    frame=  436 fps= 58 q=11.0 size=    4864KiB time=00:00:07.26 bitrate=5483.4kbits/s dup=141 drop=76 speed=0.968x elapsed=0:00:07.50    frame=  467 fps= 58 q=11.0 size=    4864KiB time=00:00:07.78 bitrate=5119.4kbits/s dup=154 drop=77 speed=0.972x elapsed=0:00:08.00    frame=  494 fps= 58 q=11.0 size=    4864KiB time=00:00:08.23 bitrate=4839.6kbits/s dup=158 drop=82 speed=0.968x elapsed=0:00:08.50    frame=  524 fps= 58 q=11.0 size=    5376KiB time=00:00:08.73 bitrate=5042.8kbits/s dup=163 drop=85 speed=0.97x elapsed=0:00:09.00    frame=  557 fps= 59 q=11.0 size=    5376KiB time=00:00:09.28 bitrate=4744.0kbits/s dup=164 drop=90 speed=0.977x elapsed=0:00:09.50    frame=  598 fps= 60 q=-1.0 size=    5376KiB time=N/A bitrate=N/A dup=164 drop=98 speed=N/A elapsed=0:00:10.00    [out#0/matroska @ 0x5561adc02e80] video:5733KiB audio:1KiB subtitle:0KiB other streams:0KiB global headers:0KiB muxing overhead: 0.098859%
frame=  600 fps= 60 q=-1.0 Lsize=    5740KiB time=00:00:10.00 bitrate=4702.3kbits/s dup=164 drop=98 speed=0.993x elapsed=0:00:10.06    
[libx264 @ 0x5561adc03880] frame I:3     Avg QP:10.33  size:164355
[libx264 @ 0x5561adc03880] frame P:597   Avg QP:11.40  size:  9007
[libx264 @ 0x5561adc03880] mb I  I16..4: 100.0%  0.0%  0.0%
[libx264 @ 0x5561adc03880] mb P  I16..4:  3.3%  0.0%  0.0%  P16..4: 14.2%  0.0%  0.0%  0.0%  0.0%    skip:82.5%
[libx264 @ 0x5561adc03880] coded y,uvDC,uvAC intra: 23.6% 27.1% 16.0% inter: 5.0% 2.2% 0.0%
[libx264 @ 0x5561adc03880] i16 v,h,dc,p: 63% 14% 14%  9%
[libx264 @ 0x5561adc03880] i8c dc,h,v,p: 76% 13% 10%  1%
[libx264 @ 0x5561adc03880] kb/s:4695.96
