Date: 2026-09-05 CEST
[00:30:21.189] weston 15.0.1
               https://wayland.freedesktop.org
               Bug reports to: https://gitlab.freedesktop.org/wayland/weston/issues/
               Build: 15.0.1
[00:30:21.189] Command line: /home/marius/.local/share/nullspace/toolchains/weston-15.0.1-fedora44/usr/bin/weston --backend=headless --renderer=gl --fake-seat --no-config --socket=wayland-private --width=1920 --height=1080 --refresh-rate=60000 --idle-time=0 --shell=kiosk-shell.so
[00:30:21.189] OS: Linux, 7.1.12-200.fc44.x86_64, #1 SMP PREEMPT_DYNAMIC Fri Aug 28 14:00:18 UTC 2026, x86_64
[00:30:21.189] Flight recorder: enabled, scopes subscribed: log
[00:30:21.189] Starting with no config file.
[00:30:21.189] Output repaint window is 7 ms maximum.
[00:30:21.189] Loading module '/home/marius/.local/share/nullspace/toolchains/weston-15.0.1-fedora44/usr/lib64/libweston-15/headless-backend.so'
[00:30:21.196] Loading module '/home/marius/.local/share/nullspace/toolchains/weston-15.0.1-fedora44/usr/lib64/libweston-15/gl-renderer.so'
[00:30:21.222] Using rendering device: /dev/dri/renderD128
[00:30:21.227] EGL version: 1.5
[00:30:21.227] EGL vendor: Mesa Project
[00:30:21.227] EGL client APIs: OpenGL OpenGL_ES 
[00:30:21.228] EGL features:
               EGL Wayland extension: no
               context priority: yes
               buffer age: no
               partial update: no
               swap buffers with damage: no
               configless context: yes
               surfaceless context: yes
               dmabuf support: modifiers
               fence sync: yes (native, wait)
[00:30:21.229] GL version: OpenGL ES 3.2 Mesa 26.1.8
[00:30:21.229] GLSL version: OpenGL ES GLSL ES 3.20
[00:30:21.229] GL vendor: AMD
[00:30:21.229] GL renderer: AMD Radeon 660M (radeonsi, rembrandt, ACO, DRM 3.64, 7.1.12-200.fc44.x86_64)
[00:30:21.241] GL ES 3.2 - renderer features:
               read-back format: ARGB8888
               glReadPixels supports y-flip: yes
               glReadPixels supports PBO: yes
               wl_shm 10 bpc formats: yes
               wl_shm 16 bpc formats: yes
               wl_shm half-float formats: yes
               internal R and RG formats: yes
               OES_EGL_image_external: yes
               GPU timeline: yes
               Texture immutability: yes
               Required precision: yes
[00:30:21.241] Using GL renderer
[00:30:21.241] Registered plugin API 'weston_windowed_output_api_headless_v2' of size 16
[00:30:21.241] Color manager: no-op
                 protocol support: no
[00:30:21.241] Output 'headless' attempts EOTF mode SDR and colorimetry mode default.
[00:30:21.241] Output 'headless' using color profile: stock sRGB color profile
[00:30:21.242] Output 'headless' enabled with head(s) headless
[00:30:21.242] Compositor capabilities:
               arbitrary surface rotation: yes
               screen capture uses y-flip: yes
               cursor planes: no
               arbitrary resolutions: no
               view mask clipping: yes
               explicit sync: yes
               color operations: yes
               color representation: yes
               presentation clock: CLOCK_MONOTONIC_RAW, id 4
               presentation clock resolution: 0.000000001 s
[00:30:21.242] Loading module '/home/marius/.local/share/nullspace/toolchains/weston-15.0.1-fedora44/usr/lib64/weston/kiosk-shell.so'
[00:30:26.849] caught signal 15
