Godot Engine v4.7.2.stable.official.ed1daf0bf - https://godotengine.org

[   0% ] [90m[1mfirst_scan_filesystem[22m | Started Project initialization (5 steps)[39m[0m
[   0% ] [90m[1mfirst_scan_filesystem[22m | Scanning file structure...[39m[0m
[  16% ] [90m[1mfirst_scan_filesystem[22m | Loading global class names...[39m[0m
[  33% ] [90m[1mfirst_scan_filesystem[22m | Verifying GDExtensions...[39m[0m
[  50% ] [90m[1mfirst_scan_filesystem[22m | Creating autoload scripts...[39m[0m
[  66% ] [90m[1mfirst_scan_filesystem[22m | Initializing plugins...[39m[0m
[  83% ] [90m[1mfirst_scan_filesystem[22m | Starting file scan...[39m[0m
[92m[ DONE ][39m [1mfirst_scan_filesystem[22m
[0m
[   0% ] [90m[1msavepack[22m | Started Packing (102 steps)[39m[0m
[   1% ] [90m[1msavepack[22m | Storing File: res://core/config/game_tuning.gdc[39m[0m
[   4% ] [90m[1msavepack[22m | Storing File: res://core/config/quality_profile.gdc[39m[0m
[   7% ] [90m[1msavepack[22m | Storing File: res://core/events/event_hub.gdc[39m[0m
[  11% ] [90m[1msavepack[22m | Storing File: res://core/events/perception_observation.gdc[39m[0m
[  14% ] [90m[1msavepack[22m | Storing File: res://core/events/shot_event.gdc[39m[0m
[  17% ] [90m[1msavepack[22m | Storing File: res://core/events/shot_hit.gdc[39m[0m
[  21% ] [90m[1msavepack[22m | Storing File: res://core/events/sound_event.gdc[39m[0m
[  24% ] [90m[1msavepack[22m | Storing File: res://core/flow/game_flow.gdc[39m[0m
[  27% ] [90m[1msavepack[22m | Storing File: res://core/input/input_gate.gdc[39m[0m
[  31% ] [90m[1msavepack[22m | Storing File: res://core/persistence/atomic_json_store.gdc[39m[0m
[  33% ] [90m[1msavepack[22m | Storing File: res://core/persistence/checkpoint_restore_participant.gdc[39m[0m
[  36% ] [90m[1msavepack[22m | Storing File: res://core/persistence/checkpoint_system.gdc[39m[0m
[  40% ] [90m[1msavepack[22m | Storing File: res://core/persistence/restore_barrier.gdc[39m[0m
[  43% ] [90m[1msavepack[22m | Storing File: res://core/persistence/restore_context.gdc[39m[0m
[  46% ] [90m[1msavepack[22m | Storing File: res://core/persistence/save_system.gdc[39m[0m
[  50% ] [90m[1msavepack[22m | Storing File: res://core/persistence/snapshot_schema.gdc[39m[0m
[  53% ] [90m[1msavepack[22m | Storing File: res://core/persistence/storage_result.gdc[39m[0m
[  56% ] [90m[1msavepack[22m | Storing File: res://core/settings/settings_manager.gdc[39m[0m
[  60% ] [90m[1msavepack[22m | Storing File: res://core/settings/settings_schema.gdc[39m[0m
[  63% ] [90m[1msavepack[22m | Storing File: res://core/telemetry/telemetry.gdc[39m[0m
[  66% ] [90m[1msavepack[22m | Storing File: res://core/time/simulation_clock.gdc[39m[0m
[  69% ] [90m[1msavepack[22m | Storing File: res://core/time/simulation_stamp.gdc[39m[0m
[  72% ] [90m[1msavepack[22m | Storing File: res://.godot/exported/133200997/export-b7e868376ec453a2144346124b0b2d96-high.res[39m[0m
[  75% ] [90m[1msavepack[22m | Storing File: res://.godot/exported/133200997/export-82f8b0ce203af5d262ba21c648706356-low.res[39m[0m
[  79% ] [90m[1msavepack[22m | Storing File: res://.godot/exported/133200997/export-d45564cfb3f0652718ac2f786283c725-medium.res[39m[0m
[  82% ] [90m[1msavepack[22m | Storing File: res://.godot/exported/133200997/export-4281724c42e380fb4d19b54d18b61553-ultra.res[39m[0m
[  85% ] [90m[1msavepack[22m | Storing File: res://.godot/exported/133200997/export-911868316ba78034388a155067a74f01-default_tuning.res[39m[0m
[  89% ] [90m[1msavepack[22m | Storing File: res://scenes/bootstrap/diagnostic_boot.gdc[39m[0m
[  92% ] [90m[1msavepack[22m | Storing File: res://.godot/exported/133200997/export-2fa2511b19fe1a51ac7deda7bea31ad7-diagnostic_boot.scn[39m[0m
[  95% ] [90m[1msavepack[22m | Storing File: res://.godot/exported/133200997/export-19246414aa9fb561ced4b8dce477acec-default_bus_layout.res[39m[0m
[  95% ] [90m[1msavepack[22m | Storing File: res://core/config/game_tuning.gd.remap[39m[0m
[  95% ] [90m[1msavepack[22m | Storing File: res://core/config/quality_profile.gd.remap[39m[0m
[  95% ] [90m[1msavepack[22m | Storing File: res://core/events/event_hub.gd.remap[39m[0m
[  95% ] [90m[1msavepack[22m | Storing File: res://core/events/perception_observation.gd.remap[39m[0m
[  95% ] [90m[1msavepack[22m | Storing File: res://core/events/shot_event.gd.remap[39m[0m
[  95% ] [90m[1msavepack[22m | Storing File: res://core/events/shot_hit.gd.remap[39m[0m
[  95% ] [90m[1msavepack[22m | Storing File: res://core/events/sound_event.gd.remap[39m[0m
[  95% ] [90m[1msavepack[22m | Storing File: res://core/flow/game_flow.gd.remap[39m[0m
[  95% ] [90m[1msavepack[22m | Storing File: res://core/input/input_gate.gd.remap[39m[0m
[  95% ] [90m[1msavepack[22m | Storing File: res://core/persistence/atomic_json_store.gd.remap[39m[0m
[  95% ] [90m[1msavepack[22m | Storing File: res://core/persistence/checkpoint_restore_participant.gd.remap[39m[0m
[  95% ] [90m[1msavepack[22m | Storing File: res://core/persistence/checkpoint_system.gd.remap[39m[0m
[  95% ] [90m[1msavepack[22m | Storing File: res://core/persistence/restore_barrier.gd.remap[39m[0m
[  95% ] [90m[1msavepack[22m | Storing File: res://core/persistence/restore_context.gd.remap[39m[0m
[  95% ] [90m[1msavepack[22m | Storing File: res://core/persistence/save_system.gd.remap[39m[0m
[  95% ] [90m[1msavepack[22m | Storing File: res://core/persistence/snapshot_schema.gd.remap[39m[0m
[  95% ] [90m[1msavepack[22m | Storing File: res://core/persistence/storage_result.gd.remap[39m[0m
[  95% ] [90m[1msavepack[22m | Storing File: res://core/settings/settings_manager.gd.remap[39m[0m
[  95% ] [90m[1msavepack[22m | Storing File: res://core/settings/settings_schema.gd.remap[39m[0m
[  95% ] [90m[1msavepack[22m | Storing File: res://core/telemetry/telemetry.gd.remap[39m[0m
[  95% ] [90m[1msavepack[22m | Storing File: res://core/time/simulation_clock.gd.remap[39m[0m
[  95% ] [90m[1msavepack[22m | Storing File: res://core/time/simulation_stamp.gd.remap[39m[0m
[  95% ] [90m[1msavepack[22m | Storing File: res://data/quality/high.tres.remap[39m[0m
[  95% ] [90m[1msavepack[22m | Storing File: res://data/quality/low.tres.remap[39m[0m
[  95% ] [90m[1msavepack[22m | Storing File: res://data/quality/medium.tres.remap[39m[0m
[  95% ] [90m[1msavepack[22m | Storing File: res://data/quality/ultra.tres.remap[39m[0m
[  95% ] [90m[1msavepack[22m | Storing File: res://data/default_tuning.tres.remap[39m[0m
[  95% ] [90m[1msavepack[22m | Storing File: res://scenes/bootstrap/diagnostic_boot.gd.remap[39m[0m
[  95% ] [90m[1msavepack[22m | Storing File: res://scenes/bootstrap/diagnostic_boot.tscn.remap[39m[0m
[  95% ] [90m[1msavepack[22m | Storing File: res://default_bus_layout.tres.remap[39m[0m
[  95% ] [90m[1msavepack[22m | Storing File: res://.godot/global_script_class_cache.cfg[39m[0m
[  95% ] [90m[1msavepack[22m | Storing File: res://.godot/uid_cache.bin[39m[0m
[  95% ] [90m[1msavepack[22m | Storing File: res://project.binary[39m[0m
[92m[ DONE ][39m [1msavepack[22m
[0m
