Godot Engine v4.7.2.stable.official.ed1daf0bf - https://godotengine.org
WARNING: Failed to create wd.xic as the input method or its xim server may not have started yet.
     at: _create_xic (platform/linuxbsd/x11/display_server_x11.cpp:6347)
Vulkan 1.4.354 - Forward+ - Using Device #0: AMD - AMD Radeon 660M (RADV REMBRANDT)

NULLSPACE_BOOTSTRAP {"clips":["BootstrapRotation"],"display":"X11","event":"import_verified","godot":"4.7.2-stable (official)","meshes":3,"milliseconds":1451}
NULLSPACE_BOOTSTRAP {"adapter":"AMD Radeon 660M (RADV REMBRANDT)","event":"native_ready","milliseconds":1458,"renderer":"forward_plus","viewport":"(1920.0, 1080.0)"}
NULLSPACE_BOOTSTRAP {"error":0,"event":"capture","height":1080,"lamp":true,"milliseconds":3836,"orbit":0.38,"path":"/home/marius/Projekte/Dev/NULLSPACE-worktrees/toolchain/evidence/logs/bootstrap/native-editor/viewport-000-initial.png","width":1920}
NULLSPACE_BOOTSTRAP {"event":"native_key","milliseconds":45560,"physical_key":32}
NULLSPACE_BOOTSTRAP {"event":"animation_changed","milliseconds":45560,"speed":0.0}
NULLSPACE_BOOTSTRAP {"event":"native_key","milliseconds":45560,"physical_key":70}
NULLSPACE_BOOTSTRAP {"enabled":false,"event":"lamp_changed","milliseconds":45560}
NULLSPACE_BOOTSTRAP {"event":"native_key","milliseconds":45776,"physical_key":65}
NULLSPACE_BOOTSTRAP {"event":"native_key","milliseconds":46676,"physical_key":4194343}
NULLSPACE_BOOTSTRAP {"error":0,"event":"capture","height":1080,"lamp":false,"milliseconds":46760,"orbit":-0.419951,"path":"/home/marius/Projekte/Dev/NULLSPACE-worktrees/toolchain/evidence/logs/bootstrap/native-editor/viewport-001-requested.png","width":1920}
NULLSPACE_BOOTSTRAP {"event":"native_key","milliseconds":76788,"physical_key":70}
NULLSPACE_BOOTSTRAP {"enabled":true,"event":"lamp_changed","milliseconds":76788}
NULLSPACE_BOOTSTRAP {"event":"native_key","milliseconds":76788,"physical_key":4194343}
NULLSPACE_BOOTSTRAP {"error":0,"event":"capture","height":1080,"lamp":true,"milliseconds":76891,"orbit":-0.419951,"path":"/home/marius/Projekte/Dev/NULLSPACE-worktrees/toolchain/evidence/logs/bootstrap/native-editor/viewport-002-requested.png","width":1920}
NULLSPACE_BOOTSTRAP {"event":"native_key","milliseconds":76935,"physical_key":68}
NULLSPACE_BOOTSTRAP {"event":"native_key","milliseconds":76935,"physical_key":32}
NULLSPACE_BOOTSTRAP {"event":"animation_changed","milliseconds":76935,"speed":1.0}
NULLSPACE_BOOTSTRAP {"event":"native_key","milliseconds":77708,"physical_key":4194343}
NULLSPACE_BOOTSTRAP {"error":0,"event":"capture","height":1080,"lamp":true,"milliseconds":77811,"orbit":0.28127,"path":"/home/marius/Projekte/Dev/NULLSPACE-worktrees/toolchain/evidence/logs/bootstrap/native-editor/viewport-003-requested.png","width":1920}
NULLSPACE_BOOTSTRAP {"event":"native_key","milliseconds":135893,"physical_key":4194305}
NULLSPACE_BOOTSTRAP {"event":"exit","milliseconds":135893}
