[in#0/x11grab @ 0x55956084b500] Stream #0: not enough frames to estimate rate; consider increasing probesize
Input #0, x11grab, from ':2':
  Duration: N/A, start: 1788573416.371551, bitrate: 3981312 kb/s
  Stream #0:0: Video: rawvideo (BGR[0] / 0x524742), bgr0, 1920x1080, 3981312 kb/s, 60 fps, 1000k tbr, 1000k tbn, start 1788573416.371551
[aist#1:0/pcm_s16le @ 0x55956085c140] Guessed Channel Layout: stereo
Input #1, pulse, from 'nullspace_qa_6356d74477895510.monitor':
  Duration: N/A, start: 1788573416.403637, bitrate: 1536 kb/s
  Stream #1:0: Audio: pcm_s16le, 48000 Hz, stereo, s16, 1536 kb/s, start 1788573416.403637
Stream mapping:
  Stream #0:0 -> #0:0 (rawvideo (native) -> h264 (libx264))
  Stream #1:0 -> #0:1 (pcm_s16le (native) -> flac (native))
[libx264 @ 0x55956085e880] using cpu capabilities: MMX2 SSE2Fast SSSE3 SSE4.2 AVX FMA3 BMI2 AVX2
[libx264 @ 0x55956085e880] profile Constrained Baseline, level 4.2, 4:2:0, 8-bit
[libx264 @ 0x55956085e880] 264 - core 165 r3222 b35605a - H.264/MPEG-4 AVC codec - Copyleft 2003-2025 - http://www.videolan.org/x264.html - options: cabac=0 ref=1 deblock=0:0:0 analyse=0:0 me=dia subme=0 psy=1 psy_rd=1.00:0.00 mixed_ref=0 me_range=16 chroma_me=1 trellis=0 8x8dct=0 cqm=0 deadzone=21,11 fast_pskip=1 chroma_qp_offset=0 threads=18 lookahead_threads=3 sliced_threads=0 nr=0 decimate=1 interlaced=0 bluray_compat=0 constrained_intra=0 bframes=0 weightp=0 keyint=250 keyint_min=25 scenecut=0 intra_refresh=0 rc=crf mbtree=0 crf=18.0 qcomp=0.60 qpmin=0 qpmax=69 qpstep=4 ip_ratio=1.40 aq=0
Output #0, matroska, to '/home/marius/Projekte/Dev/NULLSPACE/evidence/section/solo-e/native-01/exit.mkv':
  Metadata:
    encoder         : Lavf62.12.102
  Stream #0:0: Video: h264 (H264 / 0x34363248), yuv420p(tv, progressive), 1920x1080, q=2-31, 60 fps, 1k tbn
    Metadata:
      encoder         : Lavc62.28.102 libx264
    Side data:
      CPB properties: bitrate max/min/avg: 0/0/0 buffer size: 0 vbv_delay: N/A
  Stream #0:1: Audio: flac ([172][241][0][0] / 0xF1AC), 48000 Hz, stereo, s16, 128 kb/s
    Metadata:
      encoder         : Lavc62.28.102 flac
frame=   17 fps=0.0 q=14.0 size=       1KiB time=00:00:00.28 bitrate=  22.2kbits/s dup=5 drop=3 speed=0.567x elapsed=0:00:00.50    frame=   45 fps= 45 q=17.0 size=       1KiB time=00:00:00.75 bitrate=   8.4kbits/s dup=5 drop=3 speed=0.75x elapsed=0:00:01.00    frame=   77 fps= 51 q=17.0 size=       1KiB time=00:00:01.28 bitrate=   4.9kbits/s dup=5 drop=3 speed=0.855x elapsed=0:00:01.50    frame=  106 fps= 53 q=17.0 size=       1KiB time=00:00:01.76 bitrate=   3.6kbits/s dup=5 drop=3 speed=0.883x elapsed=0:00:02.00    frame=  136 fps= 54 q=10.0 size=       1KiB time=00:00:02.26 bitrate=   2.8kbits/s dup=5 drop=3 speed=0.906x elapsed=0:00:02.50    frame=  166 fps= 55 q=10.0 size=       1KiB time=00:00:02.76 bitrate=   2.3kbits/s dup=5 drop=3 speed=0.922x elapsed=0:00:03.00    [out#0/matroska @ 0x55956085de80] video:2716KiB audio:62KiB subtitle:0KiB other streams:0KiB global headers:0KiB muxing overhead: 0.093672%
frame=  216 fps= 61 q=-1.0 Lsize=    2781KiB time=00:00:03.50 bitrate=6509.1kbits/s dup=5 drop=3 speed=0.991x elapsed=0:00:03.53    
[libx264 @ 0x55956085e880] frame I:1     Avg QP:15.00  size: 45991
[libx264 @ 0x55956085e880] frame P:215   Avg QP:13.29  size: 12719
[libx264 @ 0x55956085e880] mb I  I16..4: 100.0%  0.0%  0.0%
[libx264 @ 0x55956085e880] mb P  I16..4: 12.2%  0.0%  0.0%  P16..4: 12.0%  0.0%  0.0%  0.0%  0.0%    skip:75.8%
[libx264 @ 0x55956085e880] coded y,uvDC,uvAC intra: 19.7% 21.2% 8.2% inter: 4.9% 2.3% 0.3%
[libx264 @ 0x55956085e880] i16 v,h,dc,p: 64% 14% 10% 11%
[libx264 @ 0x55956085e880] i8c dc,h,v,p: 67% 12% 19%  2%
[libx264 @ 0x55956085e880] kb/s:6178.98
Exiting normally, received signal 2.
