Godot Engine v4.7.2.stable.official.ed1daf0bf - https://godotengine.org
WARNING: Failed to create wd.xic as the input method or its xim server may not have started yet.
     at: _create_xic (platform/linuxbsd/x11/display_server_x11.cpp:6347)
Vulkan 1.4.354 - Forward+ - Using Device #0: AMD - AMD Radeon 660M (RADV REMBRANDT)

ERROR: Condition "p_elem->_root" is true.
   at: add (./core/templates/self_list.h:46)
ERROR: Condition "p_elem->_root" is true.
   at: add (./core/templates/self_list.h:46)
ERROR: Condition "p_elem->_root" is true.
   at: add (./core/templates/self_list.h:46)
ERROR: Condition "p_elem->_root" is true.
   at: add (./core/templates/self_list.h:46)
ERROR: Condition "p_elem->_root" is true.
   at: add (./core/templates/self_list.h:46)
ERROR: Condition "p_elem->_root" is true.
   at: add (./core/templates/self_list.h:46)
ERROR: Condition "p_elem->_root" is true.
   at: add (./core/templates/self_list.h:46)
ERROR: Condition "p_elem->_root" is true.
   at: add (./core/templates/self_list.h:46)
ERROR: Condition "p_elem->_root" is true.
   at: add (./core/templates/self_list.h:46)
ERROR: Condition "p_elem->_root" is true.
   at: add (./core/templates/self_list.h:46)
ERROR: Condition "p_elem->_root" is true.
   at: add (./core/templates/self_list.h:46)
ERROR: Condition "p_elem->_root" is true.
   at: add (./core/templates/self_list.h:46)
