Godot Engine v4.7.2.stable.official.ed1daf0bf - https://godotengine.org

[   0% ] first_scan_filesystem | Started Project initialization (5 steps)
[   0% ] first_scan_filesystem | Scanning file structure...
[  16% ] first_scan_filesystem | Loading global class names...
[  33% ] first_scan_filesystem | Verifying GDExtensions...
[  50% ] first_scan_filesystem | Creating autoload scripts...
[  66% ] first_scan_filesystem | Initializing plugins...
[  83% ] first_scan_filesystem | Starting file scan...
[ DONE ] first_scan_filesystem

[   0% ] update_scripts_classes | Started Registering global classes... (10 steps)
[   0% ] update_scripts_classes | NullGameFlow
[   9% ] update_scripts_classes | AtomicJsonStore
[  18% ] update_scripts_classes | NullCheckpointSystem
[  27% ] update_scripts_classes | NullSaveSystem
[  36% ] update_scripts_classes | SnapshotSchema
[  45% ] update_scripts_classes | NullSettingsManager
[  54% ] update_scripts_classes | SettingsSchema
[  63% ] update_scripts_classes | NullTelemetry
[  72% ] update_scripts_classes | 
[  81% ] update_scripts_classes | 
[ DONE ] update_scripts_classes

[   0% ] loading_editor_layout | Started Loading editor (5 steps)
[   0% ] loading_editor_layout | Loading editor layout...
[  16% ] loading_editor_layout | Loading docks...
[ DONE ] loading_editor_layout

