Cloning into '/tmp/nullspace-current-repro.OneZkg'...
Godot Engine v4.7.2.stable.official.ed1daf0bf - https://godotengine.org

[   0% ] [90m[1mfirst_scan_filesystem[22m | Started Projektinitialisierung (5 steps)[39m[0m
[   0% ] [90m[1mfirst_scan_filesystem[22m | Lese Dateistrucktur …[39m[0m
[  16% ] [90m[1mfirst_scan_filesystem[22m | Globale Klassennamen laden …[39m[0m
[  33% ] [90m[1mfirst_scan_filesystem[22m | Verifiziere GDExtensions…[39m[0m
[  50% ] [90m[1mfirst_scan_filesystem[22m | Autoload-Skripte erzeugen …[39m[0m
[  66% ] [90m[1mfirst_scan_filesystem[22m | Plugins initialisieren…[39m[0m
[  83% ] [90m[1mfirst_scan_filesystem[22m | Dateiscan starten …[39m[0m
[92m[ DONE ][39m [1mfirst_scan_filesystem[22m
[0m
[   0% ] [90m[1mupdate_scripts_classes[22m | Started Globale Klassen registrieren … (48 steps)[39m[0m
[   0% ] [90m[1mupdate_scripts_classes[22m | GameTuning[39m[0m
[   2% ] [90m[1mupdate_scripts_classes[22m | QualityProfile[39m[0m
[   4% ] [90m[1mupdate_scripts_classes[22m | NullEventHub[39m[0m
[   6% ] [90m[1mupdate_scripts_classes[22m | PerceptionObservation[39m[0m
[   8% ] [90m[1mupdate_scripts_classes[22m | ShotEvent[39m[0m
[  10% ] [90m[1mupdate_scripts_classes[22m | ShotHit[39m[0m
[  12% ] [90m[1mupdate_scripts_classes[22m | SoundEvent[39m[0m
[  14% ] [90m[1mupdate_scripts_classes[22m | NullGameFlow[39m[0m
[  16% ] [90m[1mupdate_scripts_classes[22m | NullInputGate[39m[0m
[  18% ] [90m[1mupdate_scripts_classes[22m | AtomicJsonStore[39m[0m
[  20% ] [90m[1mupdate_scripts_classes[22m | CheckpointRestoreParticipant[39m[0m
[  22% ] [90m[1mupdate_scripts_classes[22m | NullCheckpointSystem[39m[0m
[  24% ] [90m[1mupdate_scripts_classes[22m | RestoreBarrier[39m[0m
[  26% ] [90m[1mupdate_scripts_classes[22m | RestoreContext[39m[0m
[  28% ] [90m[1mupdate_scripts_classes[22m | NullSaveSystem[39m[0m
[  30% ] [90m[1mupdate_scripts_classes[22m | SnapshotSchema[39m[0m
[  32% ] [90m[1mupdate_scripts_classes[22m | StorageResult[39m[0m
[  34% ] [90m[1mupdate_scripts_classes[22m | NullSettingsManager[39m[0m
[  36% ] [90m[1mupdate_scripts_classes[22m | SettingsSchema[39m[0m
[  38% ] [90m[1mupdate_scripts_classes[22m | NullTelemetry[39m[0m
[  40% ] [90m[1mupdate_scripts_classes[22m | NullSimulationClock[39m[0m
[  42% ] [90m[1mupdate_scripts_classes[22m | SimulationStamp[39m[0m
[  44% ] [90m[1mupdate_scripts_classes[22m | EnvironmentSurfaceLibrary[39m[0m
[  46% ] [90m[1mupdate_scripts_classes[22m | NullspaceFluorescentFixture[39m[0m
[  48% ] [90m[1mupdate_scripts_classes[22m | NullspaceM4ReferenceRoom[39m[0m
[  51% ] [90m[1mupdate_scripts_classes[22m | ShortMap[39m[0m
[  53% ] [90m[1mupdate_scripts_classes[22m | Listener[39m[0m
[  55% ] [90m[1mupdate_scripts_classes[22m | SectionPlayer[39m[0m
[  57% ] [90m[1mupdate_scripts_classes[22m | [39m[0m
[  59% ] [90m[1mupdate_scripts_classes[22m | SectionDoor[39m[0m
[  61% ] [90m[1mupdate_scripts_classes[22m | SectionLightSwitch[39m[0m
[  63% ] [90m[1mupdate_scripts_classes[22m | PowerRelay[39m[0m
[  65% ] [90m[1mupdate_scripts_classes[22m | NullspaceSection[39m[0m
[  67% ] [90m[1mupdate_scripts_classes[22m | NullspaceSectionMenu[39m[0m
[  69% ] [90m[1mupdate_scripts_classes[22m | SectionSound[39m[0m
[  71% ] [90m[1mupdate_scripts_classes[22m | [39m[0m
[  73% ] [90m[1mupdate_scripts_classes[22m | CoreClockRestoreTests[39m[0m
[  75% ] [90m[1mupdate_scripts_classes[22m | CoreRestoreContractTests[39m[0m
[  77% ] [90m[1mupdate_scripts_classes[22m | [39m[0m
[  79% ] [90m[1mupdate_scripts_classes[22m | CoreStorageHardeningTests[39m[0m
[  81% ] [90m[1mupdate_scripts_classes[22m | [39m[0m
[  83% ] [90m[1mupdate_scripts_classes[22m | [39m[0m
[  85% ] [90m[1mupdate_scripts_classes[22m | [39m[0m
[  87% ] [90m[1mupdate_scripts_classes[22m | [39m[0m
[  89% ] [90m[1mupdate_scripts_classes[22m | [39m[0m
[  91% ] [90m[1mupdate_scripts_classes[22m | SectionPistol[39m[0m
[  93% ] [90m[1mupdate_scripts_classes[22m | PistolEffects[39m[0m
[  95% ] [90m[1mupdate_scripts_classes[22m | PistolPickup[39m[0m
[92m[ DONE ][39m [1mupdate_scripts_classes[22m
[0m
[   0% ] [90m[1m_update_scan_actions[22m | Started Aktionen scannen … (92 steps)[39m[0m
[   0% ] [90m[1m_update_scan_actions[22m | casing.wav[39m[0m
[   1% ] [90m[1m_update_scan_actions[22m | empty.wav[39m[0m
[   2% ] [90m[1m_update_scan_actions[22m | mag_in.wav[39m[0m
[   3% ] [90m[1m_update_scan_actions[22m | mag_out.wav[39m[0m
[   4% ] [90m[1m_update_scan_actions[22m | metal.wav[39m[0m
[   5% ] [90m[1m_update_scan_actions[22m | pickup.wav[39m[0m
[   6% ] [90m[1m_update_scan_actions[22m | pistol_0.wav[39m[0m
[   7% ] [90m[1m_update_scan_actions[22m | pistol_1.wav[39m[0m
[   8% ] [90m[1m_update_scan_actions[22m | pistol_2.wav[39m[0m
[   9% ] [90m[1m_update_scan_actions[22m | plaster.wav[39m[0m
[  10% ] [90m[1m_update_scan_actions[22m | slide.wav[39m[0m
[  11% ] [90m[1m_update_scan_actions[22m | air.wav[39m[0m
[  12% ] [90m[1m_update_scan_actions[22m | attack.wav[39m[0m
[  13% ] [90m[1m_update_scan_actions[22m | breaker.wav[39m[0m
[  15% ] [90m[1m_update_scan_actions[22m | carpet_0.wav[39m[0m
[  16% ] [90m[1m_update_scan_actions[22m | carpet_1.wav[39m[0m
[  17% ] [90m[1m_update_scan_actions[22m | carpet_2.wav[39m[0m
[  18% ] [90m[1m_update_scan_actions[22m | carpet_3.wav[39m[0m
[  19% ] [90m[1m_update_scan_actions[22m | door.wav[39m[0m
[  20% ] [90m[1m_update_scan_actions[22m | hum_0.wav[39m[0m
[  21% ] [90m[1m_update_scan_actions[22m | hum_1.wav[39m[0m
[  22% ] [90m[1m_update_scan_actions[22m | hum_2.wav[39m[0m
[  23% ] [90m[1m_update_scan_actions[22m | hurt.wav[39m[0m
[  24% ] [90m[1m_update_scan_actions[22m | listener_breath.wav[39m[0m
[  25% ] [90m[1m_update_scan_actions[22m | listener_step_0.wav[39m[0m
[  26% ] [90m[1m_update_scan_actions[22m | listener_step_1.wav[39m[0m
[  27% ] [90m[1m_update_scan_actions[22m | listener_step_2.wav[39m[0m
[  29% ] [90m[1m_update_scan_actions[22m | listener_step_3.wav[39m[0m
[  30% ] [90m[1m_update_scan_actions[22m | door_frame.glb[39m[0m
[  31% ] [90m[1m_update_scan_actions[22m | door_leaf.glb[39m[0m
[  32% ] [90m[1m_update_scan_actions[22m | baseboard_basecolor.png[39m[0m
[  33% ] [90m[1m_update_scan_actions[22m | baseboard_normal.png[39m[0m
[  34% ] [90m[1m_update_scan_actions[22m | baseboard_orm.png[39m[0m
[  35% ] [90m[1m_update_scan_actions[22m | carpet_basecolor.png[39m[0m
[  36% ] [90m[1m_update_scan_actions[22m | carpet_normal.png[39m[0m
[  37% ] [90m[1m_update_scan_actions[22m | carpet_orm.png[39m[0m
[  38% ] [90m[1m_update_scan_actions[22m | ceiling_basecolor.png[39m[0m
[  39% ] [90m[1m_update_scan_actions[22m | ceiling_normal.png[39m[0m
[  40% ] [90m[1m_update_scan_actions[22m | ceiling_orm.png[39m[0m
[  41% ] [90m[1m_update_scan_actions[22m | diffuser_basecolor.png[39m[0m
[  43% ] [90m[1m_update_scan_actions[22m | diffuser_normal.png[39m[0m
[  44% ] [90m[1m_update_scan_actions[22m | diffuser_orm.png[39m[0m
[  45% ] [90m[1m_update_scan_actions[22m | fixture_detail_basecolor.png[39m[0m
[  46% ] [90m[1m_update_scan_actions[22m | fixture_detail_emission.png[39m[0m
[  47% ] [90m[1m_update_scan_actions[22m | fixture_detail_normal.png[39m[0m
[  48% ] [90m[1m_update_scan_actions[22m | fixture_detail_orm.png[39m[0m
[  49% ] [90m[1m_update_scan_actions[22m | painted_metal_basecolor.png[39m[0m
[  50% ] [90m[1m_update_scan_actions[22m | painted_metal_normal.png[39m[0m
[  51% ] [90m[1m_update_scan_actions[22m | painted_metal_orm.png[39m[0m
[  52% ] [90m[1m_update_scan_actions[22m | room_m4_macro.png[39m[0m
[  53% ] [90m[1m_update_scan_actions[22m | wallpaper_basecolor.png[39m[0m
[  54% ] [90m[1m_update_scan_actions[22m | wallpaper_normal.png[39m[0m
[  55% ] [90m[1m_update_scan_actions[22m | wallpaper_orm.png[39m[0m
[  56% ] [90m[1m_update_scan_actions[22m | ceiling_board_122.gltf[39m[0m
[  58% ] [90m[1m_update_scan_actions[22m | ceiling_grid_122.gltf[39m[0m
[  59% ] [90m[1m_update_scan_actions[22m | ceiling_grid_244.gltf[39m[0m
[  60% ] [90m[1m_update_scan_actions[22m | column_061.gltf[39m[0m
[  61% ] [90m[1m_update_scan_actions[22m | column_086.gltf[39m[0m
[  62% ] [90m[1m_update_scan_actions[22m | cove_corner_090.gltf[39m[0m
[  63% ] [90m[1m_update_scan_actions[22m | fixture_exposed.gltf[39m[0m
[  64% ] [90m[1m_update_scan_actions[22m | fixture_prismatic.gltf[39m[0m
[  65% ] [90m[1m_update_scan_actions[22m | floor_carpet_244.gltf[39m[0m
[  66% ] [90m[1m_update_scan_actions[22m | room_m4_architecture.gltf[39m[0m
[  67% ] [90m[1m_update_scan_actions[22m | short_archive.gltf[39m[0m
[  68% ] [90m[1m_update_scan_actions[22m | short_arrival.gltf[39m[0m
[  69% ] [90m[1m_update_scan_actions[22m | short_blackout.gltf[39m[0m
[  70% ] [90m[1m_update_scan_actions[22m | short_exit.gltf[39m[0m
[  72% ] [90m[1m_update_scan_actions[22m | short_office_core.gltf[39m[0m
[  73% ] [90m[1m_update_scan_actions[22m | short_office_switch.gltf[39m[0m
[  74% ] [90m[1m_update_scan_actions[22m | short_service.gltf[39m[0m
[  75% ] [90m[1m_update_scan_actions[22m | short_service_bypass.gltf[39m[0m
[  76% ] [90m[1m_update_scan_actions[22m | short_service_switch.gltf[39m[0m
[  77% ] [90m[1m_update_scan_actions[22m | short_west_return.gltf[39m[0m
[  78% ] [90m[1m_update_scan_actions[22m | wall_061.gltf[39m[0m
[  79% ] [90m[1m_update_scan_actions[22m | wall_122.gltf[39m[0m
[  80% ] [90m[1m_update_scan_actions[22m | wall_244.gltf[39m[0m
[  81% ] [90m[1m_update_scan_actions[22m | wall_366.gltf[39m[0m
[  82% ] [90m[1m_update_scan_actions[22m | wall_low_244.gltf[39m[0m
[  83% ] [90m[1m_update_scan_actions[22m | wall_portal_244.gltf[39m[0m
[  84% ] [90m[1m_update_scan_actions[22m | wall_portal_366.gltf[39m[0m
[  86% ] [90m[1m_update_scan_actions[22m | wall_vent.gltf[39m[0m
[  87% ] [90m[1m_update_scan_actions[22m | listener.glb[39m[0m
[  88% ] [90m[1m_update_scan_actions[22m | listener_gameplay.glb[39m[0m
[  89% ] [90m[1m_update_scan_actions[22m | listener_gameplay_listener_skin_basecolor.png[39m[0m
[  90% ] [90m[1m_update_scan_actions[22m | listener_gameplay_listener_skin_normal.png[39m[0m
[  91% ] [90m[1m_update_scan_actions[22m | listener_gameplay_listener_skin_orm.png[39m[0m
[  92% ] [90m[1m_update_scan_actions[22m | listener_listener_skin_basecolor.png[39m[0m
[  93% ] [90m[1m_update_scan_actions[22m | listener_listener_skin_normal.png[39m[0m
[  94% ] [90m[1m_update_scan_actions[22m | listener_listener_skin_orm.png[39m[0m
[  95% ] [90m[1m_update_scan_actions[22m | pistol.glb[39m[0m
[  96% ] [90m[1m_update_scan_actions[22m | pistol_case.glb[39m[0m
[  97% ] [90m[1m_update_scan_actions[22m | pistol_casing.glb[39m[0m
[92m[ DONE ][39m [1m_update_scan_actions[22m
[0m
[   0% ] [90m[1mreimport[22m | Started Assets (erneut) importieren (92 steps)[39m[0m
[   0% ] [90m[1mreimport[22m | Dateien zum Neuimport vorbereiten …[39m[0m
[   1% ] [90m[1mreimport[22m | Dateien zum Neuimport vorbereiten …[39m[0m
[   2% ] [90m[1mreimport[22m | Dateien zum Neuimport vorbereiten …[39m[0m
[   3% ] [90m[1mreimport[22m | Dateien zum Neuimport vorbereiten …[39m[0m
[   4% ] [90m[1mreimport[22m | Dateien zum Neuimport vorbereiten …[39m[0m
[   5% ] [90m[1mreimport[22m | Dateien zum Neuimport vorbereiten …[39m[0m
[   6% ] [90m[1mreimport[22m | Dateien zum Neuimport vorbereiten …[39m[0m
[   7% ] [90m[1mreimport[22m | Dateien zum Neuimport vorbereiten …[39m[0m
[   8% ] [90m[1mreimport[22m | Dateien zum Neuimport vorbereiten …[39m[0m
[   9% ] [90m[1mreimport[22m | Dateien zum Neuimport vorbereiten …[39m[0m
[  10% ] [90m[1mreimport[22m | Dateien zum Neuimport vorbereiten …[39m[0m
[  11% ] [90m[1mreimport[22m | Dateien zum Neuimport vorbereiten …[39m[0m
[  12% ] [90m[1mreimport[22m | Dateien zum Neuimport vorbereiten …[39m[0m
[  13% ] [90m[1mreimport[22m | Dateien zum Neuimport vorbereiten …[39m[0m
[  15% ] [90m[1mreimport[22m | Dateien zum Neuimport vorbereiten …[39m[0m
[  16% ] [90m[1mreimport[22m | Dateien zum Neuimport vorbereiten …[39m[0m
[  17% ] [90m[1mreimport[22m | Dateien zum Neuimport vorbereiten …[39m[0m
[  18% ] [90m[1mreimport[22m | Dateien zum Neuimport vorbereiten …[39m[0m
[  19% ] [90m[1mreimport[22m | Dateien zum Neuimport vorbereiten …[39m[0m
[  20% ] [90m[1mreimport[22m | Dateien zum Neuimport vorbereiten …[39m[0m
[  21% ] [90m[1mreimport[22m | Dateien zum Neuimport vorbereiten …[39m[0m
[  22% ] [90m[1mreimport[22m | Dateien zum Neuimport vorbereiten …[39m[0m
[  23% ] [90m[1mreimport[22m | Dateien zum Neuimport vorbereiten …[39m[0m
[  24% ] [90m[1mreimport[22m | Dateien zum Neuimport vorbereiten …[39m[0m
[  25% ] [90m[1mreimport[22m | Dateien zum Neuimport vorbereiten …[39m[0m
[  26% ] [90m[1mreimport[22m | Dateien zum Neuimport vorbereiten …[39m[0m
[  27% ] [90m[1mreimport[22m | Dateien zum Neuimport vorbereiten …[39m[0m
[  29% ] [90m[1mreimport[22m | Dateien zum Neuimport vorbereiten …[39m[0m
[  30% ] [90m[1mreimport[22m | Dateien zum Neuimport vorbereiten …[39m[0m
[  31% ] [90m[1mreimport[22m | Dateien zum Neuimport vorbereiten …[39m[0m
[  32% ] [90m[1mreimport[22m | Dateien zum Neuimport vorbereiten …[39m[0m
[  33% ] [90m[1mreimport[22m | Dateien zum Neuimport vorbereiten …[39m[0m
[  34% ] [90m[1mreimport[22m | Dateien zum Neuimport vorbereiten …[39m[0m
[  35% ] [90m[1mreimport[22m | Dateien zum Neuimport vorbereiten …[39m[0m
[  36% ] [90m[1mreimport[22m | Dateien zum Neuimport vorbereiten …[39m[0m
[  37% ] [90m[1mreimport[22m | Dateien zum Neuimport vorbereiten …[39m[0m
[  38% ] [90m[1mreimport[22m | Dateien zum Neuimport vorbereiten …[39m[0m
[  39% ] [90m[1mreimport[22m | Dateien zum Neuimport vorbereiten …[39m[0m
[  40% ] [90m[1mreimport[22m | Dateien zum Neuimport vorbereiten …[39m[0m
[  41% ] [90m[1mreimport[22m | Dateien zum Neuimport vorbereiten …[39m[0m
[  43% ] [90m[1mreimport[22m | Dateien zum Neuimport vorbereiten …[39m[0m
[  44% ] [90m[1mreimport[22m | Dateien zum Neuimport vorbereiten …[39m[0m
[  45% ] [90m[1mreimport[22m | Dateien zum Neuimport vorbereiten …[39m[0m
[  46% ] [90m[1mreimport[22m | Dateien zum Neuimport vorbereiten …[39m[0m
[  47% ] [90m[1mreimport[22m | Dateien zum Neuimport vorbereiten …[39m[0m
[  48% ] [90m[1mreimport[22m | Dateien zum Neuimport vorbereiten …[39m[0m
[  49% ] [90m[1mreimport[22m | Dateien zum Neuimport vorbereiten …[39m[0m
[  50% ] [90m[1mreimport[22m | Dateien zum Neuimport vorbereiten …[39m[0m
[  51% ] [90m[1mreimport[22m | Dateien zum Neuimport vorbereiten …[39m[0m
[  52% ] [90m[1mreimport[22m | Dateien zum Neuimport vorbereiten …[39m[0m
[  53% ] [90m[1mreimport[22m | Dateien zum Neuimport vorbereiten …[39m[0m
[  54% ] [90m[1mreimport[22m | Dateien zum Neuimport vorbereiten …[39m[0m
[  55% ] [90m[1mreimport[22m | Dateien zum Neuimport vorbereiten …[39m[0m
[  56% ] [90m[1mreimport[22m | Dateien zum Neuimport vorbereiten …[39m[0m
[  58% ] [90m[1mreimport[22m | Dateien zum Neuimport vorbereiten …[39m[0m
[  59% ] [90m[1mreimport[22m | Dateien zum Neuimport vorbereiten …[39m[0m
[  60% ] [90m[1mreimport[22m | Dateien zum Neuimport vorbereiten …[39m[0m
[  61% ] [90m[1mreimport[22m | Dateien zum Neuimport vorbereiten …[39m[0m
[  62% ] [90m[1mreimport[22m | Dateien zum Neuimport vorbereiten …[39m[0m
[  63% ] [90m[1mreimport[22m | Dateien zum Neuimport vorbereiten …[39m[0m
[  64% ] [90m[1mreimport[22m | Dateien zum Neuimport vorbereiten …[39m[0m
[  65% ] [90m[1mreimport[22m | Dateien zum Neuimport vorbereiten …[39m[0m
[  66% ] [90m[1mreimport[22m | Dateien zum Neuimport vorbereiten …[39m[0m
[  67% ] [90m[1mreimport[22m | Dateien zum Neuimport vorbereiten …[39m[0m
[  68% ] [90m[1mreimport[22m | Dateien zum Neuimport vorbereiten …[39m[0m
[  69% ] [90m[1mreimport[22m | Dateien zum Neuimport vorbereiten …[39m[0m
[  70% ] [90m[1mreimport[22m | Dateien zum Neuimport vorbereiten …[39m[0m
[  72% ] [90m[1mreimport[22m | Dateien zum Neuimport vorbereiten …[39m[0m
[  73% ] [90m[1mreimport[22m | Dateien zum Neuimport vorbereiten …[39m[0m
[  74% ] [90m[1mreimport[22m | Dateien zum Neuimport vorbereiten …[39m[0m
[  75% ] [90m[1mreimport[22m | Dateien zum Neuimport vorbereiten …[39m[0m
[  76% ] [90m[1mreimport[22m | Dateien zum Neuimport vorbereiten …[39m[0m
[  77% ] [90m[1mreimport[22m | Dateien zum Neuimport vorbereiten …[39m[0m
[  78% ] [90m[1mreimport[22m | Dateien zum Neuimport vorbereiten …[39m[0m
[  79% ] [90m[1mreimport[22m | Dateien zum Neuimport vorbereiten …[39m[0m
[  80% ] [90m[1mreimport[22m | Dateien zum Neuimport vorbereiten …[39m[0m
[  81% ] [90m[1mreimport[22m | Dateien zum Neuimport vorbereiten …[39m[0m
[  82% ] [90m[1mreimport[22m | Dateien zum Neuimport vorbereiten …[39m[0m
[  83% ] [90m[1mreimport[22m | Dateien zum Neuimport vorbereiten …[39m[0m
[  84% ] [90m[1mreimport[22m | Dateien zum Neuimport vorbereiten …[39m[0m
[  86% ] [90m[1mreimport[22m | Dateien zum Neuimport vorbereiten …[39m[0m
[  87% ] [90m[1mreimport[22m | Dateien zum Neuimport vorbereiten …[39m[0m
[  88% ] [90m[1mreimport[22m | Dateien zum Neuimport vorbereiten …[39m[0m
[  89% ] [90m[1mreimport[22m | Dateien zum Neuimport vorbereiten …[39m[0m
[  90% ] [90m[1mreimport[22m | Dateien zum Neuimport vorbereiten …[39m[0m
[  91% ] [90m[1mreimport[22m | Dateien zum Neuimport vorbereiten …[39m[0m
[  92% ] [90m[1mreimport[22m | Dateien zum Neuimport vorbereiten …[39m[0m
[  93% ] [90m[1mreimport[22m | Dateien zum Neuimport vorbereiten …[39m[0m
[  94% ] [90m[1mreimport[22m | Dateien zum Neuimport vorbereiten …[39m[0m
[  95% ] [90m[1mreimport[22m | Dateien zum Neuimport vorbereiten …[39m[0m
[  96% ] [90m[1mreimport[22m | Dateien zum Neuimport vorbereiten …[39m[0m
[  97% ] [90m[1mreimport[22m | Dateien zum Neuimport vorbereiten …[39m[0m
[   0% ] [90m[1mreimport[22m | Vor-Neuimport-Operationen ausführen …[39m[0m
[   0% ] [90m[1mpreload_reimporting_scene[22m | Started Szenen zum Neuladen vorbereiten (1 steps)[39m[0m
[   0% ] [90m[1mpreload_reimporting_scene[22m | Szene [leer] wird analysiert[39m[0m
[  50% ] [90m[1mpreload_reimporting_scene[22m | Vorbereitung abgeschlossen.[39m[0m
[92m[ DONE ][39m [1mpreload_reimporting_scene[22m
[0m
[   0% ] [90m[1mreimport[22m | baseboard_basecolor.png[39m[0m
[   1% ] [90m[1mreimport[22m | baseboard_normal.png[39m[0m
[   2% ] [90m[1mreimport[22m | baseboard_orm.png[39m[0m
[   3% ] [90m[1mreimport[22m | carpet_basecolor.png[39m[0m
[   4% ] [90m[1mreimport[22m | carpet_normal.png[39m[0m
[   5% ] [90m[1mreimport[22m | carpet_orm.png[39m[0m
[   6% ] [90m[1mreimport[22m | ceiling_basecolor.png[39m[0m
[   7% ] [90m[1mreimport[22m | ceiling_normal.png[39m[0m
[   8% ] [90m[1mreimport[22m | ceiling_orm.png[39m[0m
[   9% ] [90m[1mreimport[22m | diffuser_basecolor.png[39m[0m
[   9% ] [90m[1mreimport[22m | diffuser_basecolor.png[39m[0m
[   9% ] [90m[1mreimport[22m | diffuser_basecolor.png[39m[0m
[   9% ] [90m[1mreimport[22m | diffuser_basecolor.png[39m[0m
[  10% ] [90m[1mreimport[22m | diffuser_normal.png[39m[0m
[  11% ] [90m[1mreimport[22m | diffuser_orm.png[39m[0m
[  12% ] [90m[1mreimport[22m | fixture_detail_basecolor.png[39m[0m
[  12% ] [90m[1mreimport[22m | fixture_detail_basecolor.png[39m[0m
[  12% ] [90m[1mreimport[22m | fixture_detail_basecolor.png[39m[0m
[  12% ] [90m[1mreimport[22m | fixture_detail_basecolor.png[39m[0m
[  13% ] [90m[1mreimport[22m | fixture_detail_emission.png[39m[0m
[  15% ] [90m[1mreimport[22m | fixture_detail_normal.png[39m[0m
[  16% ] [90m[1mreimport[22m | fixture_detail_orm.png[39m[0m
[  17% ] [90m[1mreimport[22m | painted_metal_basecolor.png[39m[0m
[  18% ] [90m[1mreimport[22m | painted_metal_normal.png[39m[0m
[  19% ] [90m[1mreimport[22m | painted_metal_orm.png[39m[0m
[  20% ] [90m[1mreimport[22m | room_m4_macro.png[39m[0m
[  21% ] [90m[1mreimport[22m | wallpaper_basecolor.png[39m[0m
[  22% ] [90m[1mreimport[22m | wallpaper_normal.png[39m[0m
[  23% ] [90m[1mreimport[22m | wallpaper_orm.png[39m[0m
[  24% ] [90m[1mreimport[22m | listener_gameplay_listener_skin_basecolor.png[39m[0m
[  25% ] [90m[1mreimport[22m | listener_gameplay_listener_skin_normal.png[39m[0m
[  26% ] [90m[1mreimport[22m | listener_gameplay_listener_skin_orm.png[39m[0m
[  27% ] [90m[1mreimport[22m | listener_listener_skin_basecolor.png[39m[0m
[  29% ] [90m[1mreimport[22m | listener_listener_skin_normal.png[39m[0m
[  29% ] [90m[1mreimport[22m | listener_listener_skin_normal.png[39m[0m
[  29% ] [90m[1mreimport[22m | listener_listener_skin_normal.png[39m[0m
[  30% ] [90m[1mreimport[22m | listener_listener_skin_orm.png[39m[0m
[  30% ] [90m[1mreimport[22m | listener_listener_skin_orm.png[39m[0m
[  31% ] [90m[1mreimport[22m | baseboard_basecolor.png[39m[0m
[  32% ] [90m[1mreimport[22m | baseboard_normal.png[39m[0m
[  33% ] [90m[1mreimport[22m | baseboard_orm.png[39m[0m
[  34% ] [90m[1mreimport[22m | carpet_basecolor.png[39m[0m
[  35% ] [90m[1mreimport[22m | carpet_normal.png[39m[0m
[  36% ] [90m[1mreimport[22m | carpet_orm.png[39m[0m
[  37% ] [90m[1mreimport[22m | ceiling_basecolor.png[39m[0m
[  38% ] [90m[1mreimport[22m | ceiling_normal.png[39m[0m
[  39% ] [90m[1mreimport[22m | ceiling_orm.png[39m[0m
[  40% ] [90m[1mreimport[22m | diffuser_basecolor.png[39m[0m
[  41% ] [90m[1mreimport[22m | diffuser_normal.png[39m[0m
[  43% ] [90m[1mreimport[22m | diffuser_orm.png[39m[0m
[  44% ] [90m[1mreimport[22m | fixture_detail_basecolor.png[39m[0m
[  45% ] [90m[1mreimport[22m | fixture_detail_emission.png[39m[0m
[  46% ] [90m[1mreimport[22m | fixture_detail_normal.png[39m[0m
[  47% ] [90m[1mreimport[22m | fixture_detail_orm.png[39m[0m
[  48% ] [90m[1mreimport[22m | painted_metal_basecolor.png[39m[0m
[  49% ] [90m[1mreimport[22m | painted_metal_normal.png[39m[0m
[  50% ] [90m[1mreimport[22m | painted_metal_orm.png[39m[0m
[  51% ] [90m[1mreimport[22m | room_m4_macro.png[39m[0m
[  52% ] [90m[1mreimport[22m | wallpaper_basecolor.png[39m[0m
[  53% ] [90m[1mreimport[22m | wallpaper_normal.png[39m[0m
[  54% ] [90m[1mreimport[22m | wallpaper_orm.png[39m[0m
[  55% ] [90m[1mreimport[22m | listener_gameplay_listener_skin_basecolor.png[39m[0m
[  56% ] [90m[1mreimport[22m | listener_gameplay_listener_skin_normal.png[39m[0m
[  58% ] [90m[1mreimport[22m | listener_gameplay_listener_skin_orm.png[39m[0m
[  59% ] [90m[1mreimport[22m | listener_listener_skin_basecolor.png[39m[0m
[  60% ] [90m[1mreimport[22m | listener_listener_skin_normal.png[39m[0m
[  61% ] [90m[1mreimport[22m | wall_366.gltf[39m[0m
[   0% ] [90m[1mimport[22m | Started Szene importieren (104 steps)[39m[0m
[   0% ] [90m[1mimport[22m | Importiere Szene…[39m[0m
[   1% ] [90m[1mimport[22m | Eigenes Skript wird ausgeführt …[39m[0m
[  99% ] [90m[1mimport[22m | Speichern …[39m[0m
[92m[ DONE ][39m [1mimport[22m
[0m
[  62% ] [90m[1mreimport[22m | wall_low_244.gltf[39m[0m
[   0% ] [90m[1mimport[22m | Started Szene importieren (104 steps)[39m[0m
[   0% ] [90m[1mimport[22m | Importiere Szene…[39m[0m
[   1% ] [90m[1mimport[22m | Eigenes Skript wird ausgeführt …[39m[0m
[  99% ] [90m[1mimport[22m | Speichern …[39m[0m
[92m[ DONE ][39m [1mimport[22m
[0m
[  63% ] [90m[1mreimport[22m | wall_portal_244.gltf[39m[0m
[   0% ] [90m[1mimport[22m | Started Szene importieren (104 steps)[39m[0m
[   0% ] [90m[1mimport[22m | Importiere Szene…[39m[0m
[   1% ] [90m[1mimport[22m | Eigenes Skript wird ausgeführt …[39m[0m
[  99% ] [90m[1mimport[22m | Speichern …[39m[0m
[92m[ DONE ][39m [1mimport[22m
[0m
[  64% ] [90m[1mreimport[22m | wall_244.gltf[39m[0m
[   0% ] [90m[1mimport[22m | Started Szene importieren (104 steps)[39m[0m
[   0% ] [90m[1mimport[22m | Importiere Szene…[39m[0m
[   1% ] [90m[1mimport[22m | Eigenes Skript wird ausgeführt …[39m[0m
[  99% ] [90m[1mimport[22m | Speichern …[39m[0m
[92m[ DONE ][39m [1mimport[22m
[0m
[  65% ] [90m[1mreimport[22m | wall_122.gltf[39m[0m
[   0% ] [90m[1mimport[22m | Started Szene importieren (104 steps)[39m[0m
[   0% ] [90m[1mimport[22m | Importiere Szene…[39m[0m
[   1% ] [90m[1mimport[22m | Eigenes Skript wird ausgeführt …[39m[0m
[  99% ] [90m[1mimport[22m | Speichern …[39m[0m
[92m[ DONE ][39m [1mimport[22m
[0m
[  66% ] [90m[1mreimport[22m | wall_061.gltf[39m[0m
[   0% ] [90m[1mimport[22m | Started Szene importieren (104 steps)[39m[0m
[   0% ] [90m[1mimport[22m | Importiere Szene…[39m[0m
[   1% ] [90m[1mimport[22m | Eigenes Skript wird ausgeführt …[39m[0m
[  99% ] [90m[1mimport[22m | Speichern …[39m[0m
[92m[ DONE ][39m [1mimport[22m
[0m
[  67% ] [90m[1mreimport[22m | short_west_return.gltf[39m[0m
[   0% ] [90m[1mimport[22m | Started Szene importieren (104 steps)[39m[0m
[   0% ] [90m[1mimport[22m | Importiere Szene…[39m[0m
[   1% ] [90m[1mimport[22m | Eigenes Skript wird ausgeführt …[39m[0m
[  99% ] [90m[1mimport[22m | Speichern …[39m[0m
[92m[ DONE ][39m [1mimport[22m
[0m
[  68% ] [90m[1mreimport[22m | wall_portal_366.gltf[39m[0m
[   0% ] [90m[1mimport[22m | Started Szene importieren (104 steps)[39m[0m
[   0% ] [90m[1mimport[22m | Importiere Szene…[39m[0m
[   1% ] [90m[1mimport[22m | Eigenes Skript wird ausgeführt …[39m[0m
[  99% ] [90m[1mimport[22m | Speichern …[39m[0m
[92m[ DONE ][39m [1mimport[22m
[0m
[  69% ] [90m[1mreimport[22m | wall_vent.gltf[39m[0m
[   0% ] [90m[1mimport[22m | Started Szene importieren (104 steps)[39m[0m
[   0% ] [90m[1mimport[22m | Importiere Szene…[39m[0m
[   1% ] [90m[1mimport[22m | Eigenes Skript wird ausgeführt …[39m[0m
[  99% ] [90m[1mimport[22m | Speichern …[39m[0m
[92m[ DONE ][39m [1mimport[22m
[0m
[  70% ] [90m[1mreimport[22m | listener.glb[39m[0m
[   0% ] [90m[1mimport[22m | Started Szene importieren (104 steps)[39m[0m
[   0% ] [90m[1mimport[22m | Importiere Szene…[39m[0m
[   1% ] [90m[1mimport[22m | Eigenes Skript wird ausgeführt …[39m[0m
[  99% ] [90m[1mimport[22m | Speichern …[39m[0m
[92m[ DONE ][39m [1mimport[22m
[0m
[  72% ] [90m[1mreimport[22m | listener_gameplay.glb[39m[0m
[   0% ] [90m[1mimport[22m | Started Szene importieren (104 steps)[39m[0m
[   0% ] [90m[1mimport[22m | Importiere Szene…[39m[0m
[   1% ] [90m[1mimport[22m | Eigenes Skript wird ausgeführt …[39m[0m
[  99% ] [90m[1mimport[22m | Speichern …[39m[0m
[92m[ DONE ][39m [1mimport[22m
[0m
[  73% ] [90m[1mreimport[22m | pistol.glb[39m[0m
[   0% ] [90m[1mimport[22m | Started Szene importieren (104 steps)[39m[0m
[   0% ] [90m[1mimport[22m | Importiere Szene…[39m[0m
[   1% ] [90m[1mimport[22m | Eigenes Skript wird ausgeführt …[39m[0m
[  99% ] [90m[1mimport[22m | Speichern …[39m[0m
[92m[ DONE ][39m [1mimport[22m
[0m
[  74% ] [90m[1mreimport[22m | pistol_case.glb[39m[0m
[   0% ] [90m[1mimport[22m | Started Szene importieren (104 steps)[39m[0m
[   0% ] [90m[1mimport[22m | Importiere Szene…[39m[0m
[   1% ] [90m[1mimport[22m | Eigenes Skript wird ausgeführt …[39m[0m
[  99% ] [90m[1mimport[22m | Speichern …[39m[0m
[92m[ DONE ][39m [1mimport[22m
[0m
[  75% ] [90m[1mreimport[22m | pistol_casing.glb[39m[0m
[   0% ] [90m[1mimport[22m | Started Szene importieren (104 steps)[39m[0m
[   0% ] [90m[1mimport[22m | Importiere Szene…[39m[0m
[   1% ] [90m[1mimport[22m | Eigenes Skript wird ausgeführt …[39m[0m
[  99% ] [90m[1mimport[22m | Speichern …[39m[0m
[92m[ DONE ][39m [1mimport[22m
[0m
[  76% ] [90m[1mreimport[22m | door_leaf.glb[39m[0m
[   0% ] [90m[1mimport[22m | Started Szene importieren (104 steps)[39m[0m
[   0% ] [90m[1mimport[22m | Importiere Szene…[39m[0m
[   1% ] [90m[1mimport[22m | Eigenes Skript wird ausgeführt …[39m[0m
[  99% ] [90m[1mimport[22m | Speichern …[39m[0m
[92m[ DONE ][39m [1mimport[22m
[0m
[  77% ] [90m[1mreimport[22m | door_frame.glb[39m[0m
[   0% ] [90m[1mimport[22m | Started Szene importieren (104 steps)[39m[0m
[   0% ] [90m[1mimport[22m | Importiere Szene…[39m[0m
[   1% ] [90m[1mimport[22m | Eigenes Skript wird ausgeführt …[39m[0m
[  99% ] [90m[1mimport[22m | Speichern …[39m[0m
[92m[ DONE ][39m [1mimport[22m
[0m
[  78% ] [90m[1mreimport[22m | ceiling_board_122.gltf[39m[0m
[   0% ] [90m[1mimport[22m | Started Szene importieren (104 steps)[39m[0m
[   0% ] [90m[1mimport[22m | Importiere Szene…[39m[0m
[   1% ] [90m[1mimport[22m | Eigenes Skript wird ausgeführt …[39m[0m
[  99% ] [90m[1mimport[22m | Speichern …[39m[0m
[92m[ DONE ][39m [1mimport[22m
[0m
[  79% ] [90m[1mreimport[22m | ceiling_grid_122.gltf[39m[0m
[   0% ] [90m[1mimport[22m | Started Szene importieren (104 steps)[39m[0m
[   0% ] [90m[1mimport[22m | Importiere Szene…[39m[0m
[   1% ] [90m[1mimport[22m | Eigenes Skript wird ausgeführt …[39m[0m
[  99% ] [90m[1mimport[22m | Speichern …[39m[0m
[92m[ DONE ][39m [1mimport[22m
[0m
[  80% ] [90m[1mreimport[22m | ceiling_grid_244.gltf[39m[0m
[   0% ] [90m[1mimport[22m | Started Szene importieren (104 steps)[39m[0m
[   0% ] [90m[1mimport[22m | Importiere Szene…[39m[0m
[   1% ] [90m[1mimport[22m | Eigenes Skript wird ausgeführt …[39m[0m
[  99% ] [90m[1mimport[22m | Speichern …[39m[0m
[92m[ DONE ][39m [1mimport[22m
[0m
[  81% ] [90m[1mreimport[22m | column_061.gltf[39m[0m
[   0% ] [90m[1mimport[22m | Started Szene importieren (104 steps)[39m[0m
[   0% ] [90m[1mimport[22m | Importiere Szene…[39m[0m
[   1% ] [90m[1mimport[22m | Eigenes Skript wird ausgeführt …[39m[0m
[  99% ] [90m[1mimport[22m | Speichern …[39m[0m
[92m[ DONE ][39m [1mimport[22m
[0m
[  82% ] [90m[1mreimport[22m | column_086.gltf[39m[0m
[   0% ] [90m[1mimport[22m | Started Szene importieren (104 steps)[39m[0m
[   0% ] [90m[1mimport[22m | Importiere Szene…[39m[0m
[   1% ] [90m[1mimport[22m | Eigenes Skript wird ausgeführt …[39m[0m
[  99% ] [90m[1mimport[22m | Speichern …[39m[0m
[92m[ DONE ][39m [1mimport[22m
[0m
[  83% ] [90m[1mreimport[22m | cove_corner_090.gltf[39m[0m
[   0% ] [90m[1mimport[22m | Started Szene importieren (104 steps)[39m[0m
[   0% ] [90m[1mimport[22m | Importiere Szene…[39m[0m
[   1% ] [90m[1mimport[22m | Eigenes Skript wird ausgeführt …[39m[0m
[  99% ] [90m[1mimport[22m | Speichern …[39m[0m
[92m[ DONE ][39m [1mimport[22m
[0m
[  84% ] [90m[1mreimport[22m | fixture_exposed.gltf[39m[0m
[   0% ] [90m[1mimport[22m | Started Szene importieren (104 steps)[39m[0m
[   0% ] [90m[1mimport[22m | Importiere Szene…[39m[0m
[   1% ] [90m[1mimport[22m | Eigenes Skript wird ausgeführt …[39m[0m
[  99% ] [90m[1mimport[22m | Speichern …[39m[0m
[92m[ DONE ][39m [1mimport[22m
[0m
[  86% ] [90m[1mreimport[22m | fixture_prismatic.gltf[39m[0m
[   0% ] [90m[1mimport[22m | Started Szene importieren (104 steps)[39m[0m
[   0% ] [90m[1mimport[22m | Importiere Szene…[39m[0m
[   1% ] [90m[1mimport[22m | Eigenes Skript wird ausgeführt …[39m[0m
[  99% ] [90m[1mimport[22m | Speichern …[39m[0m
[92m[ DONE ][39m [1mimport[22m
[0m
[  87% ] [90m[1mreimport[22m | floor_carpet_244.gltf[39m[0m
[   0% ] [90m[1mimport[22m | Started Szene importieren (104 steps)[39m[0m
[   0% ] [90m[1mimport[22m | Importiere Szene…[39m[0m
[   1% ] [90m[1mimport[22m | Eigenes Skript wird ausgeführt …[39m[0m
[  99% ] [90m[1mimport[22m | Speichern …[39m[0m
[92m[ DONE ][39m [1mimport[22m
[0m
[  88% ] [90m[1mreimport[22m | room_m4_architecture.gltf[39m[0m
[   0% ] [90m[1mimport[22m | Started Szene importieren (104 steps)[39m[0m
[   0% ] [90m[1mimport[22m | Importiere Szene…[39m[0m
[   1% ] [90m[1mimport[22m | Eigenes Skript wird ausgeführt …[39m[0m
[  99% ] [90m[1mimport[22m | Speichern …[39m[0m
[92m[ DONE ][39m [1mimport[22m
[0m
[  89% ] [90m[1mreimport[22m | short_archive.gltf[39m[0m
[   0% ] [90m[1mimport[22m | Started Szene importieren (104 steps)[39m[0m
[   0% ] [90m[1mimport[22m | Importiere Szene…[39m[0m
[   1% ] [90m[1mimport[22m | Eigenes Skript wird ausgeführt …[39m[0m
[  99% ] [90m[1mimport[22m | Speichern …[39m[0m
[92m[ DONE ][39m [1mimport[22m
[0m
[  90% ] [90m[1mreimport[22m | short_arrival.gltf[39m[0m
[   0% ] [90m[1mimport[22m | Started Szene importieren (104 steps)[39m[0m
[   0% ] [90m[1mimport[22m | Importiere Szene…[39m[0m
[   1% ] [90m[1mimport[22m | Eigenes Skript wird ausgeführt …[39m[0m
[  99% ] [90m[1mimport[22m | Speichern …[39m[0m
[92m[ DONE ][39m [1mimport[22m
[0m
[  91% ] [90m[1mreimport[22m | short_blackout.gltf[39m[0m
[   0% ] [90m[1mimport[22m | Started Szene importieren (104 steps)[39m[0m
[   0% ] [90m[1mimport[22m | Importiere Szene…[39m[0m
[   1% ] [90m[1mimport[22m | Eigenes Skript wird ausgeführt …[39m[0m
[  99% ] [90m[1mimport[22m | Speichern …[39m[0m
[92m[ DONE ][39m [1mimport[22m
[0m
[  92% ] [90m[1mreimport[22m | short_exit.gltf[39m[0m
[   0% ] [90m[1mimport[22m | Started Szene importieren (104 steps)[39m[0m
[   0% ] [90m[1mimport[22m | Importiere Szene…[39m[0m
[   1% ] [90m[1mimport[22m | Eigenes Skript wird ausgeführt …[39m[0m
[  99% ] [90m[1mimport[22m | Speichern …[39m[0m
[92m[ DONE ][39m [1mimport[22m
[0m
[  93% ] [90m[1mreimport[22m | short_office_core.gltf[39m[0m
[   0% ] [90m[1mimport[22m | Started Szene importieren (104 steps)[39m[0m
[   0% ] [90m[1mimport[22m | Importiere Szene…[39m[0m
[   1% ] [90m[1mimport[22m | Eigenes Skript wird ausgeführt …[39m[0m
[  99% ] [90m[1mimport[22m | Speichern …[39m[0m
[92m[ DONE ][39m [1mimport[22m
[0m
[  94% ] [90m[1mreimport[22m | short_office_switch.gltf[39m[0m
[   0% ] [90m[1mimport[22m | Started Szene importieren (104 steps)[39m[0m
[   0% ] [90m[1mimport[22m | Importiere Szene…[39m[0m
[   1% ] [90m[1mimport[22m | Eigenes Skript wird ausgeführt …[39m[0m
[  99% ] [90m[1mimport[22m | Speichern …[39m[0m
[92m[ DONE ][39m [1mimport[22m
[0m
[  95% ] [90m[1mreimport[22m | short_service.gltf[39m[0m
[   0% ] [90m[1mimport[22m | Started Szene importieren (104 steps)[39m[0m
[   0% ] [90m[1mimport[22m | Importiere Szene…[39m[0m
[   1% ] [90m[1mimport[22m | Eigenes Skript wird ausgeführt …[39m[0m
[  99% ] [90m[1mimport[22m | Speichern …[39m[0m
[92m[ DONE ][39m [1mimport[22m
[0m
[  96% ] [90m[1mreimport[22m | short_service_bypass.gltf[39m[0m
[   0% ] [90m[1mimport[22m | Started Szene importieren (104 steps)[39m[0m
[   0% ] [90m[1mimport[22m | Importiere Szene…[39m[0m
[   1% ] [90m[1mimport[22m | Eigenes Skript wird ausgeführt …[39m[0m
[  99% ] [90m[1mimport[22m | Speichern …[39m[0m
[92m[ DONE ][39m [1mimport[22m
[0m
[  97% ] [90m[1mreimport[22m | short_service_switch.gltf[39m[0m
[   0% ] [90m[1mimport[22m | Started Szene importieren (104 steps)[39m[0m
[   0% ] [90m[1mimport[22m | Importiere Szene…[39m[0m
[   1% ] [90m[1mimport[22m | Eigenes Skript wird ausgeführt …[39m[0m
[  99% ] [90m[1mimport[22m | Speichern …[39m[0m
[92m[ DONE ][39m [1mimport[22m
[0m
[  98% ] [90m[1mreimport[22m | Asset-Import fertigstellen …[39m[0m
[92m[ DONE ][39m [1mreimport[22m
[0m
[   0% ] [90m[1mreimport[22m | Started Assets (erneut) importieren (92 steps)[39m[0m
[   0% ] [90m[1mreimport[22m | Nach-Neuimport-Operationen ausführen …[39m[0m
[92m[ DONE ][39m [1mreimport[22m
[0m
[   0% ] [90m[1mloading_editor_layout[22m | Started Editor laden (5 steps)[39m[0m
[   0% ] [90m[1mloading_editor_layout[22m | Editor-Layout laden …[39m[0m
[  16% ] [90m[1mloading_editor_layout[22m | Docks laden …[39m[0m
[92m[ DONE ][39m [1mloading_editor_layout[22m
[0m
Godot Engine v4.7.2.stable.official.ed1daf0bf - https://godotengine.org

[   0% ] [90m[1mfirst_scan_filesystem[22m | Started Projektinitialisierung (5 steps)[39m[0m
[   0% ] [90m[1mfirst_scan_filesystem[22m | Lese Dateistrucktur …[39m[0m
[  16% ] [90m[1mfirst_scan_filesystem[22m | Globale Klassennamen laden …[39m[0m
[  33% ] [90m[1mfirst_scan_filesystem[22m | Verifiziere GDExtensions…[39m[0m
[  50% ] [90m[1mfirst_scan_filesystem[22m | Autoload-Skripte erzeugen …[39m[0m
[  66% ] [90m[1mfirst_scan_filesystem[22m | Plugins initialisieren…[39m[0m
[  83% ] [90m[1mfirst_scan_filesystem[22m | Dateiscan starten …[39m[0m
[92m[ DONE ][39m [1mfirst_scan_filesystem[22m
[0m
[   0% ] [90m[1msavepack[22m | Started Packe (102 steps)[39m[0m
[   1% ] [90m[1msavepack[22m | Speichere Datei: res://.godot/imported/casing.wav-75bd4a599e6f3aee35c2ef836e7c7f75.sample[39m[0m
[   1% ] [90m[1msavepack[22m | Speichere Datei: res://assets/audio/pistol/casing.wav.import[39m[0m
[   1% ] [90m[1msavepack[22m | Speichere Datei: res://.godot/imported/empty.wav-67fb203fe6e53767ee3d83065861626e.sample[39m[0m
[   1% ] [90m[1msavepack[22m | Speichere Datei: res://assets/audio/pistol/empty.wav.import[39m[0m
[   2% ] [90m[1msavepack[22m | Speichere Datei: res://.godot/imported/mag_in.wav-f44cdbbfd1876accba9f94349c5d7a4a.sample[39m[0m
[   2% ] [90m[1msavepack[22m | Speichere Datei: res://assets/audio/pistol/mag_in.wav.import[39m[0m
[   3% ] [90m[1msavepack[22m | Speichere Datei: res://.godot/imported/mag_out.wav-1f637ec99cd34a4f200df8ddbc721c06.sample[39m[0m
[   3% ] [90m[1msavepack[22m | Speichere Datei: res://assets/audio/pistol/mag_out.wav.import[39m[0m
[   3% ] [90m[1msavepack[22m | Speichere Datei: res://.godot/imported/metal.wav-bd54180d05adbdc69604a889434e93cb.sample[39m[0m
[   3% ] [90m[1msavepack[22m | Speichere Datei: res://assets/audio/pistol/metal.wav.import[39m[0m
[   4% ] [90m[1msavepack[22m | Speichere Datei: res://.godot/imported/pickup.wav-5824ee37b86df41958dd08419f5afb90.sample[39m[0m
[   4% ] [90m[1msavepack[22m | Speichere Datei: res://assets/audio/pistol/pickup.wav.import[39m[0m
[   5% ] [90m[1msavepack[22m | Speichere Datei: res://.godot/imported/pistol_0.wav-4d4da175af5e5295269086f02fe4b2bd.sample[39m[0m
[   5% ] [90m[1msavepack[22m | Speichere Datei: res://assets/audio/pistol/pistol_0.wav.import[39m[0m
[   5% ] [90m[1msavepack[22m | Speichere Datei: res://.godot/imported/pistol_1.wav-55387ac04d3113fa9de34c462ac1e029.sample[39m[0m
[   5% ] [90m[1msavepack[22m | Speichere Datei: res://assets/audio/pistol/pistol_1.wav.import[39m[0m
[   6% ] [90m[1msavepack[22m | Speichere Datei: res://.godot/imported/pistol_2.wav-63882a7a83eb90629f7d3e2dd884690f.sample[39m[0m
[   6% ] [90m[1msavepack[22m | Speichere Datei: res://assets/audio/pistol/pistol_2.wav.import[39m[0m
[   7% ] [90m[1msavepack[22m | Speichere Datei: res://.godot/imported/plaster.wav-0cdfe34e8c9ca64bdeed1c56ef14865e.sample[39m[0m
[   7% ] [90m[1msavepack[22m | Speichere Datei: res://assets/audio/pistol/plaster.wav.import[39m[0m
[   7% ] [90m[1msavepack[22m | Speichere Datei: res://.godot/imported/slide.wav-947bece26aee807e1e0e924b77bea76a.sample[39m[0m
[   7% ] [90m[1msavepack[22m | Speichere Datei: res://assets/audio/pistol/slide.wav.import[39m[0m
[   8% ] [90m[1msavepack[22m | Speichere Datei: res://.godot/imported/air.wav-91f46220ffc100c14c841dc79a052e43.sample[39m[0m
[   8% ] [90m[1msavepack[22m | Speichere Datei: res://assets/audio/room/air.wav.import[39m[0m
[   9% ] [90m[1msavepack[22m | Speichere Datei: res://.godot/imported/attack.wav-f5cd9b1045587ea9ab0e19bf9aa74e89.sample[39m[0m
[   9% ] [90m[1msavepack[22m | Speichere Datei: res://assets/audio/room/attack.wav.import[39m[0m
[   9% ] [90m[1msavepack[22m | Speichere Datei: res://.godot/imported/breaker.wav-05babee68eb0fa4abe937884adcdcd2c.sample[39m[0m
[   9% ] [90m[1msavepack[22m | Speichere Datei: res://assets/audio/room/breaker.wav.import[39m[0m
[  10% ] [90m[1msavepack[22m | Speichere Datei: res://.godot/imported/carpet_0.wav-b388985a901ccd968f81793f8df1e9e4.sample[39m[0m
[  10% ] [90m[1msavepack[22m | Speichere Datei: res://assets/audio/room/carpet_0.wav.import[39m[0m
[  11% ] [90m[1msavepack[22m | Speichere Datei: res://.godot/imported/carpet_1.wav-f81acd35895dd74d9639ab69675064d2.sample[39m[0m
[  11% ] [90m[1msavepack[22m | Speichere Datei: res://assets/audio/room/carpet_1.wav.import[39m[0m
[  11% ] [90m[1msavepack[22m | Speichere Datei: res://.godot/imported/carpet_2.wav-e8cdd5c764ab86ff64358f445ddbd598.sample[39m[0m
[  11% ] [90m[1msavepack[22m | Speichere Datei: res://assets/audio/room/carpet_2.wav.import[39m[0m
[  12% ] [90m[1msavepack[22m | Speichere Datei: res://.godot/imported/carpet_3.wav-8ed1c0d13f6c414cbab4efa475d2dddf.sample[39m[0m
[  12% ] [90m[1msavepack[22m | Speichere Datei: res://assets/audio/room/carpet_3.wav.import[39m[0m
[  13% ] [90m[1msavepack[22m | Speichere Datei: res://.godot/imported/door.wav-74be80e65f23016af45f734b9e1b12d8.sample[39m[0m
[  13% ] [90m[1msavepack[22m | Speichere Datei: res://assets/audio/room/door.wav.import[39m[0m
[  13% ] [90m[1msavepack[22m | Speichere Datei: res://.godot/imported/hum_0.wav-445422b829150132a01743c17e78bdc7.sample[39m[0m
[  13% ] [90m[1msavepack[22m | Speichere Datei: res://assets/audio/room/hum_0.wav.import[39m[0m
[  14% ] [90m[1msavepack[22m | Speichere Datei: res://.godot/imported/hum_1.wav-f8235a347f5306a868784b4aef060cc8.sample[39m[0m
[  14% ] [90m[1msavepack[22m | Speichere Datei: res://assets/audio/room/hum_1.wav.import[39m[0m
[  15% ] [90m[1msavepack[22m | Speichere Datei: res://.godot/imported/hum_2.wav-79c0962eb36f393370303ec1d6900691.sample[39m[0m
[  15% ] [90m[1msavepack[22m | Speichere Datei: res://assets/audio/room/hum_2.wav.import[39m[0m
[  15% ] [90m[1msavepack[22m | Speichere Datei: res://.godot/imported/hurt.wav-b286aea77cfcfb919d57770e53b000b7.sample[39m[0m
[  15% ] [90m[1msavepack[22m | Speichere Datei: res://assets/audio/room/hurt.wav.import[39m[0m
[  16% ] [90m[1msavepack[22m | Speichere Datei: res://.godot/imported/listener_breath.wav-d15dbbbf22bd7f66e929119c8f863d9f.sample[39m[0m
[  16% ] [90m[1msavepack[22m | Speichere Datei: res://assets/audio/room/listener_breath.wav.import[39m[0m
[  17% ] [90m[1msavepack[22m | Speichere Datei: res://.godot/imported/listener_step_0.wav-fb76907a598bbf126284f531f98971f7.sample[39m[0m
[  17% ] [90m[1msavepack[22m | Speichere Datei: res://assets/audio/room/listener_step_0.wav.import[39m[0m
[  17% ] [90m[1msavepack[22m | Speichere Datei: res://.godot/imported/listener_step_1.wav-7b246d331c45c4c4b2455e6affc8d17e.sample[39m[0m
[  17% ] [90m[1msavepack[22m | Speichere Datei: res://assets/audio/room/listener_step_1.wav.import[39m[0m
[  18% ] [90m[1msavepack[22m | Speichere Datei: res://.godot/imported/listener_step_2.wav-06a12d480030cf823b36a68335fa2fed.sample[39m[0m
[  18% ] [90m[1msavepack[22m | Speichere Datei: res://assets/audio/room/listener_step_2.wav.import[39m[0m
[  19% ] [90m[1msavepack[22m | Speichere Datei: res://.godot/imported/listener_step_3.wav-1b05d9f14da9f2be86ddab22d9744e96.sample[39m[0m
[  19% ] [90m[1msavepack[22m | Speichere Datei: res://assets/audio/room/listener_step_3.wav.import[39m[0m
[  19% ] [90m[1msavepack[22m | Speichere Datei: res://.godot/imported/door_frame.glb-53fca73184b2dadffe0f3788481e2084.scn[39m[0m
[  19% ] [90m[1msavepack[22m | Speichere Datei: res://assets/doors/door_frame.glb.import[39m[0m
[  20% ] [90m[1msavepack[22m | Speichere Datei: res://.godot/imported/door_leaf.glb-de048c93c041506491fe3df4c6998bb8.scn[39m[0m
[  20% ] [90m[1msavepack[22m | Speichere Datei: res://assets/doors/door_leaf.glb.import[39m[0m
[  21% ] [90m[1msavepack[22m | Speichere Datei: res://.godot/imported/baseboard_basecolor.png-a49fe8429e89b4af933ea15583b03b56.bptc.ctex[39m[0m
[  21% ] [90m[1msavepack[22m | Speichere Datei: res://assets/environment/textures/baseboard_basecolor.png.import[39m[0m
[  21% ] [90m[1msavepack[22m | Speichere Datei: res://.godot/imported/baseboard_normal.png-cef0066713c2f96c64a11f8f12997f4e.s3tc.ctex[39m[0m
[  21% ] [90m[1msavepack[22m | Speichere Datei: res://assets/environment/textures/baseboard_normal.png.import[39m[0m
[  22% ] [90m[1msavepack[22m | Speichere Datei: res://.godot/imported/baseboard_orm.png-b6daf2f358a87c13ab14ab2939a68138.bptc.ctex[39m[0m
[  22% ] [90m[1msavepack[22m | Speichere Datei: res://assets/environment/textures/baseboard_orm.png.import[39m[0m
[  23% ] [90m[1msavepack[22m | Speichere Datei: res://.godot/imported/carpet_basecolor.png-28338427d014d5de5df3c4fe418e1698.bptc.ctex[39m[0m
[  23% ] [90m[1msavepack[22m | Speichere Datei: res://assets/environment/textures/carpet_basecolor.png.import[39m[0m
[  23% ] [90m[1msavepack[22m | Speichere Datei: res://.godot/imported/carpet_normal.png-6087c4da6264feef7e9a84fb33d21143.s3tc.ctex[39m[0m
[  23% ] [90m[1msavepack[22m | Speichere Datei: res://assets/environment/textures/carpet_normal.png.import[39m[0m
[  24% ] [90m[1msavepack[22m | Speichere Datei: res://.godot/imported/carpet_orm.png-9807bf9f410d246c00f41da47d3c013a.bptc.ctex[39m[0m
[  24% ] [90m[1msavepack[22m | Speichere Datei: res://assets/environment/textures/carpet_orm.png.import[39m[0m
[  25% ] [90m[1msavepack[22m | Speichere Datei: res://.godot/imported/ceiling_basecolor.png-fad29bb3238c955d78c56fd5680e194c.bptc.ctex[39m[0m
[  25% ] [90m[1msavepack[22m | Speichere Datei: res://assets/environment/textures/ceiling_basecolor.png.import[39m[0m
[  26% ] [90m[1msavepack[22m | Speichere Datei: res://.godot/imported/ceiling_normal.png-5806f4c7bc5621df28a5dc3996836176.s3tc.ctex[39m[0m
[  26% ] [90m[1msavepack[22m | Speichere Datei: res://assets/environment/textures/ceiling_normal.png.import[39m[0m
[  26% ] [90m[1msavepack[22m | Speichere Datei: res://.godot/imported/ceiling_orm.png-fe64f7c963ba2c80327626d115a9ca56.bptc.ctex[39m[0m
[  26% ] [90m[1msavepack[22m | Speichere Datei: res://assets/environment/textures/ceiling_orm.png.import[39m[0m
[  27% ] [90m[1msavepack[22m | Speichere Datei: res://.godot/imported/diffuser_basecolor.png-fd8e667013cfdcfcf0c22b8fc5e69a28.bptc.ctex[39m[0m
[  27% ] [90m[1msavepack[22m | Speichere Datei: res://assets/environment/textures/diffuser_basecolor.png.import[39m[0m
[  28% ] [90m[1msavepack[22m | Speichere Datei: res://.godot/imported/diffuser_normal.png-fe1cf6bc214a154881d45d87e2b6f754.s3tc.ctex[39m[0m
[  28% ] [90m[1msavepack[22m | Speichere Datei: res://assets/environment/textures/diffuser_normal.png.import[39m[0m
[  28% ] [90m[1msavepack[22m | Speichere Datei: res://.godot/imported/diffuser_orm.png-da238aa19dca35a0e322d0fe74ff0f66.bptc.ctex[39m[0m
[  28% ] [90m[1msavepack[22m | Speichere Datei: res://assets/environment/textures/diffuser_orm.png.import[39m[0m
[  29% ] [90m[1msavepack[22m | Speichere Datei: res://.godot/imported/fixture_detail_basecolor.png-056bf5c38d1a493f9705cdabfe18789f.bptc.ctex[39m[0m
[  29% ] [90m[1msavepack[22m | Speichere Datei: res://assets/environment/textures/fixture_detail_basecolor.png.import[39m[0m
[  30% ] [90m[1msavepack[22m | Speichere Datei: res://.godot/imported/fixture_detail_emission.png-d763d66fd76fd21946c9057adfb00980.bptc.ctex[39m[0m
[  30% ] [90m[1msavepack[22m | Speichere Datei: res://assets/environment/textures/fixture_detail_emission.png.import[39m[0m
[  30% ] [90m[1msavepack[22m | Speichere Datei: res://.godot/imported/fixture_detail_normal.png-b0a0fd13eec55a16bbe2035cbeac710c.s3tc.ctex[39m[0m
[  30% ] [90m[1msavepack[22m | Speichere Datei: res://assets/environment/textures/fixture_detail_normal.png.import[39m[0m
[  31% ] [90m[1msavepack[22m | Speichere Datei: res://.godot/imported/fixture_detail_orm.png-4f238058011c11a1f1d237174d02f43b.bptc.ctex[39m[0m
[  31% ] [90m[1msavepack[22m | Speichere Datei: res://assets/environment/textures/fixture_detail_orm.png.import[39m[0m
[  32% ] [90m[1msavepack[22m | Speichere Datei: res://assets/environment/textures/material_manifest.json[39m[0m
[  32% ] [90m[1msavepack[22m | Speichere Datei: res://.godot/imported/painted_metal_basecolor.png-319da07c42356afd2eaffd060d06d332.bptc.ctex[39m[0m
[  32% ] [90m[1msavepack[22m | Speichere Datei: res://assets/environment/textures/painted_metal_basecolor.png.import[39m[0m
[  33% ] [90m[1msavepack[22m | Speichere Datei: res://.godot/imported/painted_metal_normal.png-a3ec1c1ffdd2746d9abb608b33c6445a.s3tc.ctex[39m[0m
[  33% ] [90m[1msavepack[22m | Speichere Datei: res://assets/environment/textures/painted_metal_normal.png.import[39m[0m
[  33% ] [90m[1msavepack[22m | Speichere Datei: res://.godot/imported/painted_metal_orm.png-a2161089307e56d61a18278c46d5fe53.bptc.ctex[39m[0m
[  33% ] [90m[1msavepack[22m | Speichere Datei: res://assets/environment/textures/painted_metal_orm.png.import[39m[0m
[  33% ] [90m[1msavepack[22m | Speichere Datei: res://.godot/imported/room_m4_macro.png-d0637167a0e912984ac2ba5932049c8b.bptc.ctex[39m[0m
[  33% ] [90m[1msavepack[22m | Speichere Datei: res://assets/environment/textures/room_m4_macro.png.import[39m[0m
[  34% ] [90m[1msavepack[22m | Speichere Datei: res://.godot/imported/wallpaper_basecolor.png-220f3ea937eb89330ed8e88c9275f6ab.bptc.ctex[39m[0m
[  34% ] [90m[1msavepack[22m | Speichere Datei: res://assets/environment/textures/wallpaper_basecolor.png.import[39m[0m
[  35% ] [90m[1msavepack[22m | Speichere Datei: res://.godot/imported/wallpaper_normal.png-6694747282e671da487d06ec104771bc.s3tc.ctex[39m[0m
[  35% ] [90m[1msavepack[22m | Speichere Datei: res://assets/environment/textures/wallpaper_normal.png.import[39m[0m
[  35% ] [90m[1msavepack[22m | Speichere Datei: res://.godot/imported/wallpaper_orm.png-4a757ce898b9b342a2b8365b43205e67.bptc.ctex[39m[0m
[  35% ] [90m[1msavepack[22m | Speichere Datei: res://assets/environment/textures/wallpaper_orm.png.import[39m[0m
[  36% ] [90m[1msavepack[22m | Speichere Datei: res://.godot/imported/ceiling_board_122.gltf-c7c974e42b35ea2322e28952ab5bf161.scn[39m[0m
[  36% ] [90m[1msavepack[22m | Speichere Datei: res://assets/environment/ceiling_board_122.gltf.import[39m[0m
[  37% ] [90m[1msavepack[22m | Speichere Datei: res://.godot/imported/ceiling_grid_122.gltf-feec261fcf9c5b1e06df2474672745ad.scn[39m[0m
[  37% ] [90m[1msavepack[22m | Speichere Datei: res://assets/environment/ceiling_grid_122.gltf.import[39m[0m
[  37% ] [90m[1msavepack[22m | Speichere Datei: res://.godot/imported/ceiling_grid_244.gltf-2c010fb494d633d7dbf8856ff2197fc0.scn[39m[0m
[  37% ] [90m[1msavepack[22m | Speichere Datei: res://assets/environment/ceiling_grid_244.gltf.import[39m[0m
[  38% ] [90m[1msavepack[22m | Speichere Datei: res://.godot/imported/column_061.gltf-61023e389822492d36fe01b95aa6f0c8.scn[39m[0m
[  38% ] [90m[1msavepack[22m | Speichere Datei: res://assets/environment/column_061.gltf.import[39m[0m
[  39% ] [90m[1msavepack[22m | Speichere Datei: res://.godot/imported/column_086.gltf-b664732c20242811dfaefb9cda8bc0b7.scn[39m[0m
[  39% ] [90m[1msavepack[22m | Speichere Datei: res://assets/environment/column_086.gltf.import[39m[0m
[  39% ] [90m[1msavepack[22m | Speichere Datei: res://.godot/imported/cove_corner_090.gltf-d5227da02955eef994bf5f8ae374cdbd.scn[39m[0m
[  39% ] [90m[1msavepack[22m | Speichere Datei: res://assets/environment/cove_corner_090.gltf.import[39m[0m
[  40% ] [90m[1msavepack[22m | Speichere Datei: res://assets/environment/environment_manifest.json[39m[0m
[  41% ] [90m[1msavepack[22m | Speichere Datei: res://.godot/imported/fixture_exposed.gltf-01e661c8be58fbfc9973bc94f3c13c00.scn[39m[0m
[  41% ] [90m[1msavepack[22m | Speichere Datei: res://assets/environment/fixture_exposed.gltf.import[39m[0m
[  41% ] [90m[1msavepack[22m | Speichere Datei: res://.godot/imported/fixture_prismatic.gltf-b81b4f48764ea1a58a577222c09629bb.scn[39m[0m
[  41% ] [90m[1msavepack[22m | Speichere Datei: res://assets/environment/fixture_prismatic.gltf.import[39m[0m
[  42% ] [90m[1msavepack[22m | Speichere Datei: res://.godot/imported/floor_carpet_244.gltf-467856c1e2b6ba9315b01e24ac69abe8.scn[39m[0m
[  42% ] [90m[1msavepack[22m | Speichere Datei: res://assets/environment/floor_carpet_244.gltf.import[39m[0m
[  43% ] [90m[1msavepack[22m | Speichere Datei: res://assets/environment/provenance.json[39m[0m
[  43% ] [90m[1msavepack[22m | Speichere Datei: res://.godot/imported/room_m4_architecture.gltf-840778a0fe3c0317d38bb2fdb8068f60.scn[39m[0m
[  43% ] [90m[1msavepack[22m | Speichere Datei: res://assets/environment/room_m4_architecture.gltf.import[39m[0m
[  44% ] [90m[1msavepack[22m | Speichere Datei: res://.godot/imported/short_archive.gltf-ffbd10c7dee20208a52cdea998609e15.scn[39m[0m
[  44% ] [90m[1msavepack[22m | Speichere Datei: res://assets/environment/short_archive.gltf.import[39m[0m
[  45% ] [90m[1msavepack[22m | Speichere Datei: res://.godot/imported/short_arrival.gltf-a741bddbded65179c87763feb358c837.scn[39m[0m
[  45% ] [90m[1msavepack[22m | Speichere Datei: res://assets/environment/short_arrival.gltf.import[39m[0m
[  45% ] [90m[1msavepack[22m | Speichere Datei: res://.godot/imported/short_blackout.gltf-d98a3588425fe3167ac7a7c5b71b1651.scn[39m[0m
[  45% ] [90m[1msavepack[22m | Speichere Datei: res://assets/environment/short_blackout.gltf.import[39m[0m
[  46% ] [90m[1msavepack[22m | Speichere Datei: res://.godot/imported/short_exit.gltf-566553f239b111d4704f41dabff45e96.scn[39m[0m
[  46% ] [90m[1msavepack[22m | Speichere Datei: res://assets/environment/short_exit.gltf.import[39m[0m
[  47% ] [90m[1msavepack[22m | Speichere Datei: res://assets/environment/short_map.json[39m[0m
[  47% ] [90m[1msavepack[22m | Speichere Datei: res://.godot/imported/short_office_core.gltf-b08f30389b15ccc49b82e824141d8373.scn[39m[0m
[  47% ] [90m[1msavepack[22m | Speichere Datei: res://assets/environment/short_office_core.gltf.import[39m[0m
[  48% ] [90m[1msavepack[22m | Speichere Datei: res://.godot/imported/short_office_switch.gltf-7c8ad62eb97fd0fc52700abf7cb516bf.scn[39m[0m
[  48% ] [90m[1msavepack[22m | Speichere Datei: res://assets/environment/short_office_switch.gltf.import[39m[0m
[  49% ] [90m[1msavepack[22m | Speichere Datei: res://.godot/imported/short_service.gltf-2bf8b84f9ac53b764a14765b4f3fa822.scn[39m[0m
[  49% ] [90m[1msavepack[22m | Speichere Datei: res://assets/environment/short_service.gltf.import[39m[0m
[  50% ] [90m[1msavepack[22m | Speichere Datei: res://.godot/imported/short_service_bypass.gltf-0bd7df2c6a69286b9905fee6c0d9f592.scn[39m[0m
[  50% ] [90m[1msavepack[22m | Speichere Datei: res://assets/environment/short_service_bypass.gltf.import[39m[0m
[  50% ] [90m[1msavepack[22m | Speichere Datei: res://.godot/imported/short_service_switch.gltf-2487d6011ada081dbf63a0cbdc3b5b0f.scn[39m[0m
[  50% ] [90m[1msavepack[22m | Speichere Datei: res://assets/environment/short_service_switch.gltf.import[39m[0m
[  51% ] [90m[1msavepack[22m | Speichere Datei: res://.godot/imported/short_west_return.gltf-ceba7850feae470c9f6968baaa3e5149.scn[39m[0m
[  51% ] [90m[1msavepack[22m | Speichere Datei: res://assets/environment/short_west_return.gltf.import[39m[0m
[  52% ] [90m[1msavepack[22m | Speichere Datei: res://.godot/imported/wall_061.gltf-59d08e5b04523555b494210e38c532b7.scn[39m[0m
[  52% ] [90m[1msavepack[22m | Speichere Datei: res://assets/environment/wall_061.gltf.import[39m[0m
[  52% ] [90m[1msavepack[22m | Speichere Datei: res://.godot/imported/wall_122.gltf-dc88088e41575b96fe5f0a99a49f1e10.scn[39m[0m
[  52% ] [90m[1msavepack[22m | Speichere Datei: res://assets/environment/wall_122.gltf.import[39m[0m
[  53% ] [90m[1msavepack[22m | Speichere Datei: res://.godot/imported/wall_244.gltf-b960153837a6510c6bb41647fc49b586.scn[39m[0m
[  53% ] [90m[1msavepack[22m | Speichere Datei: res://assets/environment/wall_244.gltf.import[39m[0m
[  54% ] [90m[1msavepack[22m | Speichere Datei: res://.godot/imported/wall_366.gltf-503e882c144e5b8898473c34af0e3713.scn[39m[0m
[  54% ] [90m[1msavepack[22m | Speichere Datei: res://assets/environment/wall_366.gltf.import[39m[0m
[  54% ] [90m[1msavepack[22m | Speichere Datei: res://.godot/imported/wall_low_244.gltf-52031f66973db35056cdbfa22010b505.scn[39m[0m
[  54% ] [90m[1msavepack[22m | Speichere Datei: res://assets/environment/wall_low_244.gltf.import[39m[0m
[  55% ] [90m[1msavepack[22m | Speichere Datei: res://.godot/imported/wall_portal_244.gltf-fb4451a8f05755eff42f84971ad73f93.scn[39m[0m
[  55% ] [90m[1msavepack[22m | Speichere Datei: res://assets/environment/wall_portal_244.gltf.import[39m[0m
[  56% ] [90m[1msavepack[22m | Speichere Datei: res://.godot/imported/wall_portal_366.gltf-d3438100aaf556e7313b8a5baba5269a.scn[39m[0m
[  56% ] [90m[1msavepack[22m | Speichere Datei: res://assets/environment/wall_portal_366.gltf.import[39m[0m
[  56% ] [90m[1msavepack[22m | Speichere Datei: res://.godot/imported/wall_vent.gltf-2957430d96c3284ddb1fec3cf8dfb95c.scn[39m[0m
[  56% ] [90m[1msavepack[22m | Speichere Datei: res://assets/environment/wall_vent.gltf.import[39m[0m
[  57% ] [90m[1msavepack[22m | Speichere Datei: res://.godot/imported/listener.glb-f83b5b86731c615c5d27d2764a602915.scn[39m[0m
[  57% ] [90m[1msavepack[22m | Speichere Datei: res://assets/listener/listener.glb.import[39m[0m
[  58% ] [90m[1msavepack[22m | Speichere Datei: res://.godot/imported/listener_gameplay.glb-262164ce190034a03fd671dc4490e748.scn[39m[0m
[  58% ] [90m[1msavepack[22m | Speichere Datei: res://assets/listener/listener_gameplay.glb.import[39m[0m
[  58% ] [90m[1msavepack[22m | Speichere Datei: res://.godot/imported/listener_gameplay_listener_skin_basecolor.png-ccc7cea7a53e706b2d216bf881f07983.ctex[39m[0m
[  58% ] [90m[1msavepack[22m | Speichere Datei: res://assets/listener/listener_gameplay_listener_skin_basecolor.png.import[39m[0m
[  59% ] [90m[1msavepack[22m | Speichere Datei: res://.godot/imported/listener_gameplay_listener_skin_normal.png-c7b2e9e0925d202352169ac9d3e0a788.ctex[39m[0m
[  59% ] [90m[1msavepack[22m | Speichere Datei: res://assets/listener/listener_gameplay_listener_skin_normal.png.import[39m[0m
[  60% ] [90m[1msavepack[22m | Speichere Datei: res://.godot/imported/listener_gameplay_listener_skin_orm.png-bd3fd2d1b3dbf208685425cc5b4ac134.ctex[39m[0m
[  60% ] [90m[1msavepack[22m | Speichere Datei: res://assets/listener/listener_gameplay_listener_skin_orm.png.import[39m[0m
[  60% ] [90m[1msavepack[22m | Speichere Datei: res://.godot/imported/listener_listener_skin_basecolor.png-9cd04a3a7f056aeb512e1de75d7129a7.ctex[39m[0m
[  60% ] [90m[1msavepack[22m | Speichere Datei: res://assets/listener/listener_listener_skin_basecolor.png.import[39m[0m
[  61% ] [90m[1msavepack[22m | Speichere Datei: res://.godot/imported/listener_listener_skin_normal.png-514ddd4abf0373bbb25be2820387d4de.ctex[39m[0m
[  61% ] [90m[1msavepack[22m | Speichere Datei: res://assets/listener/listener_listener_skin_normal.png.import[39m[0m
[  62% ] [90m[1msavepack[22m | Speichere Datei: res://.godot/imported/listener_listener_skin_orm.png-57f7f1f4d8dd18d50e8f63b0b3e2b36a.ctex[39m[0m
[  62% ] [90m[1msavepack[22m | Speichere Datei: res://assets/listener/listener_listener_skin_orm.png.import[39m[0m
[  62% ] [90m[1msavepack[22m | Speichere Datei: res://assets/listener/listener_manifest.json[39m[0m
[  63% ] [90m[1msavepack[22m | Speichere Datei: res://assets/listener/provenance.json[39m[0m
[  64% ] [90m[1msavepack[22m | Speichere Datei: res://.godot/imported/pistol.glb-c458c1ea88eb60c7e3c8cc86458b1f76.scn[39m[0m
[  64% ] [90m[1msavepack[22m | Speichere Datei: res://assets/pistol/pistol.glb.import[39m[0m
[  64% ] [90m[1msavepack[22m | Speichere Datei: res://.godot/imported/pistol_case.glb-caea7b592780f595860cdf0449ac358b.scn[39m[0m
[  64% ] [90m[1msavepack[22m | Speichere Datei: res://assets/pistol/pistol_case.glb.import[39m[0m
[  65% ] [90m[1msavepack[22m | Speichere Datei: res://.godot/imported/pistol_casing.glb-e2565110fb9b19fe806a5767a5ca0dc9.scn[39m[0m
[  65% ] [90m[1msavepack[22m | Speichere Datei: res://assets/pistol/pistol_casing.glb.import[39m[0m
[  66% ] [90m[1msavepack[22m | Speichere Datei: res://core/config/game_tuning.gdc[39m[0m
[  66% ] [90m[1msavepack[22m | Speichere Datei: res://core/config/quality_profile.gdc[39m[0m
[  66% ] [90m[1msavepack[22m | Speichere Datei: res://core/events/event_hub.gdc[39m[0m
[  67% ] [90m[1msavepack[22m | Speichere Datei: res://core/events/perception_observation.gdc[39m[0m
[  67% ] [90m[1msavepack[22m | Speichere Datei: res://core/events/shot_event.gdc[39m[0m
[  68% ] [90m[1msavepack[22m | Speichere Datei: res://core/events/shot_hit.gdc[39m[0m
[  69% ] [90m[1msavepack[22m | Speichere Datei: res://core/events/sound_event.gdc[39m[0m
[  69% ] [90m[1msavepack[22m | Speichere Datei: res://core/flow/game_flow.gdc[39m[0m
[  70% ] [90m[1msavepack[22m | Speichere Datei: res://core/input/input_gate.gdc[39m[0m
[  71% ] [90m[1msavepack[22m | Speichere Datei: res://core/persistence/atomic_json_store.gdc[39m[0m
[  71% ] [90m[1msavepack[22m | Speichere Datei: res://core/persistence/checkpoint_restore_participant.gdc[39m[0m
[  72% ] [90m[1msavepack[22m | Speichere Datei: res://core/persistence/checkpoint_system.gdc[39m[0m
[  73% ] [90m[1msavepack[22m | Speichere Datei: res://core/persistence/restore_barrier.gdc[39m[0m
[  74% ] [90m[1msavepack[22m | Speichere Datei: res://core/persistence/restore_context.gdc[39m[0m
[  74% ] [90m[1msavepack[22m | Speichere Datei: res://core/persistence/save_system.gdc[39m[0m
[  75% ] [90m[1msavepack[22m | Speichere Datei: res://core/persistence/snapshot_schema.gdc[39m[0m
[  76% ] [90m[1msavepack[22m | Speichere Datei: res://core/persistence/storage_result.gdc[39m[0m
[  76% ] [90m[1msavepack[22m | Speichere Datei: res://core/settings/settings_manager.gdc[39m[0m
[  77% ] [90m[1msavepack[22m | Speichere Datei: res://core/settings/settings_schema.gdc[39m[0m
[  78% ] [90m[1msavepack[22m | Speichere Datei: res://core/telemetry/telemetry.gdc[39m[0m
[  78% ] [90m[1msavepack[22m | Speichere Datei: res://core/time/simulation_clock.gdc[39m[0m
[  79% ] [90m[1msavepack[22m | Speichere Datei: res://core/time/simulation_stamp.gdc[39m[0m
[  80% ] [90m[1msavepack[22m | Speichere Datei: res://.godot/exported/133200997/export-b7e868376ec453a2144346124b0b2d96-high.res[39m[0m
[  80% ] [90m[1msavepack[22m | Speichere Datei: res://.godot/exported/133200997/export-82f8b0ce203af5d262ba21c648706356-low.res[39m[0m
[  81% ] [90m[1msavepack[22m | Speichere Datei: res://.godot/exported/133200997/export-d45564cfb3f0652718ac2f786283c725-medium.res[39m[0m
[  82% ] [90m[1msavepack[22m | Speichere Datei: res://.godot/exported/133200997/export-4281724c42e380fb4d19b54d18b61553-ultra.res[39m[0m
[  82% ] [90m[1msavepack[22m | Speichere Datei: res://.godot/exported/133200997/export-911868316ba78034388a155067a74f01-default_tuning.res[39m[0m
[  83% ] [90m[1msavepack[22m | Speichere Datei: res://environment/environment_surface.gdshader[39m[0m
[  84% ] [90m[1msavepack[22m | Speichere Datei: res://environment/environment_surface_library.gdc[39m[0m
[  84% ] [90m[1msavepack[22m | Speichere Datei: res://environment/fluorescent_fixture.gdc[39m[0m
[  85% ] [90m[1msavepack[22m | Speichere Datei: res://environment/m4_reference_room.gdc[39m[0m
[  86% ] [90m[1msavepack[22m | Speichere Datei: res://.godot/exported/133200997/export-fd0dcb20f6e26ee10acab729b15d74aa-m4_reference_room.scn[39m[0m
[  86% ] [90m[1msavepack[22m | Speichere Datei: res://environment/short_map.gdc[39m[0m
[  87% ] [90m[1msavepack[22m | Speichere Datei: res://.godot/exported/133200997/export-49b6160020171116ef8434f09ed50e48-short_map.scn[39m[0m
[  88% ] [90m[1msavepack[22m | Speichere Datei: res://monster/listener.gdc[39m[0m
[  88% ] [90m[1msavepack[22m | Speichere Datei: res://player/player.gdc[39m[0m
[  89% ] [90m[1msavepack[22m | Speichere Datei: res://.godot/exported/133200997/export-753d15e03e0182f9d550ac833b42bb41-player.scn[39m[0m
[  90% ] [90m[1msavepack[22m | Speichere Datei: res://scenes/bootstrap/diagnostic_boot.gdc[39m[0m
[  90% ] [90m[1msavepack[22m | Speichere Datei: res://.godot/exported/133200997/export-2fa2511b19fe1a51ac7deda7bea31ad7-diagnostic_boot.scn[39m[0m
[  91% ] [90m[1msavepack[22m | Speichere Datei: res://section/door.gdc[39m[0m
[  92% ] [90m[1msavepack[22m | Speichere Datei: res://section/light_switch.gdc[39m[0m
[  92% ] [90m[1msavepack[22m | Speichere Datei: res://section/power_relay.gdc[39m[0m
[  93% ] [90m[1msavepack[22m | Speichere Datei: res://section/section.gdc[39m[0m
[  94% ] [90m[1msavepack[22m | Speichere Datei: res://.godot/exported/133200997/export-9672609a223ad1b65595262dd6dd3b72-section.scn[39m[0m
[  94% ] [90m[1msavepack[22m | Speichere Datei: res://section/section_menu.gdc[39m[0m
[  95% ] [90m[1msavepack[22m | Speichere Datei: res://section/section_sound.gdc[39m[0m
[  96% ] [90m[1msavepack[22m | Speichere Datei: res://.godot/exported/133200997/export-19246414aa9fb561ced4b8dce477acec-default_bus_layout.res[39m[0m
[  96% ] [90m[1msavepack[22m | Speichere Datei: res://weapons/pistol.gdc[39m[0m
[  97% ] [90m[1msavepack[22m | Speichere Datei: res://weapons/pistol_effects.gdc[39m[0m
[  98% ] [90m[1msavepack[22m | Speichere Datei: res://weapons/pistol_pickup.gdc[39m[0m
[  98% ] [90m[1msavepack[22m | Speichere Datei: res://core/config/game_tuning.gd.remap[39m[0m
[  98% ] [90m[1msavepack[22m | Speichere Datei: res://core/config/quality_profile.gd.remap[39m[0m
[  98% ] [90m[1msavepack[22m | Speichere Datei: res://core/events/event_hub.gd.remap[39m[0m
[  98% ] [90m[1msavepack[22m | Speichere Datei: res://core/events/perception_observation.gd.remap[39m[0m
[  98% ] [90m[1msavepack[22m | Speichere Datei: res://core/events/shot_event.gd.remap[39m[0m
[  98% ] [90m[1msavepack[22m | Speichere Datei: res://core/events/shot_hit.gd.remap[39m[0m
[  98% ] [90m[1msavepack[22m | Speichere Datei: res://core/events/sound_event.gd.remap[39m[0m
[  98% ] [90m[1msavepack[22m | Speichere Datei: res://core/flow/game_flow.gd.remap[39m[0m
[  98% ] [90m[1msavepack[22m | Speichere Datei: res://core/input/input_gate.gd.remap[39m[0m
[  98% ] [90m[1msavepack[22m | Speichere Datei: res://core/persistence/atomic_json_store.gd.remap[39m[0m
[  98% ] [90m[1msavepack[22m | Speichere Datei: res://core/persistence/checkpoint_restore_participant.gd.remap[39m[0m
[  98% ] [90m[1msavepack[22m | Speichere Datei: res://core/persistence/checkpoint_system.gd.remap[39m[0m
[  98% ] [90m[1msavepack[22m | Speichere Datei: res://core/persistence/restore_barrier.gd.remap[39m[0m
[  98% ] [90m[1msavepack[22m | Speichere Datei: res://core/persistence/restore_context.gd.remap[39m[0m
[  98% ] [90m[1msavepack[22m | Speichere Datei: res://core/persistence/save_system.gd.remap[39m[0m
[  98% ] [90m[1msavepack[22m | Speichere Datei: res://core/persistence/snapshot_schema.gd.remap[39m[0m
[  98% ] [90m[1msavepack[22m | Speichere Datei: res://core/persistence/storage_result.gd.remap[39m[0m
[  98% ] [90m[1msavepack[22m | Speichere Datei: res://core/settings/settings_manager.gd.remap[39m[0m
[  98% ] [90m[1msavepack[22m | Speichere Datei: res://core/settings/settings_schema.gd.remap[39m[0m
[  98% ] [90m[1msavepack[22m | Speichere Datei: res://core/telemetry/telemetry.gd.remap[39m[0m
[  98% ] [90m[1msavepack[22m | Speichere Datei: res://core/time/simulation_clock.gd.remap[39m[0m
[  98% ] [90m[1msavepack[22m | Speichere Datei: res://core/time/simulation_stamp.gd.remap[39m[0m
[  98% ] [90m[1msavepack[22m | Speichere Datei: res://data/quality/high.tres.remap[39m[0m
[  98% ] [90m[1msavepack[22m | Speichere Datei: res://data/quality/low.tres.remap[39m[0m
[  98% ] [90m[1msavepack[22m | Speichere Datei: res://data/quality/medium.tres.remap[39m[0m
[  98% ] [90m[1msavepack[22m | Speichere Datei: res://data/quality/ultra.tres.remap[39m[0m
[  98% ] [90m[1msavepack[22m | Speichere Datei: res://data/default_tuning.tres.remap[39m[0m
[  98% ] [90m[1msavepack[22m | Speichere Datei: res://environment/environment_surface_library.gd.remap[39m[0m
[  98% ] [90m[1msavepack[22m | Speichere Datei: res://environment/fluorescent_fixture.gd.remap[39m[0m
[  98% ] [90m[1msavepack[22m | Speichere Datei: res://environment/m4_reference_room.gd.remap[39m[0m
[  98% ] [90m[1msavepack[22m | Speichere Datei: res://environment/m4_reference_room.tscn.remap[39m[0m
[  98% ] [90m[1msavepack[22m | Speichere Datei: res://environment/short_map.gd.remap[39m[0m
[  98% ] [90m[1msavepack[22m | Speichere Datei: res://environment/short_map.tscn.remap[39m[0m
[  98% ] [90m[1msavepack[22m | Speichere Datei: res://monster/listener.gd.remap[39m[0m
[  98% ] [90m[1msavepack[22m | Speichere Datei: res://player/player.gd.remap[39m[0m
[  98% ] [90m[1msavepack[22m | Speichere Datei: res://player/player.tscn.remap[39m[0m
[  98% ] [90m[1msavepack[22m | Speichere Datei: res://scenes/bootstrap/diagnostic_boot.gd.remap[39m[0m
[  98% ] [90m[1msavepack[22m | Speichere Datei: res://scenes/bootstrap/diagnostic_boot.tscn.remap[39m[0m
[  98% ] [90m[1msavepack[22m | Speichere Datei: res://section/door.gd.remap[39m[0m
[  98% ] [90m[1msavepack[22m | Speichere Datei: res://section/light_switch.gd.remap[39m[0m
[  98% ] [90m[1msavepack[22m | Speichere Datei: res://section/power_relay.gd.remap[39m[0m
[  98% ] [90m[1msavepack[22m | Speichere Datei: res://section/section.gd.remap[39m[0m
[  98% ] [90m[1msavepack[22m | Speichere Datei: res://section/section.tscn.remap[39m[0m
[  98% ] [90m[1msavepack[22m | Speichere Datei: res://section/section_menu.gd.remap[39m[0m
[  98% ] [90m[1msavepack[22m | Speichere Datei: res://section/section_sound.gd.remap[39m[0m
[  98% ] [90m[1msavepack[22m | Speichere Datei: res://default_bus_layout.tres.remap[39m[0m
[  98% ] [90m[1msavepack[22m | Speichere Datei: res://weapons/pistol.gd.remap[39m[0m
[  98% ] [90m[1msavepack[22m | Speichere Datei: res://weapons/pistol_effects.gd.remap[39m[0m
[  98% ] [90m[1msavepack[22m | Speichere Datei: res://weapons/pistol_pickup.gd.remap[39m[0m
[  98% ] [90m[1msavepack[22m | Speichere Datei: res://.godot/global_script_class_cache.cfg[39m[0m
[  98% ] [90m[1msavepack[22m | Speichere Datei: res://.godot/uid_cache.bin[39m[0m
[  98% ] [90m[1msavepack[22m | Speichere Datei: res://project.binary[39m[0m
[92m[ DONE ][39m [1msavepack[22m
[0m
