Godot Engine v4.7.2.stable.official.ed1daf0bf - https://godotengine.org

[   0% ] [90m[1mfirst_scan_filesystem[22m | Started Projektinitialisierung (5 steps)[39m[0m
[   0% ] [90m[1mfirst_scan_filesystem[22m | Lese Dateistrucktur …[39m[0m
[  16% ] [90m[1mfirst_scan_filesystem[22m | Globale Klassennamen laden …[39m[0m
[  33% ] [90m[1mfirst_scan_filesystem[22m | Verifiziere GDExtensions…[39m[0m
[  50% ] [90m[1mfirst_scan_filesystem[22m | Autoload-Skripte erzeugen …[39m[0m
[  66% ] [90m[1mfirst_scan_filesystem[22m | Plugins initialisieren…[39m[0m
[  83% ] [90m[1mfirst_scan_filesystem[22m | Dateiscan starten …[39m[0m
[92m[ DONE ][39m [1mfirst_scan_filesystem[22m
[0m
[   0% ] [90m[1mupdate_scripts_classes[22m | Started Globale Klassen registrieren … (12 steps)[39m[0m
[   0% ] [90m[1mupdate_scripts_classes[22m | EnvironmentSurfaceLibrary[39m[0m
[   7% ] [90m[1mupdate_scripts_classes[22m | ShortMap[39m[0m
[  15% ] [90m[1mupdate_scripts_classes[22m | Listener[39m[0m
[  23% ] [90m[1mupdate_scripts_classes[22m | SectionPlayer[39m[0m
[  30% ] [90m[1mupdate_scripts_classes[22m | SectionDoor[39m[0m
[  38% ] [90m[1mupdate_scripts_classes[22m | PowerRelay[39m[0m
[  46% ] [90m[1mupdate_scripts_classes[22m | NullspaceSection[39m[0m
[  53% ] [90m[1mupdate_scripts_classes[22m | NullspaceSectionMenu[39m[0m
[  61% ] [90m[1mupdate_scripts_classes[22m | SectionSound[39m[0m
[  69% ] [90m[1mupdate_scripts_classes[22m | [39m[0m
[  76% ] [90m[1mupdate_scripts_classes[22m | SectionPistol[39m[0m
[  84% ] [90m[1mupdate_scripts_classes[22m | PistolEffects[39m[0m
[92m[ DONE ][39m [1mupdate_scripts_classes[22m
[0m
[   0% ] [90m[1m_update_scan_actions[22m | Started Aktionen scannen … (10 steps)[39m[0m
[   0% ] [90m[1m_update_scan_actions[22m | short_archive.gltf[39m[0m
[   9% ] [90m[1m_update_scan_actions[22m | short_arrival.gltf[39m[0m
[  18% ] [90m[1m_update_scan_actions[22m | short_blackout.gltf[39m[0m
[  27% ] [90m[1m_update_scan_actions[22m | short_exit.gltf[39m[0m
[  36% ] [90m[1m_update_scan_actions[22m | short_office_core.gltf[39m[0m
[  45% ] [90m[1m_update_scan_actions[22m | short_office_switch.gltf[39m[0m
[  54% ] [90m[1m_update_scan_actions[22m | short_service.gltf[39m[0m
[  63% ] [90m[1m_update_scan_actions[22m | short_service_bypass.gltf[39m[0m
[  72% ] [90m[1m_update_scan_actions[22m | short_service_switch.gltf[39m[0m
[  81% ] [90m[1m_update_scan_actions[22m | short_west_return.gltf[39m[0m
[92m[ DONE ][39m [1m_update_scan_actions[22m
[0m
[   0% ] [90m[1mreimport[22m | Started Assets (erneut) importieren (10 steps)[39m[0m
[   0% ] [90m[1mreimport[22m | Dateien zum Neuimport vorbereiten …[39m[0m
[   9% ] [90m[1mreimport[22m | Dateien zum Neuimport vorbereiten …[39m[0m
[  18% ] [90m[1mreimport[22m | Dateien zum Neuimport vorbereiten …[39m[0m
[  27% ] [90m[1mreimport[22m | Dateien zum Neuimport vorbereiten …[39m[0m
[  36% ] [90m[1mreimport[22m | Dateien zum Neuimport vorbereiten …[39m[0m
[  45% ] [90m[1mreimport[22m | Dateien zum Neuimport vorbereiten …[39m[0m
[  54% ] [90m[1mreimport[22m | Dateien zum Neuimport vorbereiten …[39m[0m
[  63% ] [90m[1mreimport[22m | Dateien zum Neuimport vorbereiten …[39m[0m
[  72% ] [90m[1mreimport[22m | Dateien zum Neuimport vorbereiten …[39m[0m
[  81% ] [90m[1mreimport[22m | Dateien zum Neuimport vorbereiten …[39m[0m
[   0% ] [90m[1mreimport[22m | Vor-Neuimport-Operationen ausführen …[39m[0m
[   0% ] [90m[1mreimport[22m | short_archive.gltf[39m[0m
[   0% ] [90m[1mimport[22m | Started Szene importieren (104 steps)[39m[0m
[   0% ] [90m[1mimport[22m | Importiere Szene…[39m[0m
[   1% ] [90m[1mimport[22m | Eigenes Skript wird ausgeführt …[39m[0m
[  99% ] [90m[1mimport[22m | Speichern …[39m[0m
[92m[ DONE ][39m [1mimport[22m
[0m
[   9% ] [90m[1mreimport[22m | short_arrival.gltf[39m[0m
[   0% ] [90m[1mimport[22m | Started Szene importieren (104 steps)[39m[0m
[   0% ] [90m[1mimport[22m | Importiere Szene…[39m[0m
[   1% ] [90m[1mimport[22m | Eigenes Skript wird ausgeführt …[39m[0m
[  99% ] [90m[1mimport[22m | Speichern …[39m[0m
[92m[ DONE ][39m [1mimport[22m
[0m
[  18% ] [90m[1mreimport[22m | short_blackout.gltf[39m[0m
[   0% ] [90m[1mimport[22m | Started Szene importieren (104 steps)[39m[0m
[   0% ] [90m[1mimport[22m | Importiere Szene…[39m[0m
[   1% ] [90m[1mimport[22m | Eigenes Skript wird ausgeführt …[39m[0m
[  99% ] [90m[1mimport[22m | Speichern …[39m[0m
[92m[ DONE ][39m [1mimport[22m
[0m
[  27% ] [90m[1mreimport[22m | short_exit.gltf[39m[0m
[   0% ] [90m[1mimport[22m | Started Szene importieren (104 steps)[39m[0m
[   0% ] [90m[1mimport[22m | Importiere Szene…[39m[0m
[   1% ] [90m[1mimport[22m | Eigenes Skript wird ausgeführt …[39m[0m
[  99% ] [90m[1mimport[22m | Speichern …[39m[0m
[92m[ DONE ][39m [1mimport[22m
[0m
[  36% ] [90m[1mreimport[22m | short_office_core.gltf[39m[0m
[   0% ] [90m[1mimport[22m | Started Szene importieren (104 steps)[39m[0m
[   0% ] [90m[1mimport[22m | Importiere Szene…[39m[0m
[   1% ] [90m[1mimport[22m | Eigenes Skript wird ausgeführt …[39m[0m
[  99% ] [90m[1mimport[22m | Speichern …[39m[0m
[92m[ DONE ][39m [1mimport[22m
[0m
[  45% ] [90m[1mreimport[22m | short_office_switch.gltf[39m[0m
[   0% ] [90m[1mimport[22m | Started Szene importieren (104 steps)[39m[0m
[   0% ] [90m[1mimport[22m | Importiere Szene…[39m[0m
[   1% ] [90m[1mimport[22m | Eigenes Skript wird ausgeführt …[39m[0m
[  99% ] [90m[1mimport[22m | Speichern …[39m[0m
[92m[ DONE ][39m [1mimport[22m
[0m
[  54% ] [90m[1mreimport[22m | short_service.gltf[39m[0m
[   0% ] [90m[1mimport[22m | Started Szene importieren (104 steps)[39m[0m
[   0% ] [90m[1mimport[22m | Importiere Szene…[39m[0m
[   1% ] [90m[1mimport[22m | Eigenes Skript wird ausgeführt …[39m[0m
[  99% ] [90m[1mimport[22m | Speichern …[39m[0m
[92m[ DONE ][39m [1mimport[22m
[0m
[  63% ] [90m[1mreimport[22m | short_service_bypass.gltf[39m[0m
[   0% ] [90m[1mimport[22m | Started Szene importieren (104 steps)[39m[0m
[   0% ] [90m[1mimport[22m | Importiere Szene…[39m[0m
[   1% ] [90m[1mimport[22m | Eigenes Skript wird ausgeführt …[39m[0m
[  99% ] [90m[1mimport[22m | Speichern …[39m[0m
[92m[ DONE ][39m [1mimport[22m
[0m
[  72% ] [90m[1mreimport[22m | short_service_switch.gltf[39m[0m
[   0% ] [90m[1mimport[22m | Started Szene importieren (104 steps)[39m[0m
[   0% ] [90m[1mimport[22m | Importiere Szene…[39m[0m
[   1% ] [90m[1mimport[22m | Eigenes Skript wird ausgeführt …[39m[0m
[  99% ] [90m[1mimport[22m | Speichern …[39m[0m
[92m[ DONE ][39m [1mimport[22m
[0m
[  81% ] [90m[1mreimport[22m | short_west_return.gltf[39m[0m
[   0% ] [90m[1mimport[22m | Started Szene importieren (104 steps)[39m[0m
[   0% ] [90m[1mimport[22m | Importiere Szene…[39m[0m
[   1% ] [90m[1mimport[22m | Eigenes Skript wird ausgeführt …[39m[0m
[  99% ] [90m[1mimport[22m | Speichern …[39m[0m
[92m[ DONE ][39m [1mimport[22m
[0m
[  90% ] [90m[1mreimport[22m | Asset-Import fertigstellen …[39m[0m
[92m[ DONE ][39m [1mreimport[22m
[0m
[   0% ] [90m[1mreimport[22m | Started Assets (erneut) importieren (10 steps)[39m[0m
[   0% ] [90m[1mreimport[22m | Nach-Neuimport-Operationen ausführen …[39m[0m
[92m[ DONE ][39m [1mreimport[22m
[0m
[   0% ] [90m[1mloading_editor_layout[22m | Started Editor laden (5 steps)[39m[0m
[   0% ] [90m[1mloading_editor_layout[22m | Editor-Layout laden …[39m[0m
[  16% ] [90m[1mloading_editor_layout[22m | Docks laden …[39m[0m
[92m[ DONE ][39m [1mloading_editor_layout[22m
[0m
