00:00.434  blend            | Read blend: "/home/marius/Projekte/Dev/NULLSPACE/art/source/blender/architecture/nullspace_environment_m4.blend"
UV_MICRO_ISLAND_REPAIR short_office_core 205 beveled triangles
INFO Draco is available, use library at /home/marius/.local/share/nullspace/toolchains/blender-5.2.1/lib/libbf_intern_draco_bridge.so
INFO MeshOptimizer is available, use library at /home/marius/.local/share/nullspace/toolchains/blender-5.2.1/lib/libbf_intern_meshopt_bridge.so
04:00:16 | INFO: Starting glTF 2.0 export
04:00:16 | INFO: Extracting primitive: M4_ContinuousCarpet_editable_mesh.001
04:00:16 | WARNING: More than one shader node tex image used for a texture. The resulting glTF sampler will behave like the first shader node tex image.
04:00:16 | WARNING: More than one shader node tex image used for a texture. The resulting glTF sampler will behave like the first shader node tex image.
04:00:16 | WARNING: More than one shader node tex image used for a texture. The resulting glTF sampler will behave like the first shader node tex image.
04:00:16 | WARNING: More than one shader node tex image used for a texture. The resulting glTF sampler will behave like the first shader node tex image.
04:00:16 | WARNING: More than one shader node tex image used for a texture. The resulting glTF sampler will behave like the first shader node tex image.
04:00:16 | WARNING: More than one shader node tex image used for a texture. The resulting glTF sampler will behave like the first shader node tex image.
04:00:16 | INFO: Primitives created: 6
04:00:16 | INFO: Finished glTF 2.0 export in 0.7733728885650635 s

EXPORTED short_office_core {'vertices': 66957, 'triangles': 132258, 'materials': 6, 'uv_layers': 2, 'dimensions_m': [16.044, 20.764, 2.83], 'role': 'Authored compact campaign room, original shared material kit', 'sha256': 'ea8319b318ce491e123403e3948db69390e9b17f158cbfcfc2a3dcefafab6fb9'}
UV_MICRO_ISLAND_REPAIR short_arrival 48 beveled triangles
04:00:17 | INFO: Starting glTF 2.0 export
04:00:17 | INFO: Extracting primitive: arrival_Floor_editable_mesh.001
04:00:17 | WARNING: More than one shader node tex image used for a texture. The resulting glTF sampler will behave like the first shader node tex image.
04:00:17 | WARNING: More than one shader node tex image used for a texture. The resulting glTF sampler will behave like the first shader node tex image.
04:00:17 | WARNING: More than one shader node tex image used for a texture. The resulting glTF sampler will behave like the first shader node tex image.
04:00:17 | WARNING: More than one shader node tex image used for a texture. The resulting glTF sampler will behave like the first shader node tex image.
04:00:17 | WARNING: More than one shader node tex image used for a texture. The resulting glTF sampler will behave like the first shader node tex image.
04:00:18 | INFO: Primitives created: 5
04:00:18 | INFO: Finished glTF 2.0 export in 0.2162926197052002 s

EXPORTED short_arrival {'vertices': 15816, 'triangles': 31248, 'materials': 5, 'uv_layers': 2, 'dimensions_m': [7.528, 6.308, 2.83], 'role': 'Authored compact campaign room, original shared material kit', 'sha256': 'bab740d85c37293913ab86230575bd98eb48d743d5392a454893e167d858d4b0'}
UV_MICRO_ISLAND_REPAIR short_exit 22 beveled triangles
04:00:18 | INFO: Starting glTF 2.0 export
04:00:18 | INFO: Extracting primitive: exit_Floor_editable_mesh.001
04:00:18 | WARNING: More than one shader node tex image used for a texture. The resulting glTF sampler will behave like the first shader node tex image.
04:00:18 | WARNING: More than one shader node tex image used for a texture. The resulting glTF sampler will behave like the first shader node tex image.
04:00:18 | WARNING: More than one shader node tex image used for a texture. The resulting glTF sampler will behave like the first shader node tex image.
04:00:18 | WARNING: More than one shader node tex image used for a texture. The resulting glTF sampler will behave like the first shader node tex image.
04:00:18 | WARNING: More than one shader node tex image used for a texture. The resulting glTF sampler will behave like the first shader node tex image.
04:00:18 | INFO: Primitives created: 5
04:00:18 | INFO: Finished glTF 2.0 export in 0.11865115165710449 s

EXPORTED short_exit {'vertices': 4152, 'triangles': 8204, 'materials': 5, 'uv_layers': 2, 'dimensions_m': [2.648, 2.556, 2.83], 'role': 'Authored compact campaign room, original shared material kit', 'sha256': '63f82508df79dbbd40822f06b76fd0c765a79b3fcde3d1836edb933dec852791'}
UV_MICRO_ISLAND_REPAIR short_west_return 41 beveled triangles
04:00:19 | INFO: Starting glTF 2.0 export
04:00:19 | INFO: Extracting primitive: west_return_Floor_editable_mesh.001
04:00:19 | WARNING: More than one shader node tex image used for a texture. The resulting glTF sampler will behave like the first shader node tex image.
04:00:19 | WARNING: More than one shader node tex image used for a texture. The resulting glTF sampler will behave like the first shader node tex image.
04:00:19 | WARNING: More than one shader node tex image used for a texture. The resulting glTF sampler will behave like the first shader node tex image.
04:00:19 | WARNING: More than one shader node tex image used for a texture. The resulting glTF sampler will behave like the first shader node tex image.
04:00:19 | WARNING: More than one shader node tex image used for a texture. The resulting glTF sampler will behave like the first shader node tex image.
04:00:19 | INFO: Primitives created: 5
04:00:19 | INFO: Finished glTF 2.0 export in 0.13022899627685547 s

EXPORTED short_west_return {'vertices': 9208, 'triangles': 18196, 'materials': 5, 'uv_layers': 2, 'dimensions_m': [2.648, 8.656, 2.83], 'role': 'Authored compact campaign room, original shared material kit', 'sha256': '58eeae6cf7ba13b75e2a63fc6ce43b7c663e8174239b31ddb0b4c4ce3cc0361e'}
UV_MICRO_ISLAND_REPAIR short_archive 50 beveled triangles
04:00:20 | INFO: Starting glTF 2.0 export
04:00:20 | INFO: Extracting primitive: archive_Floor_editable_mesh.001
04:00:20 | WARNING: More than one shader node tex image used for a texture. The resulting glTF sampler will behave like the first shader node tex image.
04:00:20 | WARNING: More than one shader node tex image used for a texture. The resulting glTF sampler will behave like the first shader node tex image.
04:00:20 | WARNING: More than one shader node tex image used for a texture. The resulting glTF sampler will behave like the first shader node tex image.
04:00:20 | WARNING: More than one shader node tex image used for a texture. The resulting glTF sampler will behave like the first shader node tex image.
04:00:20 | WARNING: More than one shader node tex image used for a texture. The resulting glTF sampler will behave like the first shader node tex image.
04:00:21 | INFO: Primitives created: 5
04:00:21 | INFO: Finished glTF 2.0 export in 0.16471552848815918 s

EXPORTED short_archive {'vertices': 14200, 'triangles': 28060, 'materials': 5, 'uv_layers': 2, 'dimensions_m': [5.088, 7.528, 2.83], 'role': 'Authored compact campaign room, original shared material kit', 'sha256': '6292006f567dfcda387482a9a7c061a150373f26cc2de0320a747317f3f06816'}
UV_MICRO_ISLAND_REPAIR short_office_switch 43 beveled triangles
04:00:22 | INFO: Starting glTF 2.0 export
04:00:22 | INFO: Extracting primitive: office_switch_Floor_editable_mesh.001
04:00:22 | WARNING: More than one shader node tex image used for a texture. The resulting glTF sampler will behave like the first shader node tex image.
04:00:22 | WARNING: More than one shader node tex image used for a texture. The resulting glTF sampler will behave like the first shader node tex image.
04:00:22 | WARNING: More than one shader node tex image used for a texture. The resulting glTF sampler will behave like the first shader node tex image.
04:00:22 | WARNING: More than one shader node tex image used for a texture. The resulting glTF sampler will behave like the first shader node tex image.
04:00:22 | WARNING: More than one shader node tex image used for a texture. The resulting glTF sampler will behave like the first shader node tex image.
04:00:22 | INFO: Primitives created: 5
04:00:22 | INFO: Finished glTF 2.0 export in 0.14945530891418457 s

EXPORTED short_office_switch {'vertices': 12808, 'triangles': 25308, 'materials': 5, 'uv_layers': 2, 'dimensions_m': [4.996, 7.528, 2.83], 'role': 'Authored compact campaign room, original shared material kit', 'sha256': 'd1c0198d6afe9f15993b00cea63112067a0e66d013ab42be4e7357b53606682d'}
UV_MICRO_ISLAND_REPAIR short_service 52 beveled triangles
04:00:23 | INFO: Starting glTF 2.0 export
04:00:23 | INFO: Extracting primitive: service_Floor_editable_mesh.001
04:00:23 | WARNING: More than one shader node tex image used for a texture. The resulting glTF sampler will behave like the first shader node tex image.
04:00:23 | WARNING: More than one shader node tex image used for a texture. The resulting glTF sampler will behave like the first shader node tex image.
04:00:23 | WARNING: More than one shader node tex image used for a texture. The resulting glTF sampler will behave like the first shader node tex image.
04:00:23 | WARNING: More than one shader node tex image used for a texture. The resulting glTF sampler will behave like the first shader node tex image.
04:00:23 | WARNING: More than one shader node tex image used for a texture. The resulting glTF sampler will behave like the first shader node tex image.
04:00:23 | WARNING: More than one shader node tex image used for a texture. The resulting glTF sampler will behave like the first shader node tex image.
04:00:23 | INFO: Primitives created: 6
04:00:23 | INFO: Finished glTF 2.0 export in 0.2155296802520752 s

EXPORTED short_service {'vertices': 20472, 'triangles': 40424, 'materials': 6, 'uv_layers': 2, 'dimensions_m': [7.528, 7.528, 2.59], 'role': 'Authored compact campaign room, original shared material kit', 'sha256': 'dae595942f3b33ff61f96507afa07cc2c2213cd9d2b3ea91b732dc3df4946ff4'}
UV_MICRO_ISLAND_REPAIR short_service_bypass 45 beveled triangles
04:00:24 | INFO: Starting glTF 2.0 export
04:00:24 | INFO: Extracting primitive: service_bypass_Floor_editable_mesh.001
04:00:24 | WARNING: More than one shader node tex image used for a texture. The resulting glTF sampler will behave like the first shader node tex image.
04:00:24 | WARNING: More than one shader node tex image used for a texture. The resulting glTF sampler will behave like the first shader node tex image.
04:00:24 | WARNING: More than one shader node tex image used for a texture. The resulting glTF sampler will behave like the first shader node tex image.
04:00:24 | WARNING: More than one shader node tex image used for a texture. The resulting glTF sampler will behave like the first shader node tex image.
04:00:24 | WARNING: More than one shader node tex image used for a texture. The resulting glTF sampler will behave like the first shader node tex image.
04:00:24 | WARNING: More than one shader node tex image used for a texture. The resulting glTF sampler will behave like the first shader node tex image.
04:00:24 | INFO: Primitives created: 6
04:00:24 | INFO: Finished glTF 2.0 export in 0.16647601127624512 s

EXPORTED short_service_bypass {'vertices': 15256, 'triangles': 30120, 'materials': 6, 'uv_layers': 2, 'dimensions_m': [4.996, 7.528, 2.59], 'role': 'Authored compact campaign room, original shared material kit', 'sha256': 'b2d9501e370e8c8412b5a007db6960d653954f1e54bc7a0093a679394ce2f657'}
UV_MICRO_ISLAND_REPAIR short_blackout 53 beveled triangles
04:00:25 | INFO: Starting glTF 2.0 export
04:00:25 | INFO: Extracting primitive: blackout_Floor_editable_mesh.001
04:00:25 | WARNING: More than one shader node tex image used for a texture. The resulting glTF sampler will behave like the first shader node tex image.
04:00:25 | WARNING: More than one shader node tex image used for a texture. The resulting glTF sampler will behave like the first shader node tex image.
04:00:25 | WARNING: More than one shader node tex image used for a texture. The resulting glTF sampler will behave like the first shader node tex image.
04:00:25 | WARNING: More than one shader node tex image used for a texture. The resulting glTF sampler will behave like the first shader node tex image.
04:00:25 | WARNING: More than one shader node tex image used for a texture. The resulting glTF sampler will behave like the first shader node tex image.
04:00:25 | INFO: Primitives created: 5
04:00:25 | INFO: Finished glTF 2.0 export in 0.1636066436767578 s

EXPORTED short_blackout {'vertices': 15368, 'triangles': 30368, 'materials': 5, 'uv_layers': 2, 'dimensions_m': [5.088, 8.656, 2.804], 'role': 'Authored compact campaign room, original shared material kit', 'sha256': '19c5b38801e28a960bc709d9ce78392fe071eb8aff904c311a6c53c420aefb02'}
UV_MICRO_ISLAND_REPAIR short_service_switch 44 beveled triangles
04:00:26 | INFO: Starting glTF 2.0 export
04:00:26 | INFO: Extracting primitive: service_switch_Floor_editable_mesh.001
04:00:26 | WARNING: More than one shader node tex image used for a texture. The resulting glTF sampler will behave like the first shader node tex image.
04:00:26 | WARNING: More than one shader node tex image used for a texture. The resulting glTF sampler will behave like the first shader node tex image.
04:00:26 | WARNING: More than one shader node tex image used for a texture. The resulting glTF sampler will behave like the first shader node tex image.
04:00:26 | WARNING: More than one shader node tex image used for a texture. The resulting glTF sampler will behave like the first shader node tex image.
04:00:26 | WARNING: More than one shader node tex image used for a texture. The resulting glTF sampler will behave like the first shader node tex image.
04:00:26 | INFO: Primitives created: 5
04:00:27 | INFO: Finished glTF 2.0 export in 0.14204001426696777 s

EXPORTED short_service_switch {'vertices': 13480, 'triangles': 26636, 'materials': 5, 'uv_layers': 2, 'dimensions_m': [4.996, 8.656, 2.59], 'role': 'Authored compact campaign room, original shared material kit', 'sha256': '53a21772251ad309e3427c74992ee860c514f091dde97de3717b341aed6d5cf1'}
Info: Saved as "nullspace_short_map.blend"
NULLSPACE_SHORT_MAP {"assets": 10, "fixtures": 28, "colliders": 80, "doors": 6}
Blender 5.2.1 LTS (hash 9e2066aef7ef built 2026-08-25 02:12:34)

Blender quit
