Godot Engine v4.7.2.stable.official.ed1daf0bf - https://godotengine.org

[   0% ] [90m[1mfirst_scan_filesystem[22m | Started Projektinitialisierung (5 steps)[39m[0m
[   0% ] [90m[1mfirst_scan_filesystem[22m | Lese Dateistrucktur …[39m[0m
[  16% ] [90m[1mfirst_scan_filesystem[22m | Globale Klassennamen laden …[39m[0m
[  33% ] [90m[1mfirst_scan_filesystem[22m | Verifiziere GDExtensions…[39m[0m
[  50% ] [90m[1mfirst_scan_filesystem[22m | Autoload-Skripte erzeugen …[39m[0m
[  66% ] [90m[1mfirst_scan_filesystem[22m | Plugins initialisieren…[39m[0m
[  83% ] [90m[1mfirst_scan_filesystem[22m | Dateiscan starten …[39m[0m
[92m[ DONE ][39m [1mfirst_scan_filesystem[22m
[0m
[   0% ] [90m[1msavepack[22m | Started Packe (102 steps)[39m[0m
[   1% ] [90m[1msavepack[22m | Speichere Datei: res://.godot/imported/baseboard_basecolor.png-a49fe8429e89b4af933ea15583b03b56.bptc.ctex[39m[0m
[   1% ] [90m[1msavepack[22m | Speichere Datei: res://assets/environment/textures/baseboard_basecolor.png.import[39m[0m
[   2% ] [90m[1msavepack[22m | Speichere Datei: res://.godot/imported/baseboard_normal.png-cef0066713c2f96c64a11f8f12997f4e.s3tc.ctex[39m[0m
[   2% ] [90m[1msavepack[22m | Speichere Datei: res://assets/environment/textures/baseboard_normal.png.import[39m[0m
[   3% ] [90m[1msavepack[22m | Speichere Datei: res://.godot/imported/baseboard_orm.png-b6daf2f358a87c13ab14ab2939a68138.bptc.ctex[39m[0m
[   3% ] [90m[1msavepack[22m | Speichere Datei: res://assets/environment/textures/baseboard_orm.png.import[39m[0m
[   4% ] [90m[1msavepack[22m | Speichere Datei: res://.godot/imported/carpet_basecolor.png-28338427d014d5de5df3c4fe418e1698.bptc.ctex[39m[0m
[   4% ] [90m[1msavepack[22m | Speichere Datei: res://assets/environment/textures/carpet_basecolor.png.import[39m[0m
[   5% ] [90m[1msavepack[22m | Speichere Datei: res://.godot/imported/carpet_normal.png-6087c4da6264feef7e9a84fb33d21143.s3tc.ctex[39m[0m
[   5% ] [90m[1msavepack[22m | Speichere Datei: res://assets/environment/textures/carpet_normal.png.import[39m[0m
[   6% ] [90m[1msavepack[22m | Speichere Datei: res://.godot/imported/carpet_orm.png-9807bf9f410d246c00f41da47d3c013a.bptc.ctex[39m[0m
[   6% ] [90m[1msavepack[22m | Speichere Datei: res://assets/environment/textures/carpet_orm.png.import[39m[0m
[   8% ] [90m[1msavepack[22m | Speichere Datei: res://.godot/imported/ceiling_basecolor.png-fad29bb3238c955d78c56fd5680e194c.bptc.ctex[39m[0m
[   8% ] [90m[1msavepack[22m | Speichere Datei: res://assets/environment/textures/ceiling_basecolor.png.import[39m[0m
[   9% ] [90m[1msavepack[22m | Speichere Datei: res://.godot/imported/ceiling_normal.png-5806f4c7bc5621df28a5dc3996836176.s3tc.ctex[39m[0m
[   9% ] [90m[1msavepack[22m | Speichere Datei: res://assets/environment/textures/ceiling_normal.png.import[39m[0m
[  10% ] [90m[1msavepack[22m | Speichere Datei: res://.godot/imported/ceiling_orm.png-fe64f7c963ba2c80327626d115a9ca56.bptc.ctex[39m[0m
[  10% ] [90m[1msavepack[22m | Speichere Datei: res://assets/environment/textures/ceiling_orm.png.import[39m[0m
[  11% ] [90m[1msavepack[22m | Speichere Datei: res://.godot/imported/diffuser_basecolor.png-fd8e667013cfdcfcf0c22b8fc5e69a28.bptc.ctex[39m[0m
[  11% ] [90m[1msavepack[22m | Speichere Datei: res://assets/environment/textures/diffuser_basecolor.png.import[39m[0m
[  12% ] [90m[1msavepack[22m | Speichere Datei: res://.godot/imported/diffuser_normal.png-fe1cf6bc214a154881d45d87e2b6f754.s3tc.ctex[39m[0m
[  12% ] [90m[1msavepack[22m | Speichere Datei: res://assets/environment/textures/diffuser_normal.png.import[39m[0m
[  13% ] [90m[1msavepack[22m | Speichere Datei: res://.godot/imported/diffuser_orm.png-da238aa19dca35a0e322d0fe74ff0f66.bptc.ctex[39m[0m
[  13% ] [90m[1msavepack[22m | Speichere Datei: res://assets/environment/textures/diffuser_orm.png.import[39m[0m
[  15% ] [90m[1msavepack[22m | Speichere Datei: res://.godot/imported/fixture_detail_basecolor.png-056bf5c38d1a493f9705cdabfe18789f.bptc.ctex[39m[0m
[  15% ] [90m[1msavepack[22m | Speichere Datei: res://assets/environment/textures/fixture_detail_basecolor.png.import[39m[0m
[  16% ] [90m[1msavepack[22m | Speichere Datei: res://.godot/imported/fixture_detail_emission.png-d763d66fd76fd21946c9057adfb00980.bptc.ctex[39m[0m
[  16% ] [90m[1msavepack[22m | Speichere Datei: res://assets/environment/textures/fixture_detail_emission.png.import[39m[0m
[  17% ] [90m[1msavepack[22m | Speichere Datei: res://.godot/imported/fixture_detail_normal.png-b0a0fd13eec55a16bbe2035cbeac710c.s3tc.ctex[39m[0m
[  17% ] [90m[1msavepack[22m | Speichere Datei: res://assets/environment/textures/fixture_detail_normal.png.import[39m[0m
[  18% ] [90m[1msavepack[22m | Speichere Datei: res://.godot/imported/fixture_detail_orm.png-4f238058011c11a1f1d237174d02f43b.bptc.ctex[39m[0m
[  18% ] [90m[1msavepack[22m | Speichere Datei: res://assets/environment/textures/fixture_detail_orm.png.import[39m[0m
[  19% ] [90m[1msavepack[22m | Speichere Datei: res://assets/environment/textures/material_manifest.json[39m[0m
[  21% ] [90m[1msavepack[22m | Speichere Datei: res://.godot/imported/painted_metal_basecolor.png-319da07c42356afd2eaffd060d06d332.bptc.ctex[39m[0m
[  21% ] [90m[1msavepack[22m | Speichere Datei: res://assets/environment/textures/painted_metal_basecolor.png.import[39m[0m
[  22% ] [90m[1msavepack[22m | Speichere Datei: res://.godot/imported/painted_metal_normal.png-a3ec1c1ffdd2746d9abb608b33c6445a.s3tc.ctex[39m[0m
[  22% ] [90m[1msavepack[22m | Speichere Datei: res://assets/environment/textures/painted_metal_normal.png.import[39m[0m
[  23% ] [90m[1msavepack[22m | Speichere Datei: res://.godot/imported/painted_metal_orm.png-a2161089307e56d61a18278c46d5fe53.bptc.ctex[39m[0m
[  23% ] [90m[1msavepack[22m | Speichere Datei: res://assets/environment/textures/painted_metal_orm.png.import[39m[0m
[  24% ] [90m[1msavepack[22m | Speichere Datei: res://.godot/imported/room_m4_macro.png-d0637167a0e912984ac2ba5932049c8b.bptc.ctex[39m[0m
[  24% ] [90m[1msavepack[22m | Speichere Datei: res://assets/environment/textures/room_m4_macro.png.import[39m[0m
[  25% ] [90m[1msavepack[22m | Speichere Datei: res://.godot/imported/wallpaper_basecolor.png-220f3ea937eb89330ed8e88c9275f6ab.bptc.ctex[39m[0m
[  25% ] [90m[1msavepack[22m | Speichere Datei: res://assets/environment/textures/wallpaper_basecolor.png.import[39m[0m
[  26% ] [90m[1msavepack[22m | Speichere Datei: res://.godot/imported/wallpaper_normal.png-6694747282e671da487d06ec104771bc.s3tc.ctex[39m[0m
[  26% ] [90m[1msavepack[22m | Speichere Datei: res://assets/environment/textures/wallpaper_normal.png.import[39m[0m
[  28% ] [90m[1msavepack[22m | Speichere Datei: res://.godot/imported/wallpaper_orm.png-4a757ce898b9b342a2b8365b43205e67.bptc.ctex[39m[0m
[  28% ] [90m[1msavepack[22m | Speichere Datei: res://assets/environment/textures/wallpaper_orm.png.import[39m[0m
[  29% ] [90m[1msavepack[22m | Speichere Datei: res://.godot/imported/ceiling_board_122.gltf-c7c974e42b35ea2322e28952ab5bf161.scn[39m[0m
[  29% ] [90m[1msavepack[22m | Speichere Datei: res://assets/environment/ceiling_board_122.gltf.import[39m[0m
[  30% ] [90m[1msavepack[22m | Speichere Datei: res://.godot/imported/ceiling_grid_122.gltf-feec261fcf9c5b1e06df2474672745ad.scn[39m[0m
[  30% ] [90m[1msavepack[22m | Speichere Datei: res://assets/environment/ceiling_grid_122.gltf.import[39m[0m
[  31% ] [90m[1msavepack[22m | Speichere Datei: res://.godot/imported/ceiling_grid_244.gltf-2c010fb494d633d7dbf8856ff2197fc0.scn[39m[0m
[  31% ] [90m[1msavepack[22m | Speichere Datei: res://assets/environment/ceiling_grid_244.gltf.import[39m[0m
[  32% ] [90m[1msavepack[22m | Speichere Datei: res://.godot/imported/column_061.gltf-61023e389822492d36fe01b95aa6f0c8.scn[39m[0m
[  32% ] [90m[1msavepack[22m | Speichere Datei: res://assets/environment/column_061.gltf.import[39m[0m
[  33% ] [90m[1msavepack[22m | Speichere Datei: res://.godot/imported/column_086.gltf-b664732c20242811dfaefb9cda8bc0b7.scn[39m[0m
[  33% ] [90m[1msavepack[22m | Speichere Datei: res://assets/environment/column_086.gltf.import[39m[0m
[  34% ] [90m[1msavepack[22m | Speichere Datei: res://.godot/imported/cove_corner_090.gltf-d5227da02955eef994bf5f8ae374cdbd.scn[39m[0m
[  34% ] [90m[1msavepack[22m | Speichere Datei: res://assets/environment/cove_corner_090.gltf.import[39m[0m
[  35% ] [90m[1msavepack[22m | Speichere Datei: res://assets/environment/environment_manifest.json[39m[0m
[  36% ] [90m[1msavepack[22m | Speichere Datei: res://.godot/imported/fixture_exposed.gltf-01e661c8be58fbfc9973bc94f3c13c00.scn[39m[0m
[  36% ] [90m[1msavepack[22m | Speichere Datei: res://assets/environment/fixture_exposed.gltf.import[39m[0m
[  37% ] [90m[1msavepack[22m | Speichere Datei: res://.godot/imported/fixture_prismatic.gltf-b81b4f48764ea1a58a577222c09629bb.scn[39m[0m
[  37% ] [90m[1msavepack[22m | Speichere Datei: res://assets/environment/fixture_prismatic.gltf.import[39m[0m
[  38% ] [90m[1msavepack[22m | Speichere Datei: res://.godot/imported/floor_carpet_244.gltf-467856c1e2b6ba9315b01e24ac69abe8.scn[39m[0m
[  38% ] [90m[1msavepack[22m | Speichere Datei: res://assets/environment/floor_carpet_244.gltf.import[39m[0m
[  40% ] [90m[1msavepack[22m | Speichere Datei: res://assets/environment/provenance.json[39m[0m
[  41% ] [90m[1msavepack[22m | Speichere Datei: res://.godot/imported/room_m4_architecture.gltf-840778a0fe3c0317d38bb2fdb8068f60.scn[39m[0m
[  41% ] [90m[1msavepack[22m | Speichere Datei: res://assets/environment/room_m4_architecture.gltf.import[39m[0m
[  42% ] [90m[1msavepack[22m | Speichere Datei: res://.godot/imported/wall_061.gltf-59d08e5b04523555b494210e38c532b7.scn[39m[0m
[  42% ] [90m[1msavepack[22m | Speichere Datei: res://assets/environment/wall_061.gltf.import[39m[0m
[  43% ] [90m[1msavepack[22m | Speichere Datei: res://.godot/imported/wall_122.gltf-dc88088e41575b96fe5f0a99a49f1e10.scn[39m[0m
[  43% ] [90m[1msavepack[22m | Speichere Datei: res://assets/environment/wall_122.gltf.import[39m[0m
[  44% ] [90m[1msavepack[22m | Speichere Datei: res://.godot/imported/wall_244.gltf-b960153837a6510c6bb41647fc49b586.scn[39m[0m
[  44% ] [90m[1msavepack[22m | Speichere Datei: res://assets/environment/wall_244.gltf.import[39m[0m
[  45% ] [90m[1msavepack[22m | Speichere Datei: res://.godot/imported/wall_366.gltf-503e882c144e5b8898473c34af0e3713.scn[39m[0m
[  45% ] [90m[1msavepack[22m | Speichere Datei: res://assets/environment/wall_366.gltf.import[39m[0m
[  47% ] [90m[1msavepack[22m | Speichere Datei: res://.godot/imported/wall_low_244.gltf-52031f66973db35056cdbfa22010b505.scn[39m[0m
[  47% ] [90m[1msavepack[22m | Speichere Datei: res://assets/environment/wall_low_244.gltf.import[39m[0m
[  48% ] [90m[1msavepack[22m | Speichere Datei: res://.godot/imported/wall_portal_244.gltf-fb4451a8f05755eff42f84971ad73f93.scn[39m[0m
[  48% ] [90m[1msavepack[22m | Speichere Datei: res://assets/environment/wall_portal_244.gltf.import[39m[0m
[  49% ] [90m[1msavepack[22m | Speichere Datei: res://.godot/imported/wall_portal_366.gltf-d3438100aaf556e7313b8a5baba5269a.scn[39m[0m
[  49% ] [90m[1msavepack[22m | Speichere Datei: res://assets/environment/wall_portal_366.gltf.import[39m[0m
[  50% ] [90m[1msavepack[22m | Speichere Datei: res://.godot/imported/wall_vent.gltf-2957430d96c3284ddb1fec3cf8dfb95c.scn[39m[0m
[  50% ] [90m[1msavepack[22m | Speichere Datei: res://assets/environment/wall_vent.gltf.import[39m[0m
[  51% ] [90m[1msavepack[22m | Speichere Datei: res://core/config/game_tuning.gdc[39m[0m
[  52% ] [90m[1msavepack[22m | Speichere Datei: res://core/config/quality_profile.gdc[39m[0m
[  54% ] [90m[1msavepack[22m | Speichere Datei: res://core/events/event_hub.gdc[39m[0m
[  55% ] [90m[1msavepack[22m | Speichere Datei: res://core/events/perception_observation.gdc[39m[0m
[  56% ] [90m[1msavepack[22m | Speichere Datei: res://core/events/shot_event.gdc[39m[0m
[  57% ] [90m[1msavepack[22m | Speichere Datei: res://core/events/shot_hit.gdc[39m[0m
[  58% ] [90m[1msavepack[22m | Speichere Datei: res://core/events/sound_event.gdc[39m[0m
[  60% ] [90m[1msavepack[22m | Speichere Datei: res://core/flow/game_flow.gdc[39m[0m
[  61% ] [90m[1msavepack[22m | Speichere Datei: res://core/input/input_gate.gdc[39m[0m
[  62% ] [90m[1msavepack[22m | Speichere Datei: res://core/persistence/atomic_json_store.gdc[39m[0m
[  63% ] [90m[1msavepack[22m | Speichere Datei: res://core/persistence/checkpoint_restore_participant.gdc[39m[0m
[  64% ] [90m[1msavepack[22m | Speichere Datei: res://core/persistence/checkpoint_system.gdc[39m[0m
[  65% ] [90m[1msavepack[22m | Speichere Datei: res://core/persistence/restore_barrier.gdc[39m[0m
[  66% ] [90m[1msavepack[22m | Speichere Datei: res://core/persistence/restore_context.gdc[39m[0m
[  67% ] [90m[1msavepack[22m | Speichere Datei: res://core/persistence/save_system.gdc[39m[0m
[  68% ] [90m[1msavepack[22m | Speichere Datei: res://core/persistence/snapshot_schema.gdc[39m[0m
[  69% ] [90m[1msavepack[22m | Speichere Datei: res://core/persistence/storage_result.gdc[39m[0m
[  70% ] [90m[1msavepack[22m | Speichere Datei: res://core/settings/settings_manager.gdc[39m[0m
[  71% ] [90m[1msavepack[22m | Speichere Datei: res://core/settings/settings_schema.gdc[39m[0m
[  73% ] [90m[1msavepack[22m | Speichere Datei: res://core/telemetry/telemetry.gdc[39m[0m
[  74% ] [90m[1msavepack[22m | Speichere Datei: res://core/time/simulation_clock.gdc[39m[0m
[  75% ] [90m[1msavepack[22m | Speichere Datei: res://core/time/simulation_stamp.gdc[39m[0m
[  76% ] [90m[1msavepack[22m | Speichere Datei: res://.godot/exported/133200997/export-b7e868376ec453a2144346124b0b2d96-high.res[39m[0m
[  77% ] [90m[1msavepack[22m | Speichere Datei: res://.godot/exported/133200997/export-82f8b0ce203af5d262ba21c648706356-low.res[39m[0m
[  79% ] [90m[1msavepack[22m | Speichere Datei: res://.godot/exported/133200997/export-d45564cfb3f0652718ac2f786283c725-medium.res[39m[0m
[  80% ] [90m[1msavepack[22m | Speichere Datei: res://.godot/exported/133200997/export-4281724c42e380fb4d19b54d18b61553-ultra.res[39m[0m
[  81% ] [90m[1msavepack[22m | Speichere Datei: res://.godot/exported/133200997/export-911868316ba78034388a155067a74f01-default_tuning.res[39m[0m
[  82% ] [90m[1msavepack[22m | Speichere Datei: res://environment/environment_surface.gdshader[39m[0m
[  83% ] [90m[1msavepack[22m | Speichere Datei: res://environment/environment_surface_library.gdc[39m[0m
[  84% ] [90m[1msavepack[22m | Speichere Datei: res://environment/fluorescent_fixture.gdc[39m[0m
[  86% ] [90m[1msavepack[22m | Speichere Datei: res://environment/m4_reference_room.gdc[39m[0m
[  87% ] [90m[1msavepack[22m | Speichere Datei: res://.godot/exported/133200997/export-fd0dcb20f6e26ee10acab729b15d74aa-m4_reference_room.scn[39m[0m
[  88% ] [90m[1msavepack[22m | Speichere Datei: res://player/player.gdc[39m[0m
[  89% ] [90m[1msavepack[22m | Speichere Datei: res://.godot/exported/133200997/export-753d15e03e0182f9d550ac833b42bb41-player.scn[39m[0m
[  90% ] [90m[1msavepack[22m | Speichere Datei: res://scenes/bootstrap/diagnostic_boot.gdc[39m[0m
[  91% ] [90m[1msavepack[22m | Speichere Datei: res://.godot/exported/133200997/export-2fa2511b19fe1a51ac7deda7bea31ad7-diagnostic_boot.scn[39m[0m
[  93% ] [90m[1msavepack[22m | Speichere Datei: res://section/light_switch.gdc[39m[0m
[  94% ] [90m[1msavepack[22m | Speichere Datei: res://section/section.gdc[39m[0m
[  95% ] [90m[1msavepack[22m | Speichere Datei: res://.godot/exported/133200997/export-9672609a223ad1b65595262dd6dd3b72-section.scn[39m[0m
[  96% ] [90m[1msavepack[22m | Speichere Datei: res://section/section_menu.gdc[39m[0m
[  97% ] [90m[1msavepack[22m | Speichere Datei: res://.godot/exported/133200997/export-19246414aa9fb561ced4b8dce477acec-default_bus_layout.res[39m[0m
[  97% ] [90m[1msavepack[22m | Speichere Datei: res://core/config/game_tuning.gd.remap[39m[0m
[  97% ] [90m[1msavepack[22m | Speichere Datei: res://core/config/quality_profile.gd.remap[39m[0m
[  97% ] [90m[1msavepack[22m | Speichere Datei: res://core/events/event_hub.gd.remap[39m[0m
[  97% ] [90m[1msavepack[22m | Speichere Datei: res://core/events/perception_observation.gd.remap[39m[0m
[  97% ] [90m[1msavepack[22m | Speichere Datei: res://core/events/shot_event.gd.remap[39m[0m
[  97% ] [90m[1msavepack[22m | Speichere Datei: res://core/events/shot_hit.gd.remap[39m[0m
[  97% ] [90m[1msavepack[22m | Speichere Datei: res://core/events/sound_event.gd.remap[39m[0m
[  97% ] [90m[1msavepack[22m | Speichere Datei: res://core/flow/game_flow.gd.remap[39m[0m
[  97% ] [90m[1msavepack[22m | Speichere Datei: res://core/input/input_gate.gd.remap[39m[0m
[  97% ] [90m[1msavepack[22m | Speichere Datei: res://core/persistence/atomic_json_store.gd.remap[39m[0m
[  97% ] [90m[1msavepack[22m | Speichere Datei: res://core/persistence/checkpoint_restore_participant.gd.remap[39m[0m
[  97% ] [90m[1msavepack[22m | Speichere Datei: res://core/persistence/checkpoint_system.gd.remap[39m[0m
[  97% ] [90m[1msavepack[22m | Speichere Datei: res://core/persistence/restore_barrier.gd.remap[39m[0m
[  97% ] [90m[1msavepack[22m | Speichere Datei: res://core/persistence/restore_context.gd.remap[39m[0m
[  97% ] [90m[1msavepack[22m | Speichere Datei: res://core/persistence/save_system.gd.remap[39m[0m
[  97% ] [90m[1msavepack[22m | Speichere Datei: res://core/persistence/snapshot_schema.gd.remap[39m[0m
[  97% ] [90m[1msavepack[22m | Speichere Datei: res://core/persistence/storage_result.gd.remap[39m[0m
[  97% ] [90m[1msavepack[22m | Speichere Datei: res://core/settings/settings_manager.gd.remap[39m[0m
[  97% ] [90m[1msavepack[22m | Speichere Datei: res://core/settings/settings_schema.gd.remap[39m[0m
[  97% ] [90m[1msavepack[22m | Speichere Datei: res://core/telemetry/telemetry.gd.remap[39m[0m
[  97% ] [90m[1msavepack[22m | Speichere Datei: res://core/time/simulation_clock.gd.remap[39m[0m
[  97% ] [90m[1msavepack[22m | Speichere Datei: res://core/time/simulation_stamp.gd.remap[39m[0m
[  97% ] [90m[1msavepack[22m | Speichere Datei: res://data/quality/high.tres.remap[39m[0m
[  97% ] [90m[1msavepack[22m | Speichere Datei: res://data/quality/low.tres.remap[39m[0m
[  97% ] [90m[1msavepack[22m | Speichere Datei: res://data/quality/medium.tres.remap[39m[0m
[  97% ] [90m[1msavepack[22m | Speichere Datei: res://data/quality/ultra.tres.remap[39m[0m
[  97% ] [90m[1msavepack[22m | Speichere Datei: res://data/default_tuning.tres.remap[39m[0m
[  97% ] [90m[1msavepack[22m | Speichere Datei: res://environment/environment_surface_library.gd.remap[39m[0m
[  97% ] [90m[1msavepack[22m | Speichere Datei: res://environment/fluorescent_fixture.gd.remap[39m[0m
[  97% ] [90m[1msavepack[22m | Speichere Datei: res://environment/m4_reference_room.gd.remap[39m[0m
[  97% ] [90m[1msavepack[22m | Speichere Datei: res://environment/m4_reference_room.tscn.remap[39m[0m
[  97% ] [90m[1msavepack[22m | Speichere Datei: res://player/player.gd.remap[39m[0m
[  97% ] [90m[1msavepack[22m | Speichere Datei: res://player/player.tscn.remap[39m[0m
[  97% ] [90m[1msavepack[22m | Speichere Datei: res://scenes/bootstrap/diagnostic_boot.gd.remap[39m[0m
[  97% ] [90m[1msavepack[22m | Speichere Datei: res://scenes/bootstrap/diagnostic_boot.tscn.remap[39m[0m
[  97% ] [90m[1msavepack[22m | Speichere Datei: res://section/light_switch.gd.remap[39m[0m
[  97% ] [90m[1msavepack[22m | Speichere Datei: res://section/section.gd.remap[39m[0m
[  97% ] [90m[1msavepack[22m | Speichere Datei: res://section/section.tscn.remap[39m[0m
[  97% ] [90m[1msavepack[22m | Speichere Datei: res://section/section_menu.gd.remap[39m[0m
[  97% ] [90m[1msavepack[22m | Speichere Datei: res://default_bus_layout.tres.remap[39m[0m
[  97% ] [90m[1msavepack[22m | Speichere Datei: res://.godot/global_script_class_cache.cfg[39m[0m
[  97% ] [90m[1msavepack[22m | Speichere Datei: res://.godot/uid_cache.bin[39m[0m
[  97% ] [90m[1msavepack[22m | Speichere Datei: res://project.binary[39m[0m
[92m[ DONE ][39m [1msavepack[22m
[0m
