Godot Engine v4.7.2.stable.official.ed1daf0bf - https://godotengine.org

[   0% ] first_scan_filesystem | Started Projektinitialisierung (5 steps)
[   0% ] first_scan_filesystem | Lese Dateistrucktur …
[  16% ] first_scan_filesystem | Globale Klassennamen laden …
[  33% ] first_scan_filesystem | Verifiziere GDExtensions…
[  50% ] first_scan_filesystem | Autoload-Skripte erzeugen …
[  66% ] first_scan_filesystem | Plugins initialisieren…
[  83% ] first_scan_filesystem | Dateiscan starten …
[ DONE ] first_scan_filesystem

[   0% ] update_scripts_classes | Started Globale Klassen registrieren … (35 steps)
[   0% ] update_scripts_classes | GameTuning
[   2% ] update_scripts_classes | QualityProfile
[   5% ] update_scripts_classes | NullEventHub
[   8% ] update_scripts_classes | PerceptionObservation
[  11% ] update_scripts_classes | ShotEvent
[  13% ] update_scripts_classes | ShotHit
[  16% ] update_scripts_classes | SoundEvent
[  19% ] update_scripts_classes | NullGameFlow
[  22% ] update_scripts_classes | NullInputGate
[  25% ] update_scripts_classes | AtomicJsonStore
[  27% ] update_scripts_classes | CheckpointRestoreParticipant
[  30% ] update_scripts_classes | NullCheckpointSystem
[  33% ] update_scripts_classes | RestoreBarrier
[  36% ] update_scripts_classes | RestoreContext
[  38% ] update_scripts_classes | NullSaveSystem
[  41% ] update_scripts_classes | SnapshotSchema
[  44% ] update_scripts_classes | StorageResult
[  47% ] update_scripts_classes | NullSettingsManager
[  50% ] update_scripts_classes | SettingsSchema
[  52% ] update_scripts_classes | NullTelemetry
[  55% ] update_scripts_classes | NullSimulationClock
[  58% ] update_scripts_classes | SimulationStamp
[  61% ] update_scripts_classes | EnvironmentSurfaceLibrary
[  63% ] update_scripts_classes | NullspaceFluorescentFixture
[  66% ] update_scripts_classes | NullspaceM4ReferenceRoom
[  69% ] update_scripts_classes | SectionPlayer
[  72% ] update_scripts_classes | 
[  75% ] update_scripts_classes | SectionLightSwitch
[  77% ] update_scripts_classes | NullspaceSection
[  80% ] update_scripts_classes | 
[  83% ] update_scripts_classes | 
[  86% ] update_scripts_classes | CoreClockRestoreTests
[  88% ] update_scripts_classes | CoreRestoreContractTests
[  91% ] update_scripts_classes | 
[  94% ] update_scripts_classes | CoreStorageHardeningTests
[ DONE ] update_scripts_classes

[   0% ] _update_scan_actions | Started Aktionen scannen … (41 steps)
[   0% ] _update_scan_actions | baseboard_basecolor.png
[   2% ] _update_scan_actions | baseboard_normal.png
[   4% ] _update_scan_actions | baseboard_orm.png
[   7% ] _update_scan_actions | carpet_basecolor.png
[   9% ] _update_scan_actions | carpet_normal.png
[  11% ] _update_scan_actions | carpet_orm.png
[  14% ] _update_scan_actions | ceiling_basecolor.png
[  16% ] _update_scan_actions | ceiling_normal.png
[  19% ] _update_scan_actions | ceiling_orm.png
[  21% ] _update_scan_actions | diffuser_basecolor.png
[  23% ] _update_scan_actions | diffuser_normal.png
[  26% ] _update_scan_actions | diffuser_orm.png
[  28% ] _update_scan_actions | fixture_detail_basecolor.png
[  30% ] _update_scan_actions | fixture_detail_emission.png
[  33% ] _update_scan_actions | fixture_detail_normal.png
[  35% ] _update_scan_actions | fixture_detail_orm.png
[  38% ] _update_scan_actions | painted_metal_basecolor.png
[  40% ] _update_scan_actions | painted_metal_normal.png
[  42% ] _update_scan_actions | painted_metal_orm.png
[  45% ] _update_scan_actions | room_m4_macro.png
[  47% ] _update_scan_actions | wallpaper_basecolor.png
[  50% ] _update_scan_actions | wallpaper_normal.png
[  52% ] _update_scan_actions | wallpaper_orm.png
[  54% ] _update_scan_actions | ceiling_board_122.gltf
[  57% ] _update_scan_actions | ceiling_grid_122.gltf
[  59% ] _update_scan_actions | ceiling_grid_244.gltf
[  61% ] _update_scan_actions | column_061.gltf
[  64% ] _update_scan_actions | column_086.gltf
[  66% ] _update_scan_actions | cove_corner_090.gltf
[  69% ] _update_scan_actions | fixture_exposed.gltf
[  71% ] _update_scan_actions | fixture_prismatic.gltf
[  73% ] _update_scan_actions | floor_carpet_244.gltf
[  76% ] _update_scan_actions | room_m4_architecture.gltf
[  78% ] _update_scan_actions | wall_061.gltf
[  80% ] _update_scan_actions | wall_122.gltf
[  83% ] _update_scan_actions | wall_244.gltf
[  85% ] _update_scan_actions | wall_366.gltf
[  88% ] _update_scan_actions | wall_low_244.gltf
[  90% ] _update_scan_actions | wall_portal_244.gltf
[  92% ] _update_scan_actions | wall_portal_366.gltf
[  95% ] _update_scan_actions | wall_vent.gltf
[ DONE ] _update_scan_actions

[   0% ] reimport | Started Assets (erneut) importieren (41 steps)
[   0% ] reimport | Dateien zum Neuimport vorbereiten …
[   2% ] reimport | Dateien zum Neuimport vorbereiten …
[   4% ] reimport | Dateien zum Neuimport vorbereiten …
[   7% ] reimport | Dateien zum Neuimport vorbereiten …
[   9% ] reimport | Dateien zum Neuimport vorbereiten …
[  11% ] reimport | Dateien zum Neuimport vorbereiten …
[  14% ] reimport | Dateien zum Neuimport vorbereiten …
[  16% ] reimport | Dateien zum Neuimport vorbereiten …
[  19% ] reimport | Dateien zum Neuimport vorbereiten …
[  21% ] reimport | Dateien zum Neuimport vorbereiten …
[  23% ] reimport | Dateien zum Neuimport vorbereiten …
[  26% ] reimport | Dateien zum Neuimport vorbereiten …
[  28% ] reimport | Dateien zum Neuimport vorbereiten …
[  30% ] reimport | Dateien zum Neuimport vorbereiten …
[  33% ] reimport | Dateien zum Neuimport vorbereiten …
[  35% ] reimport | Dateien zum Neuimport vorbereiten …
[  38% ] reimport | Dateien zum Neuimport vorbereiten …
[  40% ] reimport | Dateien zum Neuimport vorbereiten …
[  42% ] reimport | Dateien zum Neuimport vorbereiten …
[  45% ] reimport | Dateien zum Neuimport vorbereiten …
[  47% ] reimport | Dateien zum Neuimport vorbereiten …
[  50% ] reimport | Dateien zum Neuimport vorbereiten …
[  52% ] reimport | Dateien zum Neuimport vorbereiten …
[  54% ] reimport | Dateien zum Neuimport vorbereiten …
[  57% ] reimport | Dateien zum Neuimport vorbereiten …
[  59% ] reimport | Dateien zum Neuimport vorbereiten …
[  61% ] reimport | Dateien zum Neuimport vorbereiten …
[  64% ] reimport | Dateien zum Neuimport vorbereiten …
[  66% ] reimport | Dateien zum Neuimport vorbereiten …
[  69% ] reimport | Dateien zum Neuimport vorbereiten …
[  71% ] reimport | Dateien zum Neuimport vorbereiten …
[  73% ] reimport | Dateien zum Neuimport vorbereiten …
[  76% ] reimport | Dateien zum Neuimport vorbereiten …
[  78% ] reimport | Dateien zum Neuimport vorbereiten …
[  80% ] reimport | Dateien zum Neuimport vorbereiten …
[  83% ] reimport | Dateien zum Neuimport vorbereiten …
[  85% ] reimport | Dateien zum Neuimport vorbereiten …
[  88% ] reimport | Dateien zum Neuimport vorbereiten …
[  90% ] reimport | Dateien zum Neuimport vorbereiten …
[  92% ] reimport | Dateien zum Neuimport vorbereiten …
[  95% ] reimport | Dateien zum Neuimport vorbereiten …
[   0% ] reimport | Vor-Neuimport-Operationen ausführen …
[   0% ] preload_reimporting_scene | Started Szenen zum Neuladen vorbereiten (1 steps)
[   0% ] preload_reimporting_scene | Szene [leer] wird analysiert
[  50% ] preload_reimporting_scene | Vorbereitung abgeschlossen.
[ DONE ] preload_reimporting_scene

[   0% ] reimport | wallpaper_orm.png
[   2% ] reimport | wallpaper_normal.png
[   4% ] reimport | wallpaper_basecolor.png
[   7% ] reimport | room_m4_macro.png
[   9% ] reimport | painted_metal_orm.png
[  11% ] reimport | painted_metal_normal.png
[  14% ] reimport | painted_metal_basecolor.png
[  16% ] reimport | fixture_detail_orm.png
[  19% ] reimport | fixture_detail_normal.png
[  21% ] reimport | fixture_detail_emission.png
[  23% ] reimport | fixture_detail_basecolor.png
[  23% ] reimport | fixture_detail_basecolor.png
[  23% ] reimport | fixture_detail_basecolor.png
[  26% ] reimport | baseboard_basecolor.png
[  28% ] reimport | baseboard_normal.png
[  30% ] reimport | baseboard_orm.png
[  33% ] reimport | carpet_basecolor.png
[  35% ] reimport | carpet_normal.png
[  35% ] reimport | carpet_normal.png
[  35% ] reimport | carpet_normal.png
[  38% ] reimport | carpet_orm.png
[  40% ] reimport | ceiling_basecolor.png
[  40% ] reimport | ceiling_basecolor.png
[  42% ] reimport | ceiling_normal.png
[  45% ] reimport | ceiling_orm.png
[  45% ] reimport | ceiling_orm.png
[  47% ] reimport | diffuser_basecolor.png
[  50% ] reimport | diffuser_normal.png
[  52% ] reimport | diffuser_orm.png
[  54% ] reimport | wall_vent.gltf
[   0% ] import | Started Szene importieren (104 steps)
[   0% ] import | Importiere Szene…
[   1% ] import | Eigenes Skript wird ausgeführt …
[  99% ] import | Speichern …
[ DONE ] import

[  57% ] reimport | wall_portal_366.gltf
[   0% ] import | Started Szene importieren (104 steps)
[   0% ] import | Importiere Szene…
[   1% ] import | Eigenes Skript wird ausgeführt …
[  99% ] import | Speichern …
[ DONE ] import

[  59% ] reimport | wall_portal_244.gltf
[   0% ] import | Started Szene importieren (104 steps)
[   0% ] import | Importiere Szene…
[   1% ] import | Eigenes Skript wird ausgeführt …
[  99% ] import | Speichern …
[ DONE ] import

[  61% ] reimport | wall_low_244.gltf
[   0% ] import | Started Szene importieren (104 steps)
[   0% ] import | Importiere Szene…
[   1% ] import | Eigenes Skript wird ausgeführt …
[  99% ] import | Speichern …
[ DONE ] import

[  64% ] reimport | wall_366.gltf
[   0% ] import | Started Szene importieren (104 steps)
[   0% ] import | Importiere Szene…
[   1% ] import | Eigenes Skript wird ausgeführt …
[  99% ] import | Speichern …
[ DONE ] import

[  66% ] reimport | wall_244.gltf
[   0% ] import | Started Szene importieren (104 steps)
[   0% ] import | Importiere Szene…
[   1% ] import | Eigenes Skript wird ausgeführt …
[  99% ] import | Speichern …
[ DONE ] import

[  69% ] reimport | wall_122.gltf
[   0% ] import | Started Szene importieren (104 steps)
[   0% ] import | Importiere Szene…
[   1% ] import | Eigenes Skript wird ausgeführt …
[  99% ] import | Speichern …
[ DONE ] import

[  71% ] reimport | wall_061.gltf
[   0% ] import | Started Szene importieren (104 steps)
[   0% ] import | Importiere Szene…
[   1% ] import | Eigenes Skript wird ausgeführt …
[  99% ] import | Speichern …
[ DONE ] import

[  73% ] reimport | room_m4_architecture.gltf
[   0% ] import | Started Szene importieren (104 steps)
[   0% ] import | Importiere Szene…
[   1% ] import | Eigenes Skript wird ausgeführt …
[  99% ] import | Speichern …
[ DONE ] import

[  76% ] reimport | floor_carpet_244.gltf
[   0% ] import | Started Szene importieren (104 steps)
[   0% ] import | Importiere Szene…
[   1% ] import | Eigenes Skript wird ausgeführt …
[  99% ] import | Speichern …
[ DONE ] import

[  78% ] reimport | fixture_prismatic.gltf
[   0% ] import | Started Szene importieren (104 steps)
[   0% ] import | Importiere Szene…
[   1% ] import | Eigenes Skript wird ausgeführt …
[  99% ] import | Speichern …
[ DONE ] import

[  80% ] reimport | fixture_exposed.gltf
[   0% ] import | Started Szene importieren (104 steps)
[   0% ] import | Importiere Szene…
[   1% ] import | Eigenes Skript wird ausgeführt …
[  99% ] import | Speichern …
[ DONE ] import

[  83% ] reimport | cove_corner_090.gltf
[   0% ] import | Started Szene importieren (104 steps)
[   0% ] import | Importiere Szene…
[   1% ] import | Eigenes Skript wird ausgeführt …
[  99% ] import | Speichern …
[ DONE ] import

[  85% ] reimport | column_086.gltf
[   0% ] import | Started Szene importieren (104 steps)
[   0% ] import | Importiere Szene…
[   1% ] import | Eigenes Skript wird ausgeführt …
[  99% ] import | Speichern …
[ DONE ] import

[  88% ] reimport | column_061.gltf
[   0% ] import | Started Szene importieren (104 steps)
[   0% ] import | Importiere Szene…
[   1% ] import | Eigenes Skript wird ausgeführt …
[  99% ] import | Speichern …
[ DONE ] import

[  90% ] reimport | ceiling_grid_244.gltf
[   0% ] import | Started Szene importieren (104 steps)
[   0% ] import | Importiere Szene…
[   1% ] import | Eigenes Skript wird ausgeführt …
[  99% ] import | Speichern …
[ DONE ] import

[  92% ] reimport | ceiling_grid_122.gltf
[   0% ] import | Started Szene importieren (104 steps)
[   0% ] import | Importiere Szene…
[   1% ] import | Eigenes Skript wird ausgeführt …
[  99% ] import | Speichern …
[ DONE ] import

[  95% ] reimport | ceiling_board_122.gltf
[   0% ] import | Started Szene importieren (104 steps)
[   0% ] import | Importiere Szene…
[   1% ] import | Eigenes Skript wird ausgeführt …
[  99% ] import | Speichern …
[ DONE ] import

[  97% ] reimport | Asset-Import fertigstellen …
[ DONE ] reimport

[   0% ] reimport | Started Assets (erneut) importieren (41 steps)
[   0% ] reimport | Nach-Neuimport-Operationen ausführen …
[ DONE ] reimport

[   0% ] loading_editor_layout | Started Editor laden (5 steps)
[   0% ] loading_editor_layout | Editor-Layout laden …
[  16% ] loading_editor_layout | Docks laden …
[ DONE ] loading_editor_layout

