Godot Engine v4.7.2.stable.official.ed1daf0bf - https://godotengine.org

[   0% ] first_scan_filesystem | Started Projektinitialisierung (5 steps)
[   0% ] first_scan_filesystem | Lese Dateistrucktur …
[  16% ] first_scan_filesystem | Globale Klassennamen laden …
[  33% ] first_scan_filesystem | Verifiziere GDExtensions…
[  50% ] first_scan_filesystem | Autoload-Skripte erzeugen …
[  66% ] first_scan_filesystem | Plugins initialisieren…
[  83% ] first_scan_filesystem | Dateiscan starten …
[ DONE ] first_scan_filesystem

[   0% ] savepack | Started Packe (102 steps)
[   1% ] savepack | Speichere Datei: res://.godot/imported/baseboard_basecolor.png-a49fe8429e89b4af933ea15583b03b56.bptc.ctex
[   1% ] savepack | Speichere Datei: res://assets/environment/textures/baseboard_basecolor.png.import
[   2% ] savepack | Speichere Datei: res://.godot/imported/baseboard_normal.png-cef0066713c2f96c64a11f8f12997f4e.s3tc.ctex
[   2% ] savepack | Speichere Datei: res://assets/environment/textures/baseboard_normal.png.import
[   3% ] savepack | Speichere Datei: res://.godot/imported/baseboard_orm.png-b6daf2f358a87c13ab14ab2939a68138.bptc.ctex
[   3% ] savepack | Speichere Datei: res://assets/environment/textures/baseboard_orm.png.import
[   4% ] savepack | Speichere Datei: res://.godot/imported/carpet_basecolor.png-28338427d014d5de5df3c4fe418e1698.bptc.ctex
[   4% ] savepack | Speichere Datei: res://assets/environment/textures/carpet_basecolor.png.import
[   5% ] savepack | Speichere Datei: res://.godot/imported/carpet_normal.png-6087c4da6264feef7e9a84fb33d21143.s3tc.ctex
[   5% ] savepack | Speichere Datei: res://assets/environment/textures/carpet_normal.png.import
[   6% ] savepack | Speichere Datei: res://.godot/imported/carpet_orm.png-9807bf9f410d246c00f41da47d3c013a.bptc.ctex
[   6% ] savepack | Speichere Datei: res://assets/environment/textures/carpet_orm.png.import
[   8% ] savepack | Speichere Datei: res://.godot/imported/ceiling_basecolor.png-fad29bb3238c955d78c56fd5680e194c.bptc.ctex
[   8% ] savepack | Speichere Datei: res://assets/environment/textures/ceiling_basecolor.png.import
[   9% ] savepack | Speichere Datei: res://.godot/imported/ceiling_normal.png-5806f4c7bc5621df28a5dc3996836176.s3tc.ctex
[   9% ] savepack | Speichere Datei: res://assets/environment/textures/ceiling_normal.png.import
[  10% ] savepack | Speichere Datei: res://.godot/imported/ceiling_orm.png-fe64f7c963ba2c80327626d115a9ca56.bptc.ctex
[  10% ] savepack | Speichere Datei: res://assets/environment/textures/ceiling_orm.png.import
[  11% ] savepack | Speichere Datei: res://.godot/imported/diffuser_basecolor.png-fd8e667013cfdcfcf0c22b8fc5e69a28.bptc.ctex
[  11% ] savepack | Speichere Datei: res://assets/environment/textures/diffuser_basecolor.png.import
[  12% ] savepack | Speichere Datei: res://.godot/imported/diffuser_normal.png-fe1cf6bc214a154881d45d87e2b6f754.s3tc.ctex
[  12% ] savepack | Speichere Datei: res://assets/environment/textures/diffuser_normal.png.import
[  13% ] savepack | Speichere Datei: res://.godot/imported/diffuser_orm.png-da238aa19dca35a0e322d0fe74ff0f66.bptc.ctex
[  13% ] savepack | Speichere Datei: res://assets/environment/textures/diffuser_orm.png.import
[  15% ] savepack | Speichere Datei: res://.godot/imported/fixture_detail_basecolor.png-056bf5c38d1a493f9705cdabfe18789f.bptc.ctex
[  15% ] savepack | Speichere Datei: res://assets/environment/textures/fixture_detail_basecolor.png.import
[  16% ] savepack | Speichere Datei: res://.godot/imported/fixture_detail_emission.png-d763d66fd76fd21946c9057adfb00980.bptc.ctex
[  16% ] savepack | Speichere Datei: res://assets/environment/textures/fixture_detail_emission.png.import
[  17% ] savepack | Speichere Datei: res://.godot/imported/fixture_detail_normal.png-b0a0fd13eec55a16bbe2035cbeac710c.s3tc.ctex
[  17% ] savepack | Speichere Datei: res://assets/environment/textures/fixture_detail_normal.png.import
[  18% ] savepack | Speichere Datei: res://.godot/imported/fixture_detail_orm.png-4f238058011c11a1f1d237174d02f43b.bptc.ctex
[  18% ] savepack | Speichere Datei: res://assets/environment/textures/fixture_detail_orm.png.import
[  19% ] savepack | Speichere Datei: res://assets/environment/textures/material_manifest.json
[  21% ] savepack | Speichere Datei: res://.godot/imported/painted_metal_basecolor.png-319da07c42356afd2eaffd060d06d332.bptc.ctex
[  21% ] savepack | Speichere Datei: res://assets/environment/textures/painted_metal_basecolor.png.import
[  22% ] savepack | Speichere Datei: res://.godot/imported/painted_metal_normal.png-a3ec1c1ffdd2746d9abb608b33c6445a.s3tc.ctex
[  22% ] savepack | Speichere Datei: res://assets/environment/textures/painted_metal_normal.png.import
[  23% ] savepack | Speichere Datei: res://.godot/imported/painted_metal_orm.png-a2161089307e56d61a18278c46d5fe53.bptc.ctex
[  23% ] savepack | Speichere Datei: res://assets/environment/textures/painted_metal_orm.png.import
[  24% ] savepack | Speichere Datei: res://.godot/imported/room_m4_macro.png-d0637167a0e912984ac2ba5932049c8b.bptc.ctex
[  24% ] savepack | Speichere Datei: res://assets/environment/textures/room_m4_macro.png.import
[  25% ] savepack | Speichere Datei: res://.godot/imported/wallpaper_basecolor.png-220f3ea937eb89330ed8e88c9275f6ab.bptc.ctex
[  25% ] savepack | Speichere Datei: res://assets/environment/textures/wallpaper_basecolor.png.import
[  26% ] savepack | Speichere Datei: res://.godot/imported/wallpaper_normal.png-6694747282e671da487d06ec104771bc.s3tc.ctex
[  26% ] savepack | Speichere Datei: res://assets/environment/textures/wallpaper_normal.png.import
[  28% ] savepack | Speichere Datei: res://.godot/imported/wallpaper_orm.png-4a757ce898b9b342a2b8365b43205e67.bptc.ctex
[  28% ] savepack | Speichere Datei: res://assets/environment/textures/wallpaper_orm.png.import
[  29% ] savepack | Speichere Datei: res://.godot/imported/ceiling_board_122.gltf-c7c974e42b35ea2322e28952ab5bf161.scn
[  29% ] savepack | Speichere Datei: res://assets/environment/ceiling_board_122.gltf.import
[  30% ] savepack | Speichere Datei: res://.godot/imported/ceiling_grid_122.gltf-feec261fcf9c5b1e06df2474672745ad.scn
[  30% ] savepack | Speichere Datei: res://assets/environment/ceiling_grid_122.gltf.import
[  31% ] savepack | Speichere Datei: res://.godot/imported/ceiling_grid_244.gltf-2c010fb494d633d7dbf8856ff2197fc0.scn
[  31% ] savepack | Speichere Datei: res://assets/environment/ceiling_grid_244.gltf.import
[  32% ] savepack | Speichere Datei: res://.godot/imported/column_061.gltf-61023e389822492d36fe01b95aa6f0c8.scn
[  32% ] savepack | Speichere Datei: res://assets/environment/column_061.gltf.import
[  33% ] savepack | Speichere Datei: res://.godot/imported/column_086.gltf-b664732c20242811dfaefb9cda8bc0b7.scn
[  33% ] savepack | Speichere Datei: res://assets/environment/column_086.gltf.import
[  34% ] savepack | Speichere Datei: res://.godot/imported/cove_corner_090.gltf-d5227da02955eef994bf5f8ae374cdbd.scn
[  34% ] savepack | Speichere Datei: res://assets/environment/cove_corner_090.gltf.import
[  35% ] savepack | Speichere Datei: res://assets/environment/environment_manifest.json
[  36% ] savepack | Speichere Datei: res://.godot/imported/fixture_exposed.gltf-01e661c8be58fbfc9973bc94f3c13c00.scn
[  36% ] savepack | Speichere Datei: res://assets/environment/fixture_exposed.gltf.import
[  37% ] savepack | Speichere Datei: res://.godot/imported/fixture_prismatic.gltf-b81b4f48764ea1a58a577222c09629bb.scn
[  37% ] savepack | Speichere Datei: res://assets/environment/fixture_prismatic.gltf.import
[  38% ] savepack | Speichere Datei: res://.godot/imported/floor_carpet_244.gltf-467856c1e2b6ba9315b01e24ac69abe8.scn
[  38% ] savepack | Speichere Datei: res://assets/environment/floor_carpet_244.gltf.import
[  40% ] savepack | Speichere Datei: res://assets/environment/provenance.json
[  41% ] savepack | Speichere Datei: res://.godot/imported/room_m4_architecture.gltf-840778a0fe3c0317d38bb2fdb8068f60.scn
[  41% ] savepack | Speichere Datei: res://assets/environment/room_m4_architecture.gltf.import
[  42% ] savepack | Speichere Datei: res://.godot/imported/wall_061.gltf-59d08e5b04523555b494210e38c532b7.scn
[  42% ] savepack | Speichere Datei: res://assets/environment/wall_061.gltf.import
[  43% ] savepack | Speichere Datei: res://.godot/imported/wall_122.gltf-dc88088e41575b96fe5f0a99a49f1e10.scn
[  43% ] savepack | Speichere Datei: res://assets/environment/wall_122.gltf.import
[  44% ] savepack | Speichere Datei: res://.godot/imported/wall_244.gltf-b960153837a6510c6bb41647fc49b586.scn
[  44% ] savepack | Speichere Datei: res://assets/environment/wall_244.gltf.import
[  45% ] savepack | Speichere Datei: res://.godot/imported/wall_366.gltf-503e882c144e5b8898473c34af0e3713.scn
[  45% ] savepack | Speichere Datei: res://assets/environment/wall_366.gltf.import
[  47% ] savepack | Speichere Datei: res://.godot/imported/wall_low_244.gltf-52031f66973db35056cdbfa22010b505.scn
[  47% ] savepack | Speichere Datei: res://assets/environment/wall_low_244.gltf.import
[  48% ] savepack | Speichere Datei: res://.godot/imported/wall_portal_244.gltf-fb4451a8f05755eff42f84971ad73f93.scn
[  48% ] savepack | Speichere Datei: res://assets/environment/wall_portal_244.gltf.import
[  49% ] savepack | Speichere Datei: res://.godot/imported/wall_portal_366.gltf-d3438100aaf556e7313b8a5baba5269a.scn
[  49% ] savepack | Speichere Datei: res://assets/environment/wall_portal_366.gltf.import
[  50% ] savepack | Speichere Datei: res://.godot/imported/wall_vent.gltf-2957430d96c3284ddb1fec3cf8dfb95c.scn
[  50% ] savepack | Speichere Datei: res://assets/environment/wall_vent.gltf.import
[  51% ] savepack | Speichere Datei: res://core/config/game_tuning.gdc
[  52% ] savepack | Speichere Datei: res://core/config/quality_profile.gdc
[  54% ] savepack | Speichere Datei: res://core/events/event_hub.gdc
[  55% ] savepack | Speichere Datei: res://core/events/perception_observation.gdc
[  56% ] savepack | Speichere Datei: res://core/events/shot_event.gdc
[  57% ] savepack | Speichere Datei: res://core/events/shot_hit.gdc
[  58% ] savepack | Speichere Datei: res://core/events/sound_event.gdc
[  60% ] savepack | Speichere Datei: res://core/flow/game_flow.gdc
[  61% ] savepack | Speichere Datei: res://core/input/input_gate.gdc
[  62% ] savepack | Speichere Datei: res://core/persistence/atomic_json_store.gdc
[  63% ] savepack | Speichere Datei: res://core/persistence/checkpoint_restore_participant.gdc
[  64% ] savepack | Speichere Datei: res://core/persistence/checkpoint_system.gdc
[  65% ] savepack | Speichere Datei: res://core/persistence/restore_barrier.gdc
[  66% ] savepack | Speichere Datei: res://core/persistence/restore_context.gdc
[  67% ] savepack | Speichere Datei: res://core/persistence/save_system.gdc
[  68% ] savepack | Speichere Datei: res://core/persistence/snapshot_schema.gdc
[  69% ] savepack | Speichere Datei: res://core/persistence/storage_result.gdc
[  70% ] savepack | Speichere Datei: res://core/settings/settings_manager.gdc
[  71% ] savepack | Speichere Datei: res://core/settings/settings_schema.gdc
[  73% ] savepack | Speichere Datei: res://core/telemetry/telemetry.gdc
[  74% ] savepack | Speichere Datei: res://core/time/simulation_clock.gdc
[  75% ] savepack | Speichere Datei: res://core/time/simulation_stamp.gdc
[  76% ] savepack | Speichere Datei: res://.godot/exported/133200997/export-b7e868376ec453a2144346124b0b2d96-high.res
[  77% ] savepack | Speichere Datei: res://.godot/exported/133200997/export-82f8b0ce203af5d262ba21c648706356-low.res
[  79% ] savepack | Speichere Datei: res://.godot/exported/133200997/export-d45564cfb3f0652718ac2f786283c725-medium.res
[  80% ] savepack | Speichere Datei: res://.godot/exported/133200997/export-4281724c42e380fb4d19b54d18b61553-ultra.res
[  81% ] savepack | Speichere Datei: res://.godot/exported/133200997/export-911868316ba78034388a155067a74f01-default_tuning.res
[  82% ] savepack | Speichere Datei: res://environment/environment_surface.gdshader
[  83% ] savepack | Speichere Datei: res://environment/environment_surface_library.gdc
[  84% ] savepack | Speichere Datei: res://environment/fluorescent_fixture.gdc
[  86% ] savepack | Speichere Datei: res://environment/m4_reference_room.gdc
[  87% ] savepack | Speichere Datei: res://.godot/exported/133200997/export-fd0dcb20f6e26ee10acab729b15d74aa-m4_reference_room.scn
[  88% ] savepack | Speichere Datei: res://player/player.gdc
[  89% ] savepack | Speichere Datei: res://.godot/exported/133200997/export-753d15e03e0182f9d550ac833b42bb41-player.scn
[  90% ] savepack | Speichere Datei: res://scenes/bootstrap/diagnostic_boot.gdc
[  91% ] savepack | Speichere Datei: res://.godot/exported/133200997/export-2fa2511b19fe1a51ac7deda7bea31ad7-diagnostic_boot.scn
[  93% ] savepack | Speichere Datei: res://section/light_switch.gdc
[  94% ] savepack | Speichere Datei: res://section/section.gdc
[  95% ] savepack | Speichere Datei: res://.godot/exported/133200997/export-9672609a223ad1b65595262dd6dd3b72-section.scn
[  96% ] savepack | Speichere Datei: res://section/section_menu.gdc
[  97% ] savepack | Speichere Datei: res://.godot/exported/133200997/export-19246414aa9fb561ced4b8dce477acec-default_bus_layout.res
[  97% ] savepack | Speichere Datei: res://core/config/game_tuning.gd.remap
[  97% ] savepack | Speichere Datei: res://core/config/quality_profile.gd.remap
[  97% ] savepack | Speichere Datei: res://core/events/event_hub.gd.remap
[  97% ] savepack | Speichere Datei: res://core/events/perception_observation.gd.remap
[  97% ] savepack | Speichere Datei: res://core/events/shot_event.gd.remap
[  97% ] savepack | Speichere Datei: res://core/events/shot_hit.gd.remap
[  97% ] savepack | Speichere Datei: res://core/events/sound_event.gd.remap
[  97% ] savepack | Speichere Datei: res://core/flow/game_flow.gd.remap
[  97% ] savepack | Speichere Datei: res://core/input/input_gate.gd.remap
[  97% ] savepack | Speichere Datei: res://core/persistence/atomic_json_store.gd.remap
[  97% ] savepack | Speichere Datei: res://core/persistence/checkpoint_restore_participant.gd.remap
[  97% ] savepack | Speichere Datei: res://core/persistence/checkpoint_system.gd.remap
[  97% ] savepack | Speichere Datei: res://core/persistence/restore_barrier.gd.remap
[  97% ] savepack | Speichere Datei: res://core/persistence/restore_context.gd.remap
[  97% ] savepack | Speichere Datei: res://core/persistence/save_system.gd.remap
[  97% ] savepack | Speichere Datei: res://core/persistence/snapshot_schema.gd.remap
[  97% ] savepack | Speichere Datei: res://core/persistence/storage_result.gd.remap
[  97% ] savepack | Speichere Datei: res://core/settings/settings_manager.gd.remap
[  97% ] savepack | Speichere Datei: res://core/settings/settings_schema.gd.remap
[  97% ] savepack | Speichere Datei: res://core/telemetry/telemetry.gd.remap
[  97% ] savepack | Speichere Datei: res://core/time/simulation_clock.gd.remap
[  97% ] savepack | Speichere Datei: res://core/time/simulation_stamp.gd.remap
[  97% ] savepack | Speichere Datei: res://data/quality/high.tres.remap
[  97% ] savepack | Speichere Datei: res://data/quality/low.tres.remap
[  97% ] savepack | Speichere Datei: res://data/quality/medium.tres.remap
[  97% ] savepack | Speichere Datei: res://data/quality/ultra.tres.remap
[  97% ] savepack | Speichere Datei: res://data/default_tuning.tres.remap
[  97% ] savepack | Speichere Datei: res://environment/environment_surface_library.gd.remap
[  97% ] savepack | Speichere Datei: res://environment/fluorescent_fixture.gd.remap
[  97% ] savepack | Speichere Datei: res://environment/m4_reference_room.gd.remap
[  97% ] savepack | Speichere Datei: res://environment/m4_reference_room.tscn.remap
[  97% ] savepack | Speichere Datei: res://player/player.gd.remap
[  97% ] savepack | Speichere Datei: res://player/player.tscn.remap
[  97% ] savepack | Speichere Datei: res://scenes/bootstrap/diagnostic_boot.gd.remap
[  97% ] savepack | Speichere Datei: res://scenes/bootstrap/diagnostic_boot.tscn.remap
[  97% ] savepack | Speichere Datei: res://section/light_switch.gd.remap
[  97% ] savepack | Speichere Datei: res://section/section.gd.remap
[  97% ] savepack | Speichere Datei: res://section/section.tscn.remap
[  97% ] savepack | Speichere Datei: res://section/section_menu.gd.remap
[  97% ] savepack | Speichere Datei: res://default_bus_layout.tres.remap
[  97% ] savepack | Speichere Datei: res://.godot/global_script_class_cache.cfg
[  97% ] savepack | Speichere Datei: res://.godot/uid_cache.bin
[  97% ] savepack | Speichere Datei: res://project.binary
[ DONE ] savepack

